  Threads set to 1 by Python driver.

*** tstart() called on DESKTOP-1OTU84N
*** at Wed Nov 20 14:57:31 2019

   => Loading Basis Set <=

    Name: STO-3G
    Role: ORBITAL
    Keyword: BASIS
    atoms 1   entry C          line    61 file /home/wderricotte/src/psi4conda/share/psi4/basis/sto-3g.gbs 
    atoms 2-3 entry O          line    81 file /home/wderricotte/src/psi4conda/share/psi4/basis/sto-3g.gbs 
    atoms 4-5 entry H          line    19 file /home/wderricotte/src/psi4conda/share/psi4/basis/sto-3g.gbs 


         ---------------------------------------------------------
                                   SCF
               by Justin Turney, Rob Parrish, Andy Simmonett
                          and Daniel G. A. Smith
                              RHF Reference
                        1 Threads,    500 MiB Core
         ---------------------------------------------------------

  ==> Geometry <==

    Molecular point group: c1
    Full point group: C1

    Geometry (in Angstrom), charge = 0, multiplicity = 1:

       Center              X                  Y                   Z               Mass       
    ------------   -----------------  -----------------  -----------------  -----------------
         C            0.022436033042     0.029157182215    -0.003969480646    12.000000000000
         O           -1.128853093498    -0.242157766124    -0.029768852179    15.994914619570
         O            1.103745387569     0.503376907275    -0.021672317727    15.994914619570
         H            0.432754114065    -2.304534469317     0.467681362372     1.007825032230
         H           -0.301418602559    -2.188372435617     0.395991259836     1.007825032230

  Running in c1 symmetry.

  Rotational constants: A =      1.67117  B =      0.36930  C =      0.30246 [cm^-1]
  Rotational constants: A =  50100.35780  B =  11071.30234  C =   9067.53568 [MHz]
  Nuclear repulsion =   67.181860453111895

  Charge       = 0
  Multiplicity = 1
  Electrons    = 24
  Nalpha       = 12
  Nbeta        = 12

  ==> Algorithm <==

  SCF Algorithm Type is DF.
  DIIS enabled.
  MOM disabled.
  Fractional occupation disabled.
  Guess Type is SAD.
  Energy threshold   = 1.00e-06
  Density threshold  = 1.00e-06
  Integral threshold = 0.00e+00

  ==> Primary Basis <==

  Basis Set: STO-3G
    Blend: STO-3G
    Number of shells: 11
    Number of basis function: 17
    Number of Cartesian functions: 17
    Spherical Harmonics?: true
    Max angular momentum: 1

   => Loading Basis Set <=

    Name: (STO-3G AUX)
    Role: JKFIT
    Keyword: DF_BASIS_SCF
    atoms 1   entry C          line   203 file /home/wderricotte/src/psi4conda/share/psi4/basis/def2-svp-jkfit.gbs 
    atoms 2-3 entry O          line   323 file /home/wderricotte/src/psi4conda/share/psi4/basis/def2-svp-jkfit.gbs 
    atoms 4-5 entry H          line    23 file /home/wderricotte/src/psi4conda/share/psi4/basis/def2-svp-jkfit.gbs 

  ==> Pre-Iterations <==

   -------------------------------------------------------
    Irrep   Nso     Nmo     Nalpha   Nbeta   Ndocc  Nsocc
   -------------------------------------------------------
     A         17      17       0       0       0       0
   -------------------------------------------------------
    Total      17      17      12      12      12       0
   -------------------------------------------------------

  ==> Integral Setup <==

  DFHelper Memory: AOs need 0.001 GiB; user supplied 0.366 GiB. Using in-core AOs.

  ==> MemDFJK: Density-Fitted J/K Matrices <==

    J tasked:                   Yes
    K tasked:                   Yes
    wK tasked:                   No
    OpenMP threads:               1
    Memory [MiB]:               375
    Algorithm:                 Core
    Schwarz Cutoff:           1E-12
    Mask sparsity (%):       0.6920
    Fitting Condition:        1E-10

   => Auxiliary Basis Set <=

  Basis Set: (STO-3G AUX)
    Blend: DEF2-SVP-JKFIT
    Number of shells: 87
    Number of basis function: 265
    Number of Cartesian functions: 315
    Spherical Harmonics?: true
    Max angular momentum: 4

  Minimum eigenvalue in the overlap matrix is 1.9164263824E-01.
  Using Symmetric Orthogonalization.

  SCF Guess: Superposition of Atomic Densities via on-the-fly atomic UHF.

  ==> Iterations <==

                           Total Energy        Delta E     RMS |[F,P]|

   @DF-RHF iter SAD:  -184.40740828576509   -1.84407e+02   0.00000e+00 
   @DF-RHF iter   1:  -186.01353078496834   -1.60612e+00   3.09447e-02 DIIS
   @DF-RHF iter   2:  -186.12970578073265   -1.16175e-01   1.67887e-02 DIIS
   @DF-RHF iter   3:  -186.17276886151089   -4.30631e-02   9.71930e-04 DIIS
   @DF-RHF iter   4:  -186.17309030478029   -3.21443e-04   2.14213e-04 DIIS
   @DF-RHF iter   5:  -186.17310359695816   -1.32922e-05   6.59479e-05 DIIS
   @DF-RHF iter   6:  -186.17310437976175   -7.82804e-07   3.30461e-05 DIIS
   @DF-RHF iter   7:  -186.17310463040457   -2.50643e-07   7.66130e-06 DIIS
   @DF-RHF iter   8:  -186.17310469638451   -6.59799e-08   3.43273e-06 DIIS
   @DF-RHF iter   9:  -186.17310471241706   -1.60325e-08   3.43704e-07 DIIS
  Energy and wave function converged.


  ==> Post-Iterations <==

    Orbital Energies [Eh]
    ---------------------

    Doubly Occupied:                                                      

       1A    -20.360508     2A    -20.353397     3A    -11.265567  
       4A     -1.439284     5A     -1.371785     6A     -0.682099  
       7A     -0.652645     8A     -0.625246     9A     -0.585250  
      10A     -0.562080    11A     -0.388853    12A     -0.388803  

    Virtual:                                                              

      13A      0.302695    14A      0.313970    15A      0.566222  
      16A      0.657897    17A      1.310583  

    Final Occupation by Irrep:
              A 
    DOCC [    12 ]

  @DF-RHF Final Energy:  -186.17310471241706

   => Energetics <=

    Nuclear Repulsion Energy =             67.1818604531118950
    One-Electron Energy =                -389.3588971300830508
    Two-Electron Energy =                 136.0039319645541127
    Total Energy =                       -186.1731047124170573

Computation Completed


Properties will be evaluated at   0.000000,   0.000000,   0.000000 [a0]

Properties computed using the SCF density matrix

  Nuclear Dipole Moment: [e a0]
     X:     0.1230      Y:    -4.2107      Z:     0.8094

  Electronic Dipole Moment: [e a0]
     X:    -0.0916      Y:     4.1318      Z:    -0.7922

  Dipole Moment: [e a0]
     X:     0.0314      Y:    -0.0789      Z:     0.0172     Total:     0.0867

  Dipole Moment: [D]
     X:     0.0798      Y:    -0.2006      Z:     0.0438     Total:     0.2203


*** tstop() called on DESKTOP-1OTU84N at Wed Nov 20 14:57:32 2019
Module time:
	user time   =       0.67 seconds =       0.01 minutes
	system time =       0.03 seconds =       0.00 minutes
	total time  =          1 seconds =       0.02 minutes
Total time:
	user time   =       4.05 seconds =       0.07 minutes
	system time =       0.28 seconds =       0.00 minutes
	total time  =          5 seconds =       0.08 minutes
