  Threads set to 1 by Python driver.

*** tstart() called on DESKTOP-1OTU84N
*** at Sat Nov 30 12:32:21 2019

   => Loading Basis Set <=

    Name: STO-3G
    Role: ORBITAL
    Keyword: BASIS
    atoms 1   entry C          line    61 file /home/wderricotte/src/psi4conda/share/psi4/basis/sto-3g.gbs 
    atoms 2-3 entry O          line    81 file /home/wderricotte/src/psi4conda/share/psi4/basis/sto-3g.gbs 
    atoms 4-5 entry H          line    19 file /home/wderricotte/src/psi4conda/share/psi4/basis/sto-3g.gbs 


         ---------------------------------------------------------
                                   SCF
               by Justin Turney, Rob Parrish, Andy Simmonett
                          and Daniel G. A. Smith
                              RHF Reference
                        1 Threads,    500 MiB Core
         ---------------------------------------------------------

  ==> Geometry <==

    Molecular point group: c1
    Full point group: C1

    Geometry (in Angstrom), charge = 0, multiplicity = 1:

       Center              X                  Y                   Z               Mass       
    ------------   -----------------  -----------------  -----------------  -----------------
         C            0.009489166980     0.066065687002    -0.011888455993    12.000000000000
         O           -1.131112993741    -0.246998799809    -0.028989980772    15.994914619570
         O            1.110950904926     0.492747698295    -0.019155470953    15.994914619570
         H            0.468950048725    -2.409345891316     0.490028592038     1.007825032230
         H           -0.261948953594    -2.277500279509     0.415628473816     1.007825032230

  Running in c1 symmetry.

  Rotational constants: A =      1.52844  B =      0.36731  C =      0.29614 [cm^-1]
  Rotational constants: A =  45821.47251  B =  11011.71002  C =   8878.13679 [MHz]
  Nuclear repulsion =   66.774847806547498

  Charge       = 0
  Multiplicity = 1
  Electrons    = 24
  Nalpha       = 12
  Nbeta        = 12

  ==> Algorithm <==

  SCF Algorithm Type is DF.
  DIIS enabled.
  MOM disabled.
  Fractional occupation disabled.
  Guess Type is SAD.
  Energy threshold   = 1.00e-06
  Density threshold  = 1.00e-06
  Integral threshold = 0.00e+00

  ==> Primary Basis <==

  Basis Set: STO-3G
    Blend: STO-3G
    Number of shells: 11
    Number of basis function: 17
    Number of Cartesian functions: 17
    Spherical Harmonics?: true
    Max angular momentum: 1

   => Loading Basis Set <=

    Name: (STO-3G AUX)
    Role: JKFIT
    Keyword: DF_BASIS_SCF
    atoms 1   entry C          line   203 file /home/wderricotte/src/psi4conda/share/psi4/basis/def2-svp-jkfit.gbs 
    atoms 2-3 entry O          line   323 file /home/wderricotte/src/psi4conda/share/psi4/basis/def2-svp-jkfit.gbs 
    atoms 4-5 entry H          line    23 file /home/wderricotte/src/psi4conda/share/psi4/basis/def2-svp-jkfit.gbs 

  ==> Pre-Iterations <==

   -------------------------------------------------------
    Irrep   Nso     Nmo     Nalpha   Nbeta   Ndocc  Nsocc
   -------------------------------------------------------
     A         17      17       0       0       0       0
   -------------------------------------------------------
    Total      17      17      12      12      12       0
   -------------------------------------------------------

  ==> Integral Setup <==

  DFHelper Memory: AOs need 0.001 GiB; user supplied 0.366 GiB. Using in-core AOs.

  ==> MemDFJK: Density-Fitted J/K Matrices <==

    J tasked:                   Yes
    K tasked:                   Yes
    wK tasked:                   No
    OpenMP threads:               1
    Memory [MiB]:               375
    Algorithm:                 Core
    Schwarz Cutoff:           1E-12
    Mask sparsity (%):       0.6920
    Fitting Condition:        1E-10

   => Auxiliary Basis Set <=

  Basis Set: (STO-3G AUX)
    Blend: DEF2-SVP-JKFIT
    Number of shells: 87
    Number of basis function: 265
    Number of Cartesian functions: 315
    Spherical Harmonics?: true
    Max angular momentum: 4

  Minimum eigenvalue in the overlap matrix is 1.9017979174E-01.
  Using Symmetric Orthogonalization.

  SCF Guess: Superposition of Atomic Densities via on-the-fly atomic UHF.

  ==> Iterations <==

                           Total Energy        Delta E     RMS |[F,P]|

   @DF-RHF iter SAD:  -184.40102077992952   -1.84401e+02   0.00000e+00 
   @DF-RHF iter   1:  -186.02115072728691   -1.62013e+00   3.07886e-02 DIIS
   @DF-RHF iter   2:  -186.13624246211037   -1.15092e-01   1.65570e-02 DIIS
   @DF-RHF iter   3:  -186.17818226163456   -4.19398e-02   9.50139e-04 DIIS
   @DF-RHF iter   4:  -186.17848599359996   -3.03732e-04   2.09686e-04 DIIS
   @DF-RHF iter   5:  -186.17849880772562   -1.28141e-05   3.94073e-05 DIIS
   @DF-RHF iter   6:  -186.17849915762747   -3.49902e-07   1.76094e-05 DIIS
   @DF-RHF iter   7:  -186.17849921857788   -6.09504e-08   4.74459e-06 DIIS
   @DF-RHF iter   8:  -186.17849923932832   -2.07504e-08   2.49516e-06 DIIS
   @DF-RHF iter   9:  -186.17849924804017   -8.71185e-09   2.26656e-07 DIIS
  Energy and wave function converged.


  ==> Post-Iterations <==

    Orbital Energies [Eh]
    ---------------------

    Doubly Occupied:                                                      

       1A    -20.359852     2A    -20.355256     3A    -11.265683  
       4A     -1.438382     5A     -1.372535     6A     -0.681644  
       7A     -0.644619     8A     -0.625153     9A     -0.585579  
      10A     -0.568120    11A     -0.389056    12A     -0.389011  

    Virtual:                                                              

      13A      0.310803    14A      0.314083    15A      0.551121  
      16A      0.659096    17A      1.320246  

    Final Occupation by Irrep:
              A 
    DOCC [    12 ]

  @DF-RHF Final Energy:  -186.17849924804017

   => Energetics <=

    Nuclear Repulsion Energy =             66.7748478065474984
    One-Electron Energy =                -388.5569138022229936
    Two-Electron Energy =                 135.6035667476353410
    Total Energy =                       -186.1784992480401684

Computation Completed


Properties will be evaluated at   0.000000,   0.000000,   0.000000 [a0]

Properties computed using the SCF density matrix

  Nuclear Dipole Moment: [e a0]
     X:     0.1940      Y:    -4.3926      Z:     0.8488

  Electronic Dipole Moment: [e a0]
     X:    -0.1777      Y:     4.3561      Z:    -0.8407

  Dipole Moment: [e a0]
     X:     0.0163      Y:    -0.0365      Z:     0.0081     Total:     0.0408

  Dipole Moment: [D]
     X:     0.0414      Y:    -0.0928      Z:     0.0206     Total:     0.1037


*** tstop() called on DESKTOP-1OTU84N at Sat Nov 30 12:32:23 2019
Module time:
	user time   =       1.44 seconds =       0.02 minutes
	system time =       0.12 seconds =       0.00 minutes
	total time  =          2 seconds =       0.03 minutes
Total time:
	user time   =       5.93 seconds =       0.10 minutes
	system time =       0.42 seconds =       0.01 minutes
	total time  =          8 seconds =       0.13 minutes
