  Threads set to 1 by Python driver.

*** tstart() called on DESKTOP-1OTU84N
*** at Tue Dec  3 15:00:25 2019

   => Loading Basis Set <=

    Name: STO-3G
    Role: ORBITAL
    Keyword: BASIS
    atoms 1   entry C          line    61 file /home/wderricotte/src/psi4conda/share/psi4/basis/sto-3g.gbs 
    atoms 2-3 entry O          line    81 file /home/wderricotte/src/psi4conda/share/psi4/basis/sto-3g.gbs 
    atoms 4-5 entry H          line    19 file /home/wderricotte/src/psi4conda/share/psi4/basis/sto-3g.gbs 


         ---------------------------------------------------------
                                   SCF
               by Justin Turney, Rob Parrish, Andy Simmonett
                          and Daniel G. A. Smith
                              RHF Reference
                        1 Threads,    500 MiB Core
         ---------------------------------------------------------

  ==> Geometry <==

    Molecular point group: c1
    Full point group: C1

    Geometry (in Angstrom), charge = 0, multiplicity = 1:

       Center              X                  Y                   Z               Mass       
    ------------   -----------------  -----------------  -----------------  -----------------
         C            0.075300088647    -0.085732944180     0.021516147416    12.000000000000
         O           -1.133998832875    -0.235997069310    -0.031314838413    15.994914619570
         O            1.085964867946     0.536407933316    -0.029179973920    15.994914619570
         H            0.306197117216    -1.933236543507     0.388597288080     1.007825032230
         H           -0.440448491791    -1.813694391572     0.315310202344     1.007825032230

  Running in c1 symmetry.

  Rotational constants: A =      2.33844  B =      0.37024  C =      0.31963 [cm^-1]
  Rotational constants: A =  70104.74454  B =  11099.57293  C =   9582.40596 [MHz]
  Nuclear repulsion =   68.113705733834180

  Charge       = 0
  Multiplicity = 1
  Electrons    = 24
  Nalpha       = 12
  Nbeta        = 12

  ==> Algorithm <==

  SCF Algorithm Type is DF.
  DIIS enabled.
  MOM disabled.
  Fractional occupation disabled.
  Guess Type is SAD.
  Energy threshold   = 1.00e-06
  Density threshold  = 1.00e-06
  Integral threshold = 0.00e+00

  ==> Primary Basis <==

  Basis Set: STO-3G
    Blend: STO-3G
    Number of shells: 11
    Number of basis function: 17
    Number of Cartesian functions: 17
    Spherical Harmonics?: true
    Max angular momentum: 1

   => Loading Basis Set <=

    Name: (STO-3G AUX)
    Role: JKFIT
    Keyword: DF_BASIS_SCF
    atoms 1   entry C          line   203 file /home/wderricotte/src/psi4conda/share/psi4/basis/def2-svp-jkfit.gbs 
    atoms 2-3 entry O          line   323 file /home/wderricotte/src/psi4conda/share/psi4/basis/def2-svp-jkfit.gbs 
    atoms 4-5 entry H          line    23 file /home/wderricotte/src/psi4conda/share/psi4/basis/def2-svp-jkfit.gbs 

  ==> Pre-Iterations <==

   -------------------------------------------------------
    Irrep   Nso     Nmo     Nalpha   Nbeta   Ndocc  Nsocc
   -------------------------------------------------------
     A         17      17       0       0       0       0
   -------------------------------------------------------
    Total      17      17      12      12      12       0
   -------------------------------------------------------

  ==> Integral Setup <==

  DFHelper Memory: AOs need 0.001 GiB; user supplied 0.366 GiB. Using in-core AOs.

  ==> MemDFJK: Density-Fitted J/K Matrices <==

    J tasked:                   Yes
    K tasked:                   Yes
    wK tasked:                   No
    OpenMP threads:               1
    Memory [MiB]:               375
    Algorithm:                 Core
    Schwarz Cutoff:           1E-12
    Mask sparsity (%):       0.6920
    Fitting Condition:        1E-10

   => Auxiliary Basis Set <=

  Basis Set: (STO-3G AUX)
    Blend: DEF2-SVP-JKFIT
    Number of shells: 87
    Number of basis function: 265
    Number of Cartesian functions: 315
    Spherical Harmonics?: true
    Max angular momentum: 4

  Minimum eigenvalue in the overlap matrix is 2.1354501416E-01.
  Using Symmetric Orthogonalization.

  SCF Guess: Superposition of Atomic Densities via on-the-fly atomic UHF.

  ==> Iterations <==

                           Total Energy        Delta E     RMS |[F,P]|

   @DF-RHF iter SAD:  -184.35514775775471   -1.84355e+02   0.00000e+00 
   @DF-RHF iter   1:  -185.92304613683677   -1.56790e+00   3.34995e-02 DIIS
   @DF-RHF iter   2:  -186.05151853908143   -1.28472e-01   2.09207e-02 DIIS
   @DF-RHF iter   3:  -186.11850807470111   -6.69895e-02   1.52367e-03 DIIS
   @DF-RHF iter   4:  -186.11910165166842   -5.93577e-04   1.00408e-03 DIIS
   @DF-RHF iter   5:  -186.11931867468996   -2.17023e-04   2.12514e-04 DIIS
   @DF-RHF iter   6:  -186.11933883757789   -2.01629e-05   6.93194e-05 DIIS
   @DF-RHF iter   7:  -186.11934341008254   -4.57250e-06   3.81030e-05 DIIS
   @DF-RHF iter   8:  -186.11934555545946   -2.14538e-06   9.74464e-06 DIIS
   @DF-RHF iter   9:  -186.11934565047460   -9.50151e-08   2.12562e-06 DIIS
   @DF-RHF iter  10:  -186.11934565321471   -2.74011e-09   3.98631e-07 DIIS
  Energy and wave function converged.


  ==> Post-Iterations <==

    Orbital Energies [Eh]
    ---------------------

    Doubly Occupied:                                                      

       1A    -20.371997     2A    -20.318029     3A    -11.260574  
       4A     -1.432339     5A     -1.348722     6A     -0.705954  
       7A     -0.675131     8A     -0.612595     9A     -0.575944  
      10A     -0.507864    11A     -0.379878    12A     -0.378896  

    Virtual:                                                              

      13A      0.252949    14A      0.297732    15A      0.622061  
      16A      0.656189    17A      1.197099  

    Final Occupation by Irrep:
              A 
    DOCC [    12 ]

  @DF-RHF Final Energy:  -186.11934565321471

   => Energetics <=

    Nuclear Repulsion Energy =             68.1137057338341805
    One-Electron Energy =                -391.3302526431127717
    Two-Electron Energy =                 137.0972012560638689
    Total Energy =                       -186.1193456532147081

Computation Completed


Properties will be evaluated at   0.000000,   0.000000,   0.000000 [a0]

Properties computed using the SCF density matrix

  Nuclear Dipole Moment: [e a0]
     X:    -0.1261      Y:    -3.5112      Z:     0.6596

  Electronic Dipole Moment: [e a0]
     X:     0.2511      Y:     3.3195      Z:    -0.6146

  Dipole Moment: [e a0]
     X:     0.1250      Y:    -0.1917      Z:     0.0450     Total:     0.2332

  Dipole Moment: [D]
     X:     0.3177      Y:    -0.4872      Z:     0.1144     Total:     0.5928


*** tstop() called on DESKTOP-1OTU84N at Tue Dec  3 15:00:26 2019
Module time:
	user time   =       0.67 seconds =       0.01 minutes
	system time =       0.06 seconds =       0.00 minutes
	total time  =          1 seconds =       0.02 minutes
Total time:
	user time   =       9.47 seconds =       0.16 minutes
	system time =       0.53 seconds =       0.01 minutes
	total time  =         12 seconds =       0.20 minutes
