  Threads set to 1 by Python driver.

*** tstart() called on DESKTOP-1OTU84N
*** at Tue Dec  3 15:00:14 2019

   => Loading Basis Set <=

    Name: STO-3G
    Role: ORBITAL
    Keyword: BASIS
    atoms 1   entry C          line    61 file /home/wderricotte/src/psi4conda/share/psi4/basis/sto-3g.gbs 
    atoms 2-3 entry O          line    81 file /home/wderricotte/src/psi4conda/share/psi4/basis/sto-3g.gbs 
    atoms 4-5 entry H          line    19 file /home/wderricotte/src/psi4conda/share/psi4/basis/sto-3g.gbs 


         ---------------------------------------------------------
                                   SCF
               by Justin Turney, Rob Parrish, Andy Simmonett
                          and Daniel G. A. Smith
                              RHF Reference
                        1 Threads,    500 MiB Core
         ---------------------------------------------------------

  ==> Geometry <==

    Molecular point group: c1
    Full point group: C1

    Geometry (in Angstrom), charge = 0, multiplicity = 1:

       Center              X                  Y                   Z               Mass       
    ------------   -----------------  -----------------  -----------------  -----------------
         C           -0.006432324099     0.112893193513    -0.021903884695    12.000000000000
         O           -1.133083059453    -0.248844160159    -0.028758842985    15.994914619570
         O            1.117080222510     0.479645157439    -0.016236413130    15.994914619570
         H            0.524233849007    -2.595789998027     0.529164346320     1.007825032230
         H           -0.193668632717    -2.411389230908     0.445748822917     1.007825032230

  Running in c1 symmetry.

  Rotational constants: A =      1.31905  B =      0.36639  C =      0.28674 [cm^-1]
  Rotational constants: A =  39544.25542  B =  10984.05955  C =   8596.29807 [MHz]
  Nuclear repulsion =   66.205390019147458

  Charge       = 0
  Multiplicity = 1
  Electrons    = 24
  Nalpha       = 12
  Nbeta        = 12

  ==> Algorithm <==

  SCF Algorithm Type is DF.
  DIIS enabled.
  MOM disabled.
  Fractional occupation disabled.
  Guess Type is SAD.
  Energy threshold   = 1.00e-06
  Density threshold  = 1.00e-06
  Integral threshold = 0.00e+00

  ==> Primary Basis <==

  Basis Set: STO-3G
    Blend: STO-3G
    Number of shells: 11
    Number of basis function: 17
    Number of Cartesian functions: 17
    Spherical Harmonics?: true
    Max angular momentum: 1

   => Loading Basis Set <=

    Name: (STO-3G AUX)
    Role: JKFIT
    Keyword: DF_BASIS_SCF
    atoms 1   entry C          line   203 file /home/wderricotte/src/psi4conda/share/psi4/basis/def2-svp-jkfit.gbs 
    atoms 2-3 entry O          line   323 file /home/wderricotte/src/psi4conda/share/psi4/basis/def2-svp-jkfit.gbs 
    atoms 4-5 entry H          line    23 file /home/wderricotte/src/psi4conda/share/psi4/basis/def2-svp-jkfit.gbs 

  ==> Pre-Iterations <==

   -------------------------------------------------------
    Irrep   Nso     Nmo     Nalpha   Nbeta   Ndocc  Nsocc
   -------------------------------------------------------
     A         17      17       0       0       0       0
   -------------------------------------------------------
    Total      17      17      12      12      12       0
   -------------------------------------------------------

  ==> Integral Setup <==

  DFHelper Memory: AOs need 0.001 GiB; user supplied 0.366 GiB. Using in-core AOs.

  ==> MemDFJK: Density-Fitted J/K Matrices <==

    J tasked:                   Yes
    K tasked:                   Yes
    wK tasked:                   No
    OpenMP threads:               1
    Memory [MiB]:               375
    Algorithm:                 Core
    Schwarz Cutoff:           1E-12
    Mask sparsity (%):       0.6920
    Fitting Condition:        1E-10

   => Auxiliary Basis Set <=

  Basis Set: (STO-3G AUX)
    Blend: DEF2-SVP-JKFIT
    Number of shells: 87
    Number of basis function: 265
    Number of Cartesian functions: 315
    Spherical Harmonics?: true
    Max angular momentum: 4

  Minimum eigenvalue in the overlap matrix is 1.8982870423E-01.
  Using Symmetric Orthogonalization.

  SCF Guess: Superposition of Atomic Densities via on-the-fly atomic UHF.

  ==> Iterations <==

                           Total Energy        Delta E     RMS |[F,P]|

   @DF-RHF iter SAD:  -184.39313690646787   -1.84393e+02   0.00000e+00 
   @DF-RHF iter   1:  -186.02608587193370   -1.63295e+00   3.07285e-02 DIIS
   @DF-RHF iter   2:  -186.14070789573492   -1.14622e-01   1.64650e-02 DIIS
   @DF-RHF iter   3:  -186.18223831077813   -4.15304e-02   9.42295e-04 DIIS
   @DF-RHF iter   4:  -186.18253575263336   -2.97442e-04   2.12320e-04 DIIS
   @DF-RHF iter   5:  -186.18254798213474   -1.22295e-05   6.67085e-05 DIIS
   @DF-RHF iter   6:  -186.18254868710127   -7.04967e-07   3.08397e-05 DIIS
   @DF-RHF iter   7:  -186.18254885544837   -1.68347e-07   2.44700e-06 DIIS
   @DF-RHF iter   8:  -186.18254885964575   -4.19737e-09   1.31719e-06 DIIS
   @DF-RHF iter   9:  -186.18254886210428   -2.45853e-09   1.56174e-07 DIIS
  Energy and wave function converged.


  ==> Post-Iterations <==

    Orbital Energies [Eh]
    ---------------------

    Doubly Occupied:                                                      

       1A    -20.359287     2A    -20.356562     3A    -11.265463  
       4A     -1.437456     5A     -1.372421     6A     -0.681360  
       7A     -0.635525     8A     -0.624707     9A     -0.585658  
      10A     -0.574065    11A     -0.389051    12A     -0.389025  

    Virtual:                                                              

      13A      0.313889    14A      0.314323    15A      0.542848  
      16A      0.661113    17A      1.323194  

    Final Occupation by Irrep:
              A 
    DOCC [    12 ]

  @DF-RHF Final Energy:  -186.18254886210428

   => Energetics <=

    Nuclear Repulsion Energy =             66.2053900191474582
    One-Electron Energy =                -387.4347143783204501
    Two-Electron Energy =                 135.0467754970687224
    Total Energy =                       -186.1825488621042837

Computation Completed


Properties will be evaluated at   0.000000,   0.000000,   0.000000 [a0]

Properties computed using the SCF density matrix

  Nuclear Dipole Moment: [e a0]
     X:     0.3098      Y:    -4.6930      Z:     0.9137

  Electronic Dipole Moment: [e a0]
     X:    -0.3087      Y:     4.7068      Z:    -0.9163

  Dipole Moment: [e a0]
     X:     0.0011      Y:     0.0138      Z:    -0.0025     Total:     0.0141

  Dipole Moment: [D]
     X:     0.0029      Y:     0.0352      Z:    -0.0065     Total:     0.0359


*** tstop() called on DESKTOP-1OTU84N at Tue Dec  3 15:00:15 2019
Module time:
	user time   =       0.83 seconds =       0.01 minutes
	system time =       0.01 seconds =       0.00 minutes
	total time  =          1 seconds =       0.02 minutes
Total time:
	user time   =       0.83 seconds =       0.01 minutes
	system time =       0.01 seconds =       0.00 minutes
	total time  =          1 seconds =       0.02 minutes
