  Threads set to 1 by Python driver.

*** tstart() called on DESKTOP-1OTU84N
*** at Tue Dec  3 15:00:32 2019

   => Loading Basis Set <=

    Name: STO-3G
    Role: ORBITAL
    Keyword: BASIS
    atoms 1   entry C          line    61 file /home/wderricotte/src/psi4conda/share/psi4/basis/sto-3g.gbs 
    atoms 2-3 entry O          line    81 file /home/wderricotte/src/psi4conda/share/psi4/basis/sto-3g.gbs 
    atoms 4-5 entry H          line    19 file /home/wderricotte/src/psi4conda/share/psi4/basis/sto-3g.gbs 


         ---------------------------------------------------------
                                   SCF
               by Justin Turney, Rob Parrish, Andy Simmonett
                          and Daniel G. A. Smith
                              RHF Reference
                        1 Threads,    500 MiB Core
         ---------------------------------------------------------

  ==> Geometry <==

    Molecular point group: c1
    Full point group: C1

    Geometry (in Angstrom), charge = 0, multiplicity = 1:

       Center              X                  Y                   Z               Mass       
    ------------   -----------------  -----------------  -----------------  -----------------
         C            0.140658375978    -0.159293676923     0.039916978242    12.000000000000
         O           -1.157038083008    -0.254744858707    -0.029310612397    15.994914619570
         O            1.081658374441     0.558768157093    -0.033726001244    15.994914619570
         H            0.381698948526    -1.567967305643     0.324253590778     1.007825032230
         H           -0.860163457462    -1.360420542044     0.200898590656     1.007825032230

  Running in c1 symmetry.

  Rotational constants: A =      3.39839  B =      0.35735  C =      0.32335 [cm^-1]
  Rotational constants: A = 101881.09648  B =  10713.22852  C =   9693.87651 [MHz]
  Nuclear repulsion =   68.845305756803214

  Charge       = 0
  Multiplicity = 1
  Electrons    = 24
  Nalpha       = 12
  Nbeta        = 12

  ==> Algorithm <==

  SCF Algorithm Type is DF.
  DIIS enabled.
  MOM disabled.
  Fractional occupation disabled.
  Guess Type is SAD.
  Energy threshold   = 1.00e-06
  Density threshold  = 1.00e-06
  Integral threshold = 0.00e+00

  ==> Primary Basis <==

  Basis Set: STO-3G
    Blend: STO-3G
    Number of shells: 11
    Number of basis function: 17
    Number of Cartesian functions: 17
    Spherical Harmonics?: true
    Max angular momentum: 1

   => Loading Basis Set <=

    Name: (STO-3G AUX)
    Role: JKFIT
    Keyword: DF_BASIS_SCF
    atoms 1   entry C          line   203 file /home/wderricotte/src/psi4conda/share/psi4/basis/def2-svp-jkfit.gbs 
    atoms 2-3 entry O          line   323 file /home/wderricotte/src/psi4conda/share/psi4/basis/def2-svp-jkfit.gbs 
    atoms 4-5 entry H          line    23 file /home/wderricotte/src/psi4conda/share/psi4/basis/def2-svp-jkfit.gbs 

  ==> Pre-Iterations <==

   -------------------------------------------------------
    Irrep   Nso     Nmo     Nalpha   Nbeta   Ndocc  Nsocc
   -------------------------------------------------------
     A         17      17       0       0       0       0
   -------------------------------------------------------
    Total      17      17      12      12      12       0
   -------------------------------------------------------

  ==> Integral Setup <==

  DFHelper Memory: AOs need 0.001 GiB; user supplied 0.366 GiB. Using in-core AOs.

  ==> MemDFJK: Density-Fitted J/K Matrices <==

    J tasked:                   Yes
    K tasked:                   Yes
    wK tasked:                   No
    OpenMP threads:               1
    Memory [MiB]:               375
    Algorithm:                 Core
    Schwarz Cutoff:           1E-12
    Mask sparsity (%):       0.6920
    Fitting Condition:        1E-10

   => Auxiliary Basis Set <=

  Basis Set: (STO-3G AUX)
    Blend: DEF2-SVP-JKFIT
    Number of shells: 87
    Number of basis function: 265
    Number of Cartesian functions: 315
    Spherical Harmonics?: true
    Max angular momentum: 4

  Minimum eigenvalue in the overlap matrix is 2.3012425890E-01.
  Using Symmetric Orthogonalization.

  SCF Guess: Superposition of Atomic Densities via on-the-fly atomic UHF.

  ==> Iterations <==

                           Total Energy        Delta E     RMS |[F,P]|

   @DF-RHF iter SAD:  -184.36594951767128   -1.84366e+02   0.00000e+00 
   @DF-RHF iter   1:  -185.86238630831488   -1.49644e+00   3.09851e-02 DIIS
   @DF-RHF iter   2:  -185.96967837064838   -1.07292e-01   2.17019e-02 DIIS
   @DF-RHF iter   3:  -186.03962439542522   -6.99460e-02   2.87943e-03 DIIS
   @DF-RHF iter   4:  -186.04192714034269   -2.30274e-03   1.35164e-03 DIIS
   @DF-RHF iter   5:  -186.04284697425393   -9.19834e-04   4.81070e-04 DIIS
   @DF-RHF iter   6:  -186.04306913925441   -2.22165e-04   2.02828e-04 DIIS
   @DF-RHF iter   7:  -186.04310572628111   -3.65870e-05   5.79577e-05 DIIS
   @DF-RHF iter   8:  -186.04310776323811   -2.03696e-06   8.15911e-06 DIIS
   @DF-RHF iter   9:  -186.04310780231242   -3.90743e-08   2.10972e-06 DIIS
   @DF-RHF iter  10:  -186.04310780427721   -1.96479e-09   4.52590e-07 DIIS
  Energy and wave function converged.


  ==> Post-Iterations <==

    Orbital Energies [Eh]
    ---------------------

    Doubly Occupied:                                                      

       1A    -20.328050     2A    -20.326060     3A    -11.234209  
       4A     -1.412635     5A     -1.340407     6A     -0.720560  
       7A     -0.678755     8A     -0.579975     9A     -0.577598  
      10A     -0.467185    11A     -0.380281    12A     -0.306192  

    Virtual:                                                              

      13A      0.295034    14A      0.297265    15A      0.540527  
      16A      0.628524    17A      1.075897  

    Final Occupation by Irrep:
              A 
    DOCC [    12 ]

  @DF-RHF Final Energy:  -186.04310780427721

   => Energetics <=

    Nuclear Repulsion Energy =             68.8453057568032136
    One-Electron Energy =                -393.0730089726091592
    Two-Electron Energy =                 138.1845954115287327
    Total Energy =                       -186.0431078042772128

Computation Completed


Properties will be evaluated at   0.000000,   0.000000,   0.000000 [a0]

Properties computed using the SCF density matrix

  Nuclear Dipole Moment: [e a0]
     X:    -0.4489      Y:    -2.7438      Z:     0.4920

  Electronic Dipole Moment: [e a0]
     X:     0.0966      Y:     2.1420      Z:    -0.4012

  Dipole Moment: [e a0]
     X:    -0.3523      Y:    -0.6019      Z:     0.0908     Total:     0.7033

  Dipole Moment: [D]
     X:    -0.8954      Y:    -1.5298      Z:     0.2309     Total:     1.7875


*** tstop() called on DESKTOP-1OTU84N at Tue Dec  3 15:00:33 2019
Module time:
	user time   =       0.68 seconds =       0.01 minutes
	system time =       0.05 seconds =       0.00 minutes
	total time  =          1 seconds =       0.02 minutes
Total time:
	user time   =      15.30 seconds =       0.26 minutes
	system time =       0.81 seconds =       0.01 minutes
	total time  =         19 seconds =       0.32 minutes
