  Threads set to 40 by Python driver.

*** tstart() called on localhost.localdomain
*** at Thu Feb 28 10:17:21 2019

   => Loading Basis Set <=

    Name: 3-21G
    Role: ORBITAL
    Keyword: BASIS
    atoms 1, 6, 11            entry C          line    68 file /root/psi4conda/share/psi4/basis/3-21g.gbs 
    atoms 2, 9                entry O          line    90 file /root/psi4conda/share/psi4/basis/3-21g.gbs 
    atoms 3-5, 7-8, 10, 12-13 entry H          line    21 file /root/psi4conda/share/psi4/basis/3-21g.gbs 


         ---------------------------------------------------------
                                   SCF
            by Justin Turney, Rob Parrish, Andy Simmonett
                             and Daniel Smith
                              RHF Reference
                       40 Threads,    500 MiB Core
         ---------------------------------------------------------

  ==> Geometry <==

    Molecular point group: c1
    Full point group: C1

    Geometry (in Angstrom), charge = 0, multiplicity = 1:

       Center              X                  Y                   Z               Mass       
    ------------   -----------------  -----------------  -----------------  -----------------
         C           -0.148891025559    -0.987471550311     0.060338527004    12.000000000000
         O           -1.115317600072    -0.918928688249    -0.660197712118    15.994914619560
         H            0.713421062323    -0.630980557314     1.996110973754     1.007825032070
         H           -1.066640783122    -0.466976004700     1.922772726443     1.007825032070
         H            1.220140807458     2.513976651059    -1.242078721955     1.007825032070
         C            1.257430223692     1.488290368395    -0.866524296229    12.000000000000
         H            1.290891700318     0.795789854132    -1.715284609064     1.007825032070
         H            2.165196379419     1.367972813087    -0.275697296943     1.007825032070
         O            0.170903756873     1.212241065104    -0.010617245381    15.994914619560
         H           -0.647191044540     1.223069220994    -0.519681338751     1.007825032070
         C           -0.204484522149    -1.025585294582     1.561471188304    12.000000000000
         H           -0.311712532348    -2.072951545710     1.861560467239     1.007825032070
         H            0.860003298662    -1.136676169180    -0.374436119072     1.007825032070

  Running in c1 symmetry.

  Rotational constants: A =      0.25982  B =      0.10035  C =      0.08378 [cm^-1]
  Rotational constants: A =   7789.34184  B =   3008.54400  C =   2511.72923 [MHz]
  Nuclear repulsion =  187.326981134617540

  Charge       = 0
  Multiplicity = 1
  Electrons    = 42
  Nalpha       = 21
  Nbeta        = 21

  ==> Algorithm <==

  SCF Algorithm Type is DF.
  DIIS enabled.
  MOM disabled.
  Fractional occupation disabled.
  Guess Type is SAD.
  Energy threshold   = 1.00e-08
  Density threshold  = 1.00e-08
  Integral threshold = 0.00e+00

  ==> Primary Basis <==

  Basis Set: 3-21G
    Blend: 3-21G
    Number of shells: 41
    Number of basis function: 61
    Number of Cartesian functions: 61
    Spherical Harmonics?: false
    Max angular momentum: 1

   => Loading Basis Set <=

    Name: (3-21G AUX)
    Role: JKFIT
    Keyword: DF_BASIS_SCF
    atoms 1, 6, 11            entry C          line   203 file /root/psi4conda/share/psi4/basis/def2-svp-jkfit.gbs 
    atoms 2, 9                entry O          line   323 file /root/psi4conda/share/psi4/basis/def2-svp-jkfit.gbs 
    atoms 3-5, 7-8, 10, 12-13 entry H          line    23 file /root/psi4conda/share/psi4/basis/def2-svp-jkfit.gbs 

  ==> Pre-Iterations <==

   -------------------------------------------------------
    Irrep   Nso     Nmo     Nalpha   Nbeta   Ndocc  Nsocc
   -------------------------------------------------------
     A         61      61       0       0       0       0
   -------------------------------------------------------
    Total      61      61      21      21      21       0
   -------------------------------------------------------

  ==> Integral Setup <==

  ==> DiskDFJK: Density-Fitted J/K Matrices <==

    J tasked:                  Yes
    K tasked:                  Yes
    wK tasked:                  No
    OpenMP threads:             40
    Integrals threads:          40
    Memory (MB):               375
    Algorithm:                Core
    Integral Cache:           NONE
    Schwarz Cutoff:          1E-12
    Fitting Condition:       1E-12

   => Auxiliary Basis Set <=

  Basis Set: (3-21G AUX)
    Blend: DEF2-SVP-JKFIT
    Number of shells: 173
    Number of basis function: 613
    Number of Cartesian functions: 613
    Spherical Harmonics?: false
    Max angular momentum: 4

  Minimum eigenvalue in the overlap matrix is 1.5949980113E-02.
  Using Symmetric Orthogonalization.

  SCF Guess: Superposition of Atomic Densities via on-the-fly atomic UHF.

  ==> Iterations <==

                           Total Energy        Delta E     RMS |[F,P]|

   @DF-RHF iter   0:  -267.77964319277919   -2.67780e+02   2.17774e-01 
   @DF-RHF iter   1:  -266.26809268451342    1.51155e+00   2.96180e-02 
   @DF-RHF iter   2:  -266.39013032850710   -1.22038e-01   2.01667e-02 DIIS
   @DF-RHF iter   3:  -266.44378051474291   -5.36502e-02   4.25931e-03 DIIS
   @DF-RHF iter   4:  -266.44955032730655   -5.76981e-03   1.73743e-03 DIIS
   @DF-RHF iter   5:  -266.45030120987866   -7.50883e-04   6.02393e-04 DIIS
   @DF-RHF iter   6:  -266.45045708765366   -1.55878e-04   2.75923e-04 DIIS
   @DF-RHF iter   7:  -266.45047836174768   -2.12741e-05   8.70716e-05 DIIS
   @DF-RHF iter   8:  -266.45048007186233   -1.71011e-06   1.37669e-05 DIIS
   @DF-RHF iter   9:  -266.45048015367621   -8.18139e-08   2.89617e-06 DIIS
   @DF-RHF iter  10:  -266.45048015848283   -4.80662e-09   7.40123e-07 DIIS
   @DF-RHF iter  11:  -266.45048015881594   -3.33102e-10   3.91844e-07 DIIS
   @DF-RHF iter  12:  -266.45048015884390   -2.79670e-11   4.45963e-08 DIIS
   @DF-RHF iter  13:  -266.45048015884549   -1.59162e-12   1.35518e-08 DIIS
   @DF-RHF iter  14:  -266.45048015884510    3.97904e-13   4.43824e-09 DIIS

  ==> Post-Iterations <==

    Orbital Energies [Eh]
    ---------------------

    Doubly Occupied:                                                      

       1A    -20.461099     2A    -20.424043     3A    -11.271457  
       4A    -11.226371     5A    -11.161403     6A     -1.393781  
       7A     -1.365675     8A     -1.003291     9A     -0.938544  
      10A     -0.783510    11A     -0.696812    12A     -0.654718  
      13A     -0.641995    14A     -0.610277    15A     -0.594523  
      16A     -0.573241    17A     -0.536320    18A     -0.499987  
      19A     -0.490580    20A     -0.428435    21A     -0.388287  

    Virtual:                                                              

      22A      0.193720    23A      0.252170    24A      0.295051  
      25A      0.313453    26A      0.326733    27A      0.339107  
      28A      0.342846    29A      0.359254    30A      0.367434  
      31A      0.432039    32A      0.480611    33A      0.563683  
      34A      0.926319    35A      0.942657    36A      0.958921  
      37A      0.970060    38A      1.006276    39A      1.017249  
      40A      1.111333    41A      1.124557    42A      1.175974  
      43A      1.235141    44A      1.281080    45A      1.308037  
      46A      1.338834    47A      1.350529    48A      1.364168  
      49A      1.382682    50A      1.419225    51A      1.665439  
      52A      1.844466    53A      1.932644    54A      1.953163  
      55A      2.013173    56A      2.068050    57A      2.083787  
      58A      2.157861    59A      2.350738    60A      3.364802  
      61A      3.630221  

    Final Occupation by Irrep:
              A 
    DOCC [    21 ]

  Energy converged.

  @DF-RHF Final Energy:  -266.45048015884510

   => Energetics <=

    Nuclear Repulsion Energy =            187.3269811346175402
    One-Electron Energy =                -735.2662276020255376
    Two-Electron Energy =                 281.4887663085629015
    Total Energy =                       -266.4504801588450960



Properties will be evaluated at   0.000000,   0.000000,   0.000000 [a0]

Properties computed using the SCF density matrix

  Nuclear Dipole Moment: [e a0]
     X:     3.9554      Y:     1.4950      Z:     1.5467

  Electronic Dipole Moment: [e a0]
     X:    -3.0127      Y:    -1.1568      Z:    -1.5136

  Dipole Moment: [e a0]
     X:     0.9428      Y:     0.3383      Z:     0.0331     Total:     1.0022

  Dipole Moment: [D]
     X:     2.3963      Y:     0.8598      Z:     0.0840     Total:     2.5472


*** tstop() called on localhost.localdomain at Thu Feb 28 10:17:24 2019
Module time:
	user time   =      59.65 seconds =       0.99 minutes
	system time =       3.98 seconds =       0.07 minutes
	total time  =          3 seconds =       0.05 minutes
Total time:
	user time   =    4431.12 seconds =      73.85 minutes
	system time =     289.82 seconds =       4.83 minutes
	total time  =        202 seconds =       3.37 minutes

*** tstart() called on localhost.localdomain
*** at Thu Feb 28 10:17:24 2019


  //>>>>>>>>>>>>>>>>>>>>>>>>>>>>>>>>>>>//
  //               DFMP2               //
  //<<<<<<<<<<<<<<<<<<<<<<<<<<<<<<<<<<<//

   => Loading Basis Set <=

    Name: (3-21G AUX)
    Role: RIFIT
    Keyword: DF_BASIS_MP2
    atoms 1, 6, 11            entry C          line   270 file /root/psi4conda/share/psi4/basis/def2-qzvpp-ri.gbs 
    atoms 2, 9                entry O          line   406 file /root/psi4conda/share/psi4/basis/def2-qzvpp-ri.gbs 
    atoms 3-5, 7-8, 10, 12-13 entry H          line    24 file /root/psi4conda/share/psi4/basis/def2-qzvpp-ri.gbs 

	 --------------------------------------------------------
	                          DF-MP2                         
	      2nd-Order Density-Fitted Moller-Plesset Theory     
	              RMP2 Wavefunction,  40 Threads             
	                                                         
	        Rob Parrish, Justin Turney, Andy Simmonett,      
	           Ed Hohenstein, and C. David Sherrill          
	 --------------------------------------------------------

   => Auxiliary Basis Set <=

  Basis Set: (3-21G AUX)
    Blend: DEF2-QZVPP-RI
    Number of shells: 293
    Number of basis function: 1153
    Number of Cartesian functions: 1523
    Spherical Harmonics?: true
    Max angular momentum: 5

	 --------------------------------------------------------
	                 NBF =    61, NAUX =  1153
	 --------------------------------------------------------
	   CLASS    FOCC     OCC    AOCC    AVIR     VIR    FVIR
	   PAIRS       5      21      16      40      40       0
	 --------------------------------------------------------

	-----------------------------------------------------------
	 ==================> DF-MP2 Energies <==================== 
	-----------------------------------------------------------
	 Reference Energy          =    -266.4504801588450960 [Eh]
	 Singles Energy            =      -0.0000000000000032 [Eh]
	 Same-Spin Energy          =      -0.1188406332996051 [Eh]
	 Opposite-Spin Energy      =      -0.3987853943263985 [Eh]
	 Correlation Energy        =      -0.5176260276260068 [Eh]
	 Total Energy              =    -266.9681061864711182 [Eh]
	-----------------------------------------------------------
	 ================> DF-SCS-MP2 Energies <================== 
	-----------------------------------------------------------
	 SCS Same-Spin Scale       =       0.3333333333333333 [-]
	 SCS Opposite-Spin Scale   =       1.2000000000000000 [-]
	 SCS Same-Spin Energy      =      -0.0396135444332017 [Eh]
	 SCS Opposite-Spin Energy  =      -0.4785424731916781 [Eh]
	 SCS Correlation Energy    =      -0.5181560176248831 [Eh]
	 SCS Total Energy          =    -266.9686361764699996 [Eh]
	-----------------------------------------------------------


*** tstop() called on localhost.localdomain at Thu Feb 28 10:17:26 2019
Module time:
	user time   =      33.17 seconds =       0.55 minutes
	system time =       1.83 seconds =       0.03 minutes
	total time  =          2 seconds =       0.03 minutes
Total time:
	user time   =    4464.32 seconds =      74.41 minutes
	system time =     291.66 seconds =       4.86 minutes
	total time  =        204 seconds =       3.40 minutes
