  Threads set to 40 by Python driver.

*** tstart() called on localhost.localdomain
*** at Thu Feb 28 10:28:29 2019

   => Loading Basis Set <=

    Name: 3-21G
    Role: ORBITAL
    Keyword: BASIS
    atoms 1, 6, 11            entry C          line    68 file /root/psi4conda/share/psi4/basis/3-21g.gbs 
    atoms 2, 9                entry O          line    90 file /root/psi4conda/share/psi4/basis/3-21g.gbs 
    atoms 3-5, 7-8, 10, 12-13 entry H          line    21 file /root/psi4conda/share/psi4/basis/3-21g.gbs 


         ---------------------------------------------------------
                                   SCF
            by Justin Turney, Rob Parrish, Andy Simmonett
                             and Daniel Smith
                              RHF Reference
                       40 Threads,    500 MiB Core
         ---------------------------------------------------------

  ==> Geometry <==

    Molecular point group: c1
    Full point group: C1

    Geometry (in Angstrom), charge = 0, multiplicity = 1:

       Center              X                  Y                   Z               Mass       
    ------------   -----------------  -----------------  -----------------  -----------------
         C           -0.000979234587    -0.499409158506     0.078091405278    12.000000000000
         O           -1.104353254523    -0.842683992908    -0.728805862676    15.994914619560
         H            0.704621841918    -0.726295413635     2.096323427699     1.007825032070
         H           -1.034554995573    -0.405545858320     1.953706651145     1.007825032070
         H            1.025138678399     2.423395482458    -0.969845558398     1.007825032070
         C            1.191504925977     1.357868475392    -0.818567598233    12.000000000000
         H            1.143366225894     0.848619108743    -1.786180544127     1.007825032070
         H            2.183343269537     1.210781698813    -0.377787877418     1.007825032070
         O            0.182439414816     0.893292829067     0.057176976454    15.994914619560
         H           -1.747597449545    -0.133691982196    -0.628600620072     1.007825032070
         C           -0.191740873239    -0.942727423655     1.513064569327    12.000000000000
         H           -0.396943521690    -2.013079589780     1.543745438347     1.007825032070
         H            0.861707882001    -1.004016491063    -0.371200544224     1.007825032070

  Running in c1 symmetry.

  Rotational constants: A =      0.27007  B =      0.12731  C =      0.09762 [cm^-1]
  Rotational constants: A =   8096.55827  B =   3816.55078  C =   2926.58316 [MHz]
  Nuclear repulsion =  197.581902535259388

  Charge       = 0
  Multiplicity = 1
  Electrons    = 42
  Nalpha       = 21
  Nbeta        = 21

  ==> Algorithm <==

  SCF Algorithm Type is DF.
  DIIS enabled.
  MOM disabled.
  Fractional occupation disabled.
  Guess Type is SAD.
  Energy threshold   = 1.00e-08
  Density threshold  = 1.00e-08
  Integral threshold = 0.00e+00

  ==> Primary Basis <==

  Basis Set: 3-21G
    Blend: 3-21G
    Number of shells: 41
    Number of basis function: 61
    Number of Cartesian functions: 61
    Spherical Harmonics?: false
    Max angular momentum: 1

   => Loading Basis Set <=

    Name: (3-21G AUX)
    Role: JKFIT
    Keyword: DF_BASIS_SCF
    atoms 1, 6, 11            entry C          line   203 file /root/psi4conda/share/psi4/basis/def2-svp-jkfit.gbs 
    atoms 2, 9                entry O          line   323 file /root/psi4conda/share/psi4/basis/def2-svp-jkfit.gbs 
    atoms 3-5, 7-8, 10, 12-13 entry H          line    23 file /root/psi4conda/share/psi4/basis/def2-svp-jkfit.gbs 

  ==> Pre-Iterations <==

   -------------------------------------------------------
    Irrep   Nso     Nmo     Nalpha   Nbeta   Ndocc  Nsocc
   -------------------------------------------------------
     A         61      61       0       0       0       0
   -------------------------------------------------------
    Total      61      61      21      21      21       0
   -------------------------------------------------------

  ==> Integral Setup <==

  ==> DiskDFJK: Density-Fitted J/K Matrices <==

    J tasked:                  Yes
    K tasked:                  Yes
    wK tasked:                  No
    OpenMP threads:             40
    Integrals threads:          40
    Memory (MB):               375
    Algorithm:                Core
    Integral Cache:           NONE
    Schwarz Cutoff:          1E-12
    Fitting Condition:       1E-12

   => Auxiliary Basis Set <=

  Basis Set: (3-21G AUX)
    Blend: DEF2-SVP-JKFIT
    Number of shells: 173
    Number of basis function: 613
    Number of Cartesian functions: 613
    Spherical Harmonics?: false
    Max angular momentum: 4

  Minimum eigenvalue in the overlap matrix is 1.2855581414E-02.
  Using Symmetric Orthogonalization.

  SCF Guess: Superposition of Atomic Densities via on-the-fly atomic UHF.

  ==> Iterations <==

                           Total Energy        Delta E     RMS |[F,P]|

   @DF-RHF iter   0:  -267.98587759022848   -2.67986e+02   1.82942e-01 
   @DF-RHF iter   1:  -266.38114762788751    1.60473e+00   1.80521e-02 
   @DF-RHF iter   2:  -266.46979309094917   -8.86455e-02   1.05559e-02 DIIS
   @DF-RHF iter   3:  -266.48032963965005   -1.05365e-02   3.36589e-03 DIIS
   @DF-RHF iter   4:  -266.48246694184235   -2.13730e-03   6.95013e-04 DIIS
   @DF-RHF iter   5:  -266.48263297242408   -1.66031e-04   2.15608e-04 DIIS
   @DF-RHF iter   6:  -266.48265637791167   -2.34055e-05   6.04710e-05 DIIS
   @DF-RHF iter   7:  -266.48265813085624   -1.75294e-06   2.51733e-05 DIIS
   @DF-RHF iter   8:  -266.48265823346065   -1.02604e-07   6.25582e-06 DIIS
   @DF-RHF iter   9:  -266.48265824126537   -7.80472e-09   9.29682e-07 DIIS
   @DF-RHF iter  10:  -266.48265824150116   -2.35787e-10   2.07589e-07 DIIS
   @DF-RHF iter  11:  -266.48265824152162   -2.04636e-11   6.22315e-08 DIIS
   @DF-RHF iter  12:  -266.48265824152338   -1.76215e-12   1.31289e-08 DIIS
   @DF-RHF iter  13:  -266.48265824152378   -3.97904e-13   6.28449e-09 DIIS

  ==> Post-Iterations <==

    Orbital Energies [Eh]
    ---------------------

    Doubly Occupied:                                                      

       1A    -20.457650     2A    -20.439852     3A    -11.277070  
       4A    -11.222991     5A    -11.154836     6A     -1.415067  
       7A     -1.329881     8A     -1.018860     9A     -0.930754  
      10A     -0.832665    11A     -0.696079    12A     -0.671858  
      13A     -0.652310    14A     -0.598524    15A     -0.579643  
      16A     -0.549464    17A     -0.534185    18A     -0.518795  
      19A     -0.470128    20A     -0.435308    21A     -0.422571  

    Virtual:                                                              

      22A      0.266605    23A      0.288683    24A      0.310748  
      25A      0.320241    26A      0.333231    27A      0.343833  
      28A      0.347493    29A      0.368797    30A      0.384661  
      31A      0.448163    32A      0.477007    33A      0.547376  
      34A      0.924134    35A      0.931673    36A      0.947981  
      37A      0.982597    38A      1.002581    39A      1.019254  
      40A      1.064404    41A      1.137529    42A      1.184719  
      43A      1.254480    44A      1.296879    45A      1.311159  
      46A      1.318991    47A      1.354443    48A      1.368790  
      49A      1.388430    50A      1.444486    51A      1.781396  
      52A      1.918997    53A      1.939357    54A      1.956695  
      55A      2.083056    56A      2.106304    57A      2.167161  
      58A      2.382443    59A      2.428340    60A      3.370979  
      61A      3.662887  

    Final Occupation by Irrep:
              A 
    DOCC [    21 ]

  Energy converged.

  @DF-RHF Final Energy:  -266.48265824152378

   => Energetics <=

    Nuclear Repulsion Energy =            197.5819025352593883
    One-Electron Energy =                -755.7121356901718627
    Two-Electron Energy =                 291.6475749133887234
    Total Energy =                       -266.4826582415237795



Properties will be evaluated at   0.000000,   0.000000,   0.000000 [a0]

Properties computed using the SCF density matrix

  Nuclear Dipole Moment: [e a0]
     X:     2.5634      Y:     0.1879      Z:     1.3656

  Electronic Dipole Moment: [e a0]
     X:    -2.0765      Y:     0.1499      Z:    -1.3485

  Dipole Moment: [e a0]
     X:     0.4868      Y:     0.3378      Z:     0.0172     Total:     0.5928

  Dipole Moment: [D]
     X:     1.2374      Y:     0.8587      Z:     0.0436     Total:     1.5068


*** tstop() called on localhost.localdomain at Thu Feb 28 10:28:31 2019
Module time:
	user time   =      60.47 seconds =       1.01 minutes
	system time =       4.09 seconds =       0.07 minutes
	total time  =          2 seconds =       0.03 minutes
Total time:
	user time   =   19036.81 seconds =     317.28 minutes
	system time =    1269.97 seconds =      21.17 minutes
	total time  =        869 seconds =      14.48 minutes

*** tstart() called on localhost.localdomain
*** at Thu Feb 28 10:28:31 2019


  //>>>>>>>>>>>>>>>>>>>>>>>>>>>>>>>>>>>//
  //               DFMP2               //
  //<<<<<<<<<<<<<<<<<<<<<<<<<<<<<<<<<<<//

   => Loading Basis Set <=

    Name: (3-21G AUX)
    Role: RIFIT
    Keyword: DF_BASIS_MP2
    atoms 1, 6, 11            entry C          line   270 file /root/psi4conda/share/psi4/basis/def2-qzvpp-ri.gbs 
    atoms 2, 9                entry O          line   406 file /root/psi4conda/share/psi4/basis/def2-qzvpp-ri.gbs 
    atoms 3-5, 7-8, 10, 12-13 entry H          line    24 file /root/psi4conda/share/psi4/basis/def2-qzvpp-ri.gbs 

	 --------------------------------------------------------
	                          DF-MP2                         
	      2nd-Order Density-Fitted Moller-Plesset Theory     
	              RMP2 Wavefunction,  40 Threads             
	                                                         
	        Rob Parrish, Justin Turney, Andy Simmonett,      
	           Ed Hohenstein, and C. David Sherrill          
	 --------------------------------------------------------

   => Auxiliary Basis Set <=

  Basis Set: (3-21G AUX)
    Blend: DEF2-QZVPP-RI
    Number of shells: 293
    Number of basis function: 1153
    Number of Cartesian functions: 1523
    Spherical Harmonics?: true
    Max angular momentum: 5

	 --------------------------------------------------------
	                 NBF =    61, NAUX =  1153
	 --------------------------------------------------------
	   CLASS    FOCC     OCC    AOCC    AVIR     VIR    FVIR
	   PAIRS       5      21      16      40      40       0
	 --------------------------------------------------------

	-----------------------------------------------------------
	 ==================> DF-MP2 Energies <==================== 
	-----------------------------------------------------------
	 Reference Energy          =    -266.4826582415237795 [Eh]
	 Singles Energy            =      -0.0000000000000008 [Eh]
	 Same-Spin Energy          =      -0.1146026946860023 [Eh]
	 Opposite-Spin Energy      =      -0.3892743584208264 [Eh]
	 Correlation Energy        =      -0.5038770531068294 [Eh]
	 Total Energy              =    -266.9865352946305848 [Eh]
	-----------------------------------------------------------
	 ================> DF-SCS-MP2 Energies <================== 
	-----------------------------------------------------------
	 SCS Same-Spin Scale       =       0.3333333333333333 [-]
	 SCS Opposite-Spin Scale   =       1.2000000000000000 [-]
	 SCS Same-Spin Energy      =      -0.0382008982286674 [Eh]
	 SCS Opposite-Spin Energy  =      -0.4671292301049916 [Eh]
	 SCS Correlation Energy    =      -0.5053301283336599 [Eh]
	 SCS Total Energy          =    -266.9879883698574190 [Eh]
	-----------------------------------------------------------


*** tstop() called on localhost.localdomain at Thu Feb 28 10:28:33 2019
Module time:
	user time   =      33.26 seconds =       0.55 minutes
	system time =       2.38 seconds =       0.04 minutes
	total time  =          2 seconds =       0.03 minutes
Total time:
	user time   =   19070.10 seconds =     317.84 minutes
	system time =    1272.35 seconds =      21.21 minutes
	total time  =        871 seconds =      14.52 minutes
