  Threads set to 40 by Python driver.

*** tstart() called on localhost.localdomain
*** at Thu Feb 28 10:22:51 2019

   => Loading Basis Set <=

    Name: 3-21G
    Role: ORBITAL
    Keyword: BASIS
    atoms 1, 6, 11            entry C          line    68 file /root/psi4conda/share/psi4/basis/3-21g.gbs 
    atoms 2, 9                entry O          line    90 file /root/psi4conda/share/psi4/basis/3-21g.gbs 
    atoms 3-5, 7-8, 10, 12-13 entry H          line    21 file /root/psi4conda/share/psi4/basis/3-21g.gbs 


         ---------------------------------------------------------
                                   SCF
            by Justin Turney, Rob Parrish, Andy Simmonett
                             and Daniel Smith
                              RHF Reference
                       40 Threads,    500 MiB Core
         ---------------------------------------------------------

  ==> Geometry <==

    Molecular point group: c1
    Full point group: C1

    Geometry (in Angstrom), charge = 0, multiplicity = 1:

       Center              X                  Y                   Z               Mass       
    ------------   -----------------  -----------------  -----------------  -----------------
         C           -0.033400294025    -0.719986515956     0.093844921128    12.000000000000
         O           -1.096697474051    -0.763191199376    -0.672575741463    15.994914619560
         H            0.715071239655    -0.716531733511     2.117384246038     1.007825032070
         H           -1.048277858439    -0.461414857191     1.947624196771     1.007825032070
         H            1.007630763842     2.457819849458    -1.092544154637     1.007825032070
         C            1.205149064032     1.418141057073    -0.827289759145    12.000000000000
         H            1.328020741687     0.822735728686    -1.737703284291     1.007825032070
         H            2.112325806692     1.367220663058    -0.226049212224     1.007825032070
         O            0.109327036338     0.936224293337    -0.056617781712    15.994914619560
         H           -0.808686694877     0.495684814079    -0.663765814507     1.007825032070
         C           -0.180897837369    -0.998198644259     1.563275849045    12.000000000000
         H           -0.352741236682    -2.070522784583     1.684555026476     1.007825032070
         H            0.919050295708    -1.068578714504    -0.337326312852     1.007825032070

  Running in c1 symmetry.

  Rotational constants: A =      0.28026  B =      0.11903  C =      0.09505 [cm^-1]
  Rotational constants: A =   8402.08442  B =   3568.41307  C =   2849.65771 [MHz]
  Nuclear repulsion =  195.921100968994892

  Charge       = 0
  Multiplicity = 1
  Electrons    = 42
  Nalpha       = 21
  Nbeta        = 21

  ==> Algorithm <==

  SCF Algorithm Type is DF.
  DIIS enabled.
  MOM disabled.
  Fractional occupation disabled.
  Guess Type is SAD.
  Energy threshold   = 1.00e-08
  Density threshold  = 1.00e-08
  Integral threshold = 0.00e+00

  ==> Primary Basis <==

  Basis Set: 3-21G
    Blend: 3-21G
    Number of shells: 41
    Number of basis function: 61
    Number of Cartesian functions: 61
    Spherical Harmonics?: false
    Max angular momentum: 1

   => Loading Basis Set <=

    Name: (3-21G AUX)
    Role: JKFIT
    Keyword: DF_BASIS_SCF
    atoms 1, 6, 11            entry C          line   203 file /root/psi4conda/share/psi4/basis/def2-svp-jkfit.gbs 
    atoms 2, 9                entry O          line   323 file /root/psi4conda/share/psi4/basis/def2-svp-jkfit.gbs 
    atoms 3-5, 7-8, 10, 12-13 entry H          line    23 file /root/psi4conda/share/psi4/basis/def2-svp-jkfit.gbs 

  ==> Pre-Iterations <==

   -------------------------------------------------------
    Irrep   Nso     Nmo     Nalpha   Nbeta   Ndocc  Nsocc
   -------------------------------------------------------
     A         61      61       0       0       0       0
   -------------------------------------------------------
    Total      61      61      21      21      21       0
   -------------------------------------------------------

  ==> Integral Setup <==

  ==> DiskDFJK: Density-Fitted J/K Matrices <==

    J tasked:                  Yes
    K tasked:                  Yes
    wK tasked:                  No
    OpenMP threads:             40
    Integrals threads:          40
    Memory (MB):               375
    Algorithm:                Core
    Integral Cache:           NONE
    Schwarz Cutoff:          1E-12
    Fitting Condition:       1E-12

   => Auxiliary Basis Set <=

  Basis Set: (3-21G AUX)
    Blend: DEF2-SVP-JKFIT
    Number of shells: 173
    Number of basis function: 613
    Number of Cartesian functions: 613
    Spherical Harmonics?: false
    Max angular momentum: 4

  Minimum eigenvalue in the overlap matrix is 1.3419381338E-02.
  Using Symmetric Orthogonalization.

  SCF Guess: Superposition of Atomic Densities via on-the-fly atomic UHF.

  ==> Iterations <==

                           Total Energy        Delta E     RMS |[F,P]|

   @DF-RHF iter   0:  -267.99196623308103   -2.67992e+02   2.14106e-01 
   @DF-RHF iter   1:  -266.22107860538449    1.77089e+00   3.49944e-02 
   @DF-RHF iter   2:  -266.35117980465964   -1.30101e-01   2.51221e-02 DIIS
   @DF-RHF iter   3:  -266.39439360705029   -4.32138e-02   4.53231e-03 DIIS
   @DF-RHF iter   4:  -266.39816148324803   -3.76788e-03   1.13859e-03 DIIS
   @DF-RHF iter   5:  -266.39857718908547   -4.15706e-04   5.77892e-04 DIIS
   @DF-RHF iter   6:  -266.39866890602531   -9.17169e-05   1.76722e-04 DIIS
   @DF-RHF iter   7:  -266.39868115222674   -1.22462e-05   5.72730e-05 DIIS
   @DF-RHF iter   8:  -266.39868283818316   -1.68596e-06   1.26132e-05 DIIS
   @DF-RHF iter   9:  -266.39868292647321   -8.82901e-08   6.12429e-06 DIIS
   @DF-RHF iter  10:  -266.39868293320296   -6.72975e-09   1.66587e-06 DIIS
   @DF-RHF iter  11:  -266.39868293395710   -7.54142e-10   2.76953e-07 DIIS
   @DF-RHF iter  12:  -266.39868293400070   -4.35989e-11   8.74732e-08 DIIS
   @DF-RHF iter  13:  -266.39868293400349   -2.78533e-12   2.21754e-08 DIIS
   @DF-RHF iter  14:  -266.39868293400377   -2.84217e-13   7.90753e-09 DIIS

  ==> Post-Iterations <==

    Orbital Energies [Eh]
    ---------------------

    Doubly Occupied:                                                      

       1A    -20.497847     2A    -20.388622     3A    -11.299644  
       4A    -11.241561     5A    -11.165281     6A     -1.429211  
       7A     -1.307461     8A     -1.016111     9A     -0.952369  
      10A     -0.815076    11A     -0.721782    12A     -0.670855  
      13A     -0.646446    14A     -0.615134    15A     -0.575698  
      16A     -0.564134    17A     -0.528025    18A     -0.519233  
      19A     -0.481712    20A     -0.407316    21A     -0.390268  

    Virtual:                                                              

      22A      0.225121    23A      0.252851    24A      0.297379  
      25A      0.313059    26A      0.322746    27A      0.327615  
      28A      0.341233    29A      0.354703    30A      0.358924  
      31A      0.443390    32A      0.450266    33A      0.543287  
      34A      0.901715    35A      0.914495    36A      0.926347  
      37A      0.957543    38A      0.979528    39A      1.008317  
      40A      1.040543    41A      1.116321    42A      1.158010  
      43A      1.197183    44A      1.262160    45A      1.292036  
      46A      1.302512    47A      1.337007    48A      1.360162  
      49A      1.370051    50A      1.427688    51A      1.770591  
      52A      1.910019    53A      1.961492    54A      2.018517  
      55A      2.051523    56A      2.092050    57A      2.156517  
      58A      2.292444    59A      2.430281    60A      3.301485  
      61A      3.769139  

    Final Occupation by Irrep:
              A 
    DOCC [    21 ]

  Energy converged.

  @DF-RHF Final Energy:  -266.39868293400377

   => Energetics <=

    Nuclear Repulsion Energy =            195.9211009689948924
    One-Electron Energy =                -752.1719944669334836
    Two-Electron Energy =                 289.8522105639348183
    Total Energy =                       -266.3986829340037730



Properties will be evaluated at   0.000000,   0.000000,   0.000000 [a0]

Properties computed using the SCF density matrix

  Nuclear Dipole Moment: [e a0]
     X:     3.6255      Y:     0.7756      Z:     1.5829

  Electronic Dipole Moment: [e a0]
     X:    -2.2774      Y:    -0.2628      Z:    -1.4283

  Dipole Moment: [e a0]
     X:     1.3481      Y:     0.5128      Z:     0.1545     Total:     1.4506

  Dipole Moment: [D]
     X:     3.4265      Y:     1.3034      Z:     0.3927     Total:     3.6870


*** tstop() called on localhost.localdomain at Thu Feb 28 10:22:54 2019
Module time:
	user time   =      60.48 seconds =       1.01 minutes
	system time =       4.39 seconds =       0.07 minutes
	total time  =          3 seconds =       0.05 minutes
Total time:
	user time   =   11663.61 seconds =     194.39 minutes
	system time =     768.36 seconds =      12.81 minutes
	total time  =        532 seconds =       8.87 minutes

*** tstart() called on localhost.localdomain
*** at Thu Feb 28 10:22:54 2019


  //>>>>>>>>>>>>>>>>>>>>>>>>>>>>>>>>>>>//
  //               DFMP2               //
  //<<<<<<<<<<<<<<<<<<<<<<<<<<<<<<<<<<<//

   => Loading Basis Set <=

    Name: (3-21G AUX)
    Role: RIFIT
    Keyword: DF_BASIS_MP2
    atoms 1, 6, 11            entry C          line   270 file /root/psi4conda/share/psi4/basis/def2-qzvpp-ri.gbs 
    atoms 2, 9                entry O          line   406 file /root/psi4conda/share/psi4/basis/def2-qzvpp-ri.gbs 
    atoms 3-5, 7-8, 10, 12-13 entry H          line    24 file /root/psi4conda/share/psi4/basis/def2-qzvpp-ri.gbs 

	 --------------------------------------------------------
	                          DF-MP2                         
	      2nd-Order Density-Fitted Moller-Plesset Theory     
	              RMP2 Wavefunction,  40 Threads             
	                                                         
	        Rob Parrish, Justin Turney, Andy Simmonett,      
	           Ed Hohenstein, and C. David Sherrill          
	 --------------------------------------------------------

   => Auxiliary Basis Set <=

  Basis Set: (3-21G AUX)
    Blend: DEF2-QZVPP-RI
    Number of shells: 293
    Number of basis function: 1153
    Number of Cartesian functions: 1523
    Spherical Harmonics?: true
    Max angular momentum: 5

	 --------------------------------------------------------
	                 NBF =    61, NAUX =  1153
	 --------------------------------------------------------
	   CLASS    FOCC     OCC    AOCC    AVIR     VIR    FVIR
	   PAIRS       5      21      16      40      40       0
	 --------------------------------------------------------

	-----------------------------------------------------------
	 ==================> DF-MP2 Energies <==================== 
	-----------------------------------------------------------
	 Reference Energy          =    -266.3986829340037730 [Eh]
	 Singles Energy            =      -0.0000000000000057 [Eh]
	 Same-Spin Energy          =      -0.1232421404696230 [Eh]
	 Opposite-Spin Energy      =      -0.4022928543629856 [Eh]
	 Correlation Energy        =      -0.5255349948326142 [Eh]
	 Total Energy              =    -266.9242179288364127 [Eh]
	-----------------------------------------------------------
	 ================> DF-SCS-MP2 Energies <================== 
	-----------------------------------------------------------
	 SCS Same-Spin Scale       =       0.3333333333333333 [-]
	 SCS Opposite-Spin Scale   =       1.2000000000000000 [-]
	 SCS Same-Spin Energy      =      -0.0410807134898743 [Eh]
	 SCS Opposite-Spin Energy  =      -0.4827514252355827 [Eh]
	 SCS Correlation Energy    =      -0.5238321387254627 [Eh]
	 SCS Total Energy          =    -266.9225150727292544 [Eh]
	-----------------------------------------------------------


*** tstop() called on localhost.localdomain at Thu Feb 28 10:22:55 2019
Module time:
	user time   =      33.63 seconds =       0.56 minutes
	system time =       1.88 seconds =       0.03 minutes
	total time  =          1 seconds =       0.02 minutes
Total time:
	user time   =   11697.28 seconds =     194.95 minutes
	system time =     770.25 seconds =      12.84 minutes
	total time  =        533 seconds =       8.88 minutes
