  Threads set to 40 by Python driver.

*** tstart() called on localhost.localdomain
*** at Thu Feb 28 10:28:54 2019

   => Loading Basis Set <=

    Name: 3-21G
    Role: ORBITAL
    Keyword: BASIS
    atoms 1, 6, 11            entry C          line    68 file /root/psi4conda/share/psi4/basis/3-21g.gbs 
    atoms 2, 9                entry O          line    90 file /root/psi4conda/share/psi4/basis/3-21g.gbs 
    atoms 3-5, 7-8, 10, 12-13 entry H          line    21 file /root/psi4conda/share/psi4/basis/3-21g.gbs 


         ---------------------------------------------------------
                                   SCF
            by Justin Turney, Rob Parrish, Andy Simmonett
                             and Daniel Smith
                              RHF Reference
                       40 Threads,    500 MiB Core
         ---------------------------------------------------------

  ==> Geometry <==

    Molecular point group: c1
    Full point group: C1

    Geometry (in Angstrom), charge = 0, multiplicity = 1:

       Center              X                  Y                   Z               Mass       
    ------------   -----------------  -----------------  -----------------  -----------------
         C           -0.000897761879    -0.498114072745     0.079654159859    12.000000000000
         O           -1.094707247501    -0.839631838362    -0.738274775309    15.994914619560
         H            0.696386095317    -0.723789782277     2.100063962441     1.007825032070
         H           -1.039879652420    -0.398782703601     1.953336087762     1.007825032070
         H            1.034112054635     2.425737010561    -0.955030901973     1.007825032070
         C            1.183878782302     1.354849679541    -0.826317032276    12.000000000000
         H            1.101661425358     0.863288782654    -1.800734285777     1.007825032070
         H            2.183708560023     1.181708393589    -0.413443739258     1.007825032070
         O            0.189425700173     0.893565738537     0.067131215792    15.994914619560
         H           -1.787959973773    -0.197186797589    -0.556570443656     1.007825032070
         C           -0.198349167268    -0.940055243431     1.514513116802    12.000000000000
         H           -0.406158373986    -2.009779756740     1.547649916916     1.007825032070
         H            0.861762175559    -1.005092641835    -0.366396584672     1.007825032070

  Running in c1 symmetry.

  Rotational constants: A =      0.26997  B =      0.12760  C =      0.09774 [cm^-1]
  Rotational constants: A =   8093.46757  B =   3825.34510  C =   2930.26117 [MHz]
  Nuclear repulsion =  197.634990387352218

  Charge       = 0
  Multiplicity = 1
  Electrons    = 42
  Nalpha       = 21
  Nbeta        = 21

  ==> Algorithm <==

  SCF Algorithm Type is DF.
  DIIS enabled.
  MOM disabled.
  Fractional occupation disabled.
  Guess Type is SAD.
  Energy threshold   = 1.00e-08
  Density threshold  = 1.00e-08
  Integral threshold = 0.00e+00

  ==> Primary Basis <==

  Basis Set: 3-21G
    Blend: 3-21G
    Number of shells: 41
    Number of basis function: 61
    Number of Cartesian functions: 61
    Spherical Harmonics?: false
    Max angular momentum: 1

   => Loading Basis Set <=

    Name: (3-21G AUX)
    Role: JKFIT
    Keyword: DF_BASIS_SCF
    atoms 1, 6, 11            entry C          line   203 file /root/psi4conda/share/psi4/basis/def2-svp-jkfit.gbs 
    atoms 2, 9                entry O          line   323 file /root/psi4conda/share/psi4/basis/def2-svp-jkfit.gbs 
    atoms 3-5, 7-8, 10, 12-13 entry H          line    23 file /root/psi4conda/share/psi4/basis/def2-svp-jkfit.gbs 

  ==> Pre-Iterations <==

   -------------------------------------------------------
    Irrep   Nso     Nmo     Nalpha   Nbeta   Ndocc  Nsocc
   -------------------------------------------------------
     A         61      61       0       0       0       0
   -------------------------------------------------------
    Total      61      61      21      21      21       0
   -------------------------------------------------------

  ==> Integral Setup <==

  ==> DiskDFJK: Density-Fitted J/K Matrices <==

    J tasked:                  Yes
    K tasked:                  Yes
    wK tasked:                  No
    OpenMP threads:             40
    Integrals threads:          40
    Memory (MB):               375
    Algorithm:                Core
    Integral Cache:           NONE
    Schwarz Cutoff:          1E-12
    Fitting Condition:       1E-12

   => Auxiliary Basis Set <=

  Basis Set: (3-21G AUX)
    Blend: DEF2-SVP-JKFIT
    Number of shells: 173
    Number of basis function: 613
    Number of Cartesian functions: 613
    Spherical Harmonics?: false
    Max angular momentum: 4

  Minimum eigenvalue in the overlap matrix is 1.2885702206E-02.
  Using Symmetric Orthogonalization.

  SCF Guess: Superposition of Atomic Densities via on-the-fly atomic UHF.

  ==> Iterations <==

                           Total Energy        Delta E     RMS |[F,P]|

   @DF-RHF iter   0:  -268.24190596238708   -2.68242e+02   2.87737e-01 
   @DF-RHF iter   1:  -266.33684080525165    1.90507e+00   2.65397e-02 
   @DF-RHF iter   2:  -266.45927620133955   -1.22435e-01   1.23474e-02 DIIS
   @DF-RHF iter   3:  -266.47947521022849   -2.01990e-02   3.96555e-03 DIIS
   @DF-RHF iter   4:  -266.48287834462769   -3.40313e-03   1.17152e-03 DIIS
   @DF-RHF iter   5:  -266.48313134502041   -2.53000e-04   4.06688e-04 DIIS
   @DF-RHF iter   6:  -266.48316105405263   -2.97090e-05   8.47288e-05 DIIS
   @DF-RHF iter   7:  -266.48316297337260   -1.91932e-06   3.81094e-05 DIIS
   @DF-RHF iter   8:  -266.48316322675180   -2.53379e-07   5.29103e-06 DIIS
   @DF-RHF iter   9:  -266.48316323985694   -1.31051e-08   1.68833e-06 DIIS
   @DF-RHF iter  10:  -266.48316324054144   -6.84508e-10   3.50907e-07 DIIS
   @DF-RHF iter  11:  -266.48316324063035   -8.89031e-11   9.31116e-08 DIIS
   @DF-RHF iter  12:  -266.48316324063637   -6.02540e-12   2.18388e-08 DIIS
   @DF-RHF iter  13:  -266.48316324063643   -5.68434e-14   7.55302e-09 DIIS

  ==> Post-Iterations <==

    Orbital Energies [Eh]
    ---------------------

    Doubly Occupied:                                                      

       1A    -20.455691     2A    -20.441593     3A    -11.277015  
       4A    -11.221285     5A    -11.156083     6A     -1.414230  
       7A     -1.330822     8A     -1.019096     9A     -0.929340  
      10A     -0.834089    11A     -0.695559    12A     -0.671282  
      13A     -0.651228    14A     -0.598224    15A     -0.582834  
      16A     -0.547120    17A     -0.534290    18A     -0.519382  
      19A     -0.466933    20A     -0.437237    21A     -0.423049  

    Virtual:                                                              

      22A      0.267200    23A      0.286225    24A      0.311333  
      25A      0.320697    26A      0.334423    27A      0.343108  
      28A      0.349187    29A      0.368187    30A      0.385948  
      31A      0.447236    32A      0.479215    33A      0.548061  
      34A      0.925114    35A      0.934089    36A      0.948459  
      37A      0.982587    38A      1.001696    39A      1.017222  
      40A      1.061931    41A      1.138317    42A      1.186262  
      43A      1.254896    44A      1.296051    45A      1.312341  
      46A      1.320097    47A      1.353898    48A      1.367591  
      49A      1.390470    50A      1.447774    51A      1.781725  
      52A      1.915466    53A      1.945356    54A      1.961765  
      55A      2.078118    56A      2.104307    57A      2.172004  
      58A      2.380940    59A      2.429544    60A      3.374667  
      61A      3.660859  

    Final Occupation by Irrep:
              A 
    DOCC [    21 ]

  Energy converged.

  @DF-RHF Final Energy:  -266.48316324063643

   => Energetics <=

    Nuclear Repulsion Energy =            197.6349903873522180
    One-Electron Energy =                -755.8235434129908299
    Two-Electron Energy =                 291.7053897850021826
    Total Energy =                       -266.4831632406364292



Properties will be evaluated at   0.000000,   0.000000,   0.000000 [a0]

Properties computed using the SCF density matrix

  Nuclear Dipole Moment: [e a0]
     X:     2.4740      Y:     0.1279      Z:     1.4113

  Electronic Dipole Moment: [e a0]
     X:    -2.0399      Y:     0.1502      Z:    -1.3378

  Dipole Moment: [e a0]
     X:     0.4341      Y:     0.2781      Z:     0.0735     Total:     0.5208

  Dipole Moment: [D]
     X:     1.1034      Y:     0.7068      Z:     0.1869     Total:     1.3236


*** tstop() called on localhost.localdomain at Thu Feb 28 10:28:57 2019
Module time:
	user time   =      60.38 seconds =       1.01 minutes
	system time =       4.18 seconds =       0.07 minutes
	total time  =          3 seconds =       0.05 minutes
Total time:
	user time   =   19603.78 seconds =     326.73 minutes
	system time =    1307.80 seconds =      21.80 minutes
	total time  =        895 seconds =      14.92 minutes

*** tstart() called on localhost.localdomain
*** at Thu Feb 28 10:28:57 2019


  //>>>>>>>>>>>>>>>>>>>>>>>>>>>>>>>>>>>//
  //               DFMP2               //
  //<<<<<<<<<<<<<<<<<<<<<<<<<<<<<<<<<<<//

   => Loading Basis Set <=

    Name: (3-21G AUX)
    Role: RIFIT
    Keyword: DF_BASIS_MP2
    atoms 1, 6, 11            entry C          line   270 file /root/psi4conda/share/psi4/basis/def2-qzvpp-ri.gbs 
    atoms 2, 9                entry O          line   406 file /root/psi4conda/share/psi4/basis/def2-qzvpp-ri.gbs 
    atoms 3-5, 7-8, 10, 12-13 entry H          line    24 file /root/psi4conda/share/psi4/basis/def2-qzvpp-ri.gbs 

	 --------------------------------------------------------
	                          DF-MP2                         
	      2nd-Order Density-Fitted Moller-Plesset Theory     
	              RMP2 Wavefunction,  40 Threads             
	                                                         
	        Rob Parrish, Justin Turney, Andy Simmonett,      
	           Ed Hohenstein, and C. David Sherrill          
	 --------------------------------------------------------

   => Auxiliary Basis Set <=

  Basis Set: (3-21G AUX)
    Blend: DEF2-QZVPP-RI
    Number of shells: 293
    Number of basis function: 1153
    Number of Cartesian functions: 1523
    Spherical Harmonics?: true
    Max angular momentum: 5

	 --------------------------------------------------------
	                 NBF =    61, NAUX =  1153
	 --------------------------------------------------------
	   CLASS    FOCC     OCC    AOCC    AVIR     VIR    FVIR
	   PAIRS       5      21      16      40      40       0
	 --------------------------------------------------------

	-----------------------------------------------------------
	 ==================> DF-MP2 Energies <==================== 
	-----------------------------------------------------------
	 Reference Energy          =    -266.4831632406364292 [Eh]
	 Singles Energy            =      -0.0000000000000013 [Eh]
	 Same-Spin Energy          =      -0.1146526211351142 [Eh]
	 Opposite-Spin Energy      =      -0.3893560776769854 [Eh]
	 Correlation Energy        =      -0.5040086988121009 [Eh]
	 Total Energy              =    -266.9871719394485581 [Eh]
	-----------------------------------------------------------
	 ================> DF-SCS-MP2 Energies <================== 
	-----------------------------------------------------------
	 SCS Same-Spin Scale       =       0.3333333333333333 [-]
	 SCS Opposite-Spin Scale   =       1.2000000000000000 [-]
	 SCS Same-Spin Energy      =      -0.0382175403783714 [Eh]
	 SCS Opposite-Spin Energy  =      -0.4672272932123825 [Eh]
	 SCS Correlation Energy    =      -0.5054448335907551 [Eh]
	 SCS Total Energy          =    -266.9886080742271588 [Eh]
	-----------------------------------------------------------


*** tstop() called on localhost.localdomain at Thu Feb 28 10:28:58 2019
Module time:
	user time   =      33.85 seconds =       0.56 minutes
	system time =       1.99 seconds =       0.03 minutes
	total time  =          1 seconds =       0.02 minutes
Total time:
	user time   =   19637.67 seconds =     327.29 minutes
	system time =    1309.79 seconds =      21.83 minutes
	total time  =        896 seconds =      14.93 minutes
