  Threads set to 40 by Python driver.

*** tstart() called on localhost.localdomain
*** at Thu Feb 28 10:19:49 2019

   => Loading Basis Set <=

    Name: 3-21G
    Role: ORBITAL
    Keyword: BASIS
    atoms 1, 6, 11            entry C          line    68 file /root/psi4conda/share/psi4/basis/3-21g.gbs 
    atoms 2, 9                entry O          line    90 file /root/psi4conda/share/psi4/basis/3-21g.gbs 
    atoms 3-5, 7-8, 10, 12-13 entry H          line    21 file /root/psi4conda/share/psi4/basis/3-21g.gbs 


         ---------------------------------------------------------
                                   SCF
            by Justin Turney, Rob Parrish, Andy Simmonett
                             and Daniel Smith
                              RHF Reference
                       40 Threads,    500 MiB Core
         ---------------------------------------------------------

  ==> Geometry <==

    Molecular point group: c1
    Full point group: C1

    Geometry (in Angstrom), charge = 0, multiplicity = 1:

       Center              X                  Y                   Z               Mass       
    ------------   -----------------  -----------------  -----------------  -----------------
         C           -0.110078080515    -0.855216130066     0.064276280377    12.000000000000
         O           -1.094593258114    -0.848519547788    -0.659440936843    15.994914619560
         H            0.724668134349    -0.679678396257     2.060587893063     1.007825032070
         H           -1.050101801100    -0.461476103959     1.950589641274     1.007825032070
         H            1.113497577201     2.488389526974    -1.159601271955     1.007825032070
         C            1.227177803868     1.450121178364    -0.843920000156    12.000000000000
         H            1.317200101047     0.804939807694    -1.724133076140     1.007825032070
         H            2.125116658390     1.362757245782    -0.234321725371     1.007825032070
         O            0.138807933253     1.063903882485    -0.036501650685    15.994914619560
         H           -0.673211620295     1.064296042407    -0.564044463524     1.007825032070
         C           -0.188995760762    -1.004254826330     1.562279411872    12.000000000000
         H           -0.335658383819    -2.070984855731     1.756727319140     1.007825032070
         H            0.896721152863    -1.052491280364    -0.359399526815     1.007825032070

  Running in c1 symmetry.

  Rotational constants: A =      0.27229  B =      0.10990  C =      0.08992 [cm^-1]
  Rotational constants: A =   8163.16445  B =   3294.63400  C =   2695.66325 [MHz]
  Nuclear repulsion =  192.119245330070328

  Charge       = 0
  Multiplicity = 1
  Electrons    = 42
  Nalpha       = 21
  Nbeta        = 21

  ==> Algorithm <==

  SCF Algorithm Type is DF.
  DIIS enabled.
  MOM disabled.
  Fractional occupation disabled.
  Guess Type is SAD.
  Energy threshold   = 1.00e-08
  Density threshold  = 1.00e-08
  Integral threshold = 0.00e+00

  ==> Primary Basis <==

  Basis Set: 3-21G
    Blend: 3-21G
    Number of shells: 41
    Number of basis function: 61
    Number of Cartesian functions: 61
    Spherical Harmonics?: false
    Max angular momentum: 1

   => Loading Basis Set <=

    Name: (3-21G AUX)
    Role: JKFIT
    Keyword: DF_BASIS_SCF
    atoms 1, 6, 11            entry C          line   203 file /root/psi4conda/share/psi4/basis/def2-svp-jkfit.gbs 
    atoms 2, 9                entry O          line   323 file /root/psi4conda/share/psi4/basis/def2-svp-jkfit.gbs 
    atoms 3-5, 7-8, 10, 12-13 entry H          line    23 file /root/psi4conda/share/psi4/basis/def2-svp-jkfit.gbs 

  ==> Pre-Iterations <==

   -------------------------------------------------------
    Irrep   Nso     Nmo     Nalpha   Nbeta   Ndocc  Nsocc
   -------------------------------------------------------
     A         61      61       0       0       0       0
   -------------------------------------------------------
    Total      61      61      21      21      21       0
   -------------------------------------------------------

  ==> Integral Setup <==

  ==> DiskDFJK: Density-Fitted J/K Matrices <==

    J tasked:                  Yes
    K tasked:                  Yes
    wK tasked:                  No
    OpenMP threads:             40
    Integrals threads:          40
    Memory (MB):               375
    Algorithm:                Core
    Integral Cache:           NONE
    Schwarz Cutoff:          1E-12
    Fitting Condition:       1E-12

   => Auxiliary Basis Set <=

  Basis Set: (3-21G AUX)
    Blend: DEF2-SVP-JKFIT
    Number of shells: 173
    Number of basis function: 613
    Number of Cartesian functions: 613
    Spherical Harmonics?: false
    Max angular momentum: 4

  Minimum eigenvalue in the overlap matrix is 1.4838094637E-02.
  Using Symmetric Orthogonalization.

  SCF Guess: Superposition of Atomic Densities via on-the-fly atomic UHF.

  ==> Iterations <==

                           Total Energy        Delta E     RMS |[F,P]|

   @DF-RHF iter   0:  -267.86538912152110   -2.67865e+02   3.45973e-01 
   @DF-RHF iter   1:  -266.27954767681979    1.58584e+00   4.34015e-02 
   @DF-RHF iter   2:  -266.40223948406310   -1.22692e-01   2.31815e-02 DIIS
   @DF-RHF iter   3:  -266.42811653423342   -2.58771e-02   7.47108e-03 DIIS
   @DF-RHF iter   4:  -266.43284633371002   -4.72980e-03   1.42385e-03 DIIS
   @DF-RHF iter   5:  -266.43330143168299   -4.55098e-04   4.32556e-04 DIIS
   @DF-RHF iter   6:  -266.43338388111579   -8.24494e-05   1.99452e-04 DIIS
   @DF-RHF iter   7:  -266.43339665801767   -1.27769e-05   1.25590e-04 DIIS
   @DF-RHF iter   8:  -266.43340152647187   -4.86845e-06   3.58373e-05 DIIS
   @DF-RHF iter   9:  -266.43340228606343   -7.59592e-07   7.35135e-06 DIIS
   @DF-RHF iter  10:  -266.43340232249540   -3.64320e-08   2.84071e-06 DIIS
   @DF-RHF iter  11:  -266.43340232654100   -4.04560e-09   6.71866e-07 DIIS
   @DF-RHF iter  12:  -266.43340232680134   -2.60343e-10   1.26958e-07 DIIS
   @DF-RHF iter  13:  -266.43340232681368   -1.23350e-11   7.81443e-08 DIIS
   @DF-RHF iter  14:  -266.43340232681419   -5.11591e-13   2.05682e-08 DIIS
   @DF-RHF iter  15:  -266.43340232681442   -2.27374e-13   5.07979e-09 DIIS

  ==> Post-Iterations <==

    Orbital Energies [Eh]
    ---------------------

    Doubly Occupied:                                                      

       1A    -20.484147     2A    -20.389769     3A    -11.272985  
       4A    -11.236694     5A    -11.157542     6A     -1.412691  
       7A     -1.347548     8A     -0.999750     9A     -0.952620  
      10A     -0.788732    11A     -0.714792    12A     -0.657969  
      13A     -0.650101    14A     -0.619873    15A     -0.576783  
      16A     -0.570213    17A     -0.528984    18A     -0.512098  
      19A     -0.501872    20A     -0.408404    21A     -0.370678  

    Virtual:                                                              

      22A      0.216300    23A      0.250203    24A      0.296950  
      25A      0.313694    26A      0.322882    27A      0.331947  
      28A      0.342415    29A      0.363005    30A      0.364311  
      31A      0.425884    32A      0.477145    33A      0.574319  
      34A      0.926020    35A      0.935720    36A      0.944430  
      37A      0.967926    38A      1.011325    39A      1.023029  
      40A      1.112668    41A      1.136565    42A      1.190140  
      43A      1.230501    44A      1.273720    45A      1.301078  
      46A      1.340967    47A      1.359181    48A      1.366242  
      49A      1.380567    50A      1.435345    51A      1.744167  
      52A      1.843925    53A      1.948527    54A      1.952563  
      55A      2.046135    56A      2.083709    57A      2.098573  
      58A      2.180317    59A      2.419559    60A      3.390948  
      61A      3.706955  

    Final Occupation by Irrep:
              A 
    DOCC [    21 ]

  Energy converged.

  @DF-RHF Final Energy:  -266.43340232681442

   => Energetics <=

    Nuclear Repulsion Energy =            192.1192453300703278
    One-Electron Energy =                -744.7968079079037125
    Two-Electron Energy =                 286.2441602510190251
    Total Energy =                       -266.4334023268144165



Properties will be evaluated at   0.000000,   0.000000,   0.000000 [a0]

Properties computed using the SCF density matrix

  Nuclear Dipole Moment: [e a0]
     X:     3.8561      Y:     1.3658      Z:     1.6151

  Electronic Dipole Moment: [e a0]
     X:    -2.7330      Y:    -0.7201      Z:    -1.5603

  Dipole Moment: [e a0]
     X:     1.1231      Y:     0.6456      Z:     0.0548     Total:     1.2966

  Dipole Moment: [D]
     X:     2.8547      Y:     1.6410      Z:     0.1393     Total:     3.2957


*** tstop() called on localhost.localdomain at Thu Feb 28 10:19:51 2019
Module time:
	user time   =      61.40 seconds =       1.02 minutes
	system time =       4.03 seconds =       0.07 minutes
	total time  =          2 seconds =       0.03 minutes
Total time:
	user time   =    7655.16 seconds =     127.59 minutes
	system time =     508.18 seconds =       8.47 minutes
	total time  =        349 seconds =       5.82 minutes

*** tstart() called on localhost.localdomain
*** at Thu Feb 28 10:19:51 2019


  //>>>>>>>>>>>>>>>>>>>>>>>>>>>>>>>>>>>//
  //               DFMP2               //
  //<<<<<<<<<<<<<<<<<<<<<<<<<<<<<<<<<<<//

   => Loading Basis Set <=

    Name: (3-21G AUX)
    Role: RIFIT
    Keyword: DF_BASIS_MP2
    atoms 1, 6, 11            entry C          line   270 file /root/psi4conda/share/psi4/basis/def2-qzvpp-ri.gbs 
    atoms 2, 9                entry O          line   406 file /root/psi4conda/share/psi4/basis/def2-qzvpp-ri.gbs 
    atoms 3-5, 7-8, 10, 12-13 entry H          line    24 file /root/psi4conda/share/psi4/basis/def2-qzvpp-ri.gbs 

	 --------------------------------------------------------
	                          DF-MP2                         
	      2nd-Order Density-Fitted Moller-Plesset Theory     
	              RMP2 Wavefunction,  40 Threads             
	                                                         
	        Rob Parrish, Justin Turney, Andy Simmonett,      
	           Ed Hohenstein, and C. David Sherrill          
	 --------------------------------------------------------

   => Auxiliary Basis Set <=

  Basis Set: (3-21G AUX)
    Blend: DEF2-QZVPP-RI
    Number of shells: 293
    Number of basis function: 1153
    Number of Cartesian functions: 1523
    Spherical Harmonics?: true
    Max angular momentum: 5

	 --------------------------------------------------------
	                 NBF =    61, NAUX =  1153
	 --------------------------------------------------------
	   CLASS    FOCC     OCC    AOCC    AVIR     VIR    FVIR
	   PAIRS       5      21      16      40      40       0
	 --------------------------------------------------------

	-----------------------------------------------------------
	 ==================> DF-MP2 Energies <==================== 
	-----------------------------------------------------------
	 Reference Energy          =    -266.4334023268144165 [Eh]
	 Singles Energy            =      -0.0000000000000006 [Eh]
	 Same-Spin Energy          =      -0.1204799543629488 [Eh]
	 Opposite-Spin Energy      =      -0.3990384302323094 [Eh]
	 Correlation Energy        =      -0.5195183845952588 [Eh]
	 Total Energy              =    -266.9529207114096607 [Eh]
	-----------------------------------------------------------
	 ================> DF-SCS-MP2 Energies <================== 
	-----------------------------------------------------------
	 SCS Same-Spin Scale       =       0.3333333333333333 [-]
	 SCS Opposite-Spin Scale   =       1.2000000000000000 [-]
	 SCS Same-Spin Energy      =      -0.0401599847876496 [Eh]
	 SCS Opposite-Spin Energy  =      -0.4788461162787713 [Eh]
	 SCS Correlation Energy    =      -0.5190061010664214 [Eh]
	 SCS Total Energy          =    -266.9524084278808118 [Eh]
	-----------------------------------------------------------


*** tstop() called on localhost.localdomain at Thu Feb 28 10:19:53 2019
Module time:
	user time   =      32.67 seconds =       0.54 minutes
	system time =       2.32 seconds =       0.04 minutes
	total time  =          2 seconds =       0.03 minutes
Total time:
	user time   =    7687.87 seconds =     128.13 minutes
	system time =     510.50 seconds =       8.51 minutes
	total time  =        351 seconds =       5.85 minutes
