  Threads set to 40 by Python driver.

*** tstart() called on localhost.localdomain
*** at Thu Feb 28 10:15:20 2019

   => Loading Basis Set <=

    Name: 3-21G
    Role: ORBITAL
    Keyword: BASIS
    atoms 1, 6, 11            entry C          line    68 file /root/psi4conda/share/psi4/basis/3-21g.gbs 
    atoms 2, 9                entry O          line    90 file /root/psi4conda/share/psi4/basis/3-21g.gbs 
    atoms 3-5, 7-8, 10, 12-13 entry H          line    21 file /root/psi4conda/share/psi4/basis/3-21g.gbs 


         ---------------------------------------------------------
                                   SCF
            by Justin Turney, Rob Parrish, Andy Simmonett
                             and Daniel Smith
                              RHF Reference
                       40 Threads,    500 MiB Core
         ---------------------------------------------------------

  ==> Geometry <==

    Molecular point group: c1
    Full point group: C1

    Geometry (in Angstrom), charge = 0, multiplicity = 1:

       Center              X                  Y                   Z               Mass       
    ------------   -----------------  -----------------  -----------------  -----------------
         C           -0.174498713298    -1.083033811299     0.062492898028    12.000000000000
         O           -1.132729368029    -0.975770608994    -0.659346656659    15.994914619560
         H            0.676121573796    -0.584033168608     1.959948270890     1.007825032070
         H           -1.109834962692    -0.513884560816     1.898224887137     1.007825032070
         H            1.284397381464     2.527691942739    -1.316245420120     1.007825032070
         C            1.279780255874     1.520487855860    -0.890149350570    12.000000000000
         H            1.257807007606     0.788070767284    -1.704867297201     1.007825032070
         H            2.197850283375     1.382885145404    -0.318982699517     1.007825032070
         O            0.204440332324     1.336892482439     0.008677869572    15.994914619560
         H           -0.620346542856     1.319864138102    -0.486530848180     1.007825032070
         C           -0.224431046401    -1.051049795984     1.561918009971    12.000000000000
         H           -0.270636418729    -2.082588062660     1.926135907126     1.007825032070
         H            0.829126363532    -1.263292899467    -0.373823543689     1.007825032070

  Running in c1 symmetry.

  Rotational constants: A =      0.25150  B =      0.09292  C =      0.07878 [cm^-1]
  Rotational constants: A =   7539.69230  B =   2785.75097  C =   2361.85319 [MHz]
  Nuclear repulsion =  183.717264460035921

  Charge       = 0
  Multiplicity = 1
  Electrons    = 42
  Nalpha       = 21
  Nbeta        = 21

  ==> Algorithm <==

  SCF Algorithm Type is DF.
  DIIS enabled.
  MOM disabled.
  Fractional occupation disabled.
  Guess Type is SAD.
  Energy threshold   = 1.00e-08
  Density threshold  = 1.00e-08
  Integral threshold = 0.00e+00

  ==> Primary Basis <==

  Basis Set: 3-21G
    Blend: 3-21G
    Number of shells: 41
    Number of basis function: 61
    Number of Cartesian functions: 61
    Spherical Harmonics?: false
    Max angular momentum: 1

   => Loading Basis Set <=

    Name: (3-21G AUX)
    Role: JKFIT
    Keyword: DF_BASIS_SCF
    atoms 1, 6, 11            entry C          line   203 file /root/psi4conda/share/psi4/basis/def2-svp-jkfit.gbs 
    atoms 2, 9                entry O          line   323 file /root/psi4conda/share/psi4/basis/def2-svp-jkfit.gbs 
    atoms 3-5, 7-8, 10, 12-13 entry H          line    23 file /root/psi4conda/share/psi4/basis/def2-svp-jkfit.gbs 

  ==> Pre-Iterations <==

   -------------------------------------------------------
    Irrep   Nso     Nmo     Nalpha   Nbeta   Ndocc  Nsocc
   -------------------------------------------------------
     A         61      61       0       0       0       0
   -------------------------------------------------------
    Total      61      61      21      21      21       0
   -------------------------------------------------------

  ==> Integral Setup <==

  ==> DiskDFJK: Density-Fitted J/K Matrices <==

    J tasked:                  Yes
    K tasked:                  Yes
    wK tasked:                  No
    OpenMP threads:             40
    Integrals threads:          40
    Memory (MB):               375
    Algorithm:                Core
    Integral Cache:           NONE
    Schwarz Cutoff:          1E-12
    Fitting Condition:       1E-12

   => Auxiliary Basis Set <=

  Basis Set: (3-21G AUX)
    Blend: DEF2-SVP-JKFIT
    Number of shells: 173
    Number of basis function: 613
    Number of Cartesian functions: 613
    Spherical Harmonics?: false
    Max angular momentum: 4

  Minimum eigenvalue in the overlap matrix is 1.6397038064E-02.
  Using Symmetric Orthogonalization.

  SCF Guess: Superposition of Atomic Densities via on-the-fly atomic UHF.

  ==> Iterations <==

                           Total Energy        Delta E     RMS |[F,P]|

   @DF-RHF iter   0:  -267.45270871560041   -2.67453e+02   2.71249e-01 
   @DF-RHF iter   1:  -266.29717659665516    1.15553e+00   2.59079e-02 
   @DF-RHF iter   2:  -266.40821608050169   -1.11039e-01   1.47669e-02 DIIS
   @DF-RHF iter   3:  -266.45039136045705   -4.21753e-02   2.96642e-03 DIIS
   @DF-RHF iter   4:  -266.45554642172232   -5.15506e-03   1.82490e-03 DIIS
   @DF-RHF iter   5:  -266.45618486836668   -6.38447e-04   7.47727e-04 DIIS
   @DF-RHF iter   6:  -266.45633397721247   -1.49109e-04   2.52329e-04 DIIS
   @DF-RHF iter   7:  -266.45635495486584   -2.09777e-05   8.02613e-05 DIIS
   @DF-RHF iter   8:  -266.45635897782245   -4.02296e-06   2.66631e-05 DIIS
   @DF-RHF iter   9:  -266.45635974874835   -7.70926e-07   1.15627e-05 DIIS
   @DF-RHF iter  10:  -266.45635990791061   -1.59162e-07   4.33339e-06 DIIS
   @DF-RHF iter  11:  -266.45635993492698   -2.70164e-08   1.27258e-06 DIIS
   @DF-RHF iter  12:  -266.45635993652604   -1.59906e-09   1.85696e-07 DIIS
   @DF-RHF iter  13:  -266.45635993657947   -5.34328e-11   7.33323e-08 DIIS
   @DF-RHF iter  14:  -266.45635993658158   -2.10321e-12   1.20078e-08 DIIS
   @DF-RHF iter  15:  -266.45635993658112    4.54747e-13   3.46302e-09 DIIS

  ==> Post-Iterations <==

    Orbital Energies [Eh]
    ---------------------

    Doubly Occupied:                                                      

       1A    -20.453165     2A    -20.440258     3A    -11.273365  
       4A    -11.222295     5A    -11.164299     6A     -1.397780  
       7A     -1.361995     8A     -1.006580     9A     -0.933054  
      10A     -0.784851    11A     -0.689175    12A     -0.659783  
      13A     -0.635634    14A     -0.605039    15A     -0.600439  
      16A     -0.577360    17A     -0.540153    18A     -0.496190  
      19A     -0.486154    20A     -0.435725    21A     -0.397430  

    Virtual:                                                              

      22A      0.182240    23A      0.253138    24A      0.293214  
      25A      0.312376    26A      0.325847    27A      0.338534  
      28A      0.345710    29A      0.354867    30A      0.366214  
      31A      0.433240    32A      0.478765    33A      0.556158  
      34A      0.913183    35A      0.945344    36A      0.959832  
      37A      0.969590    38A      0.999891    39A      1.010795  
      40A      1.099583    41A      1.116827    42A      1.167304  
      43A      1.232355    44A      1.283110    45A      1.310272  
      46A      1.334609    47A      1.345431    48A      1.361152  
      49A      1.382276    50A      1.406789    51A      1.641909  
      52A      1.850675    53A      1.922739    54A      1.956521  
      55A      1.987450    56A      2.049113    57A      2.057457  
      58A      2.152422    59A      2.274161    60A      3.344606  
      61A      3.566362  

    Final Occupation by Irrep:
              A 
    DOCC [    21 ]

  Energy converged.

  @DF-RHF Final Energy:  -266.45635993658112

   => Energetics <=

    Nuclear Repulsion Energy =            183.7172644600359206
    One-Electron Energy =                -728.0258026458119502
    Two-Electron Energy =                 277.8521782491948784
    Total Energy =                       -266.4563599365811228



Properties will be evaluated at   0.000000,   0.000000,   0.000000 [a0]

Properties computed using the SCF density matrix

  Nuclear Dipole Moment: [e a0]
     X:     3.9746      Y:     1.4780      Z:     1.4817

  Electronic Dipole Moment: [e a0]
     X:    -3.1076      Y:    -1.3242      Z:    -1.4641

  Dipole Moment: [e a0]
     X:     0.8670      Y:     0.1538      Z:     0.0176     Total:     0.8808

  Dipole Moment: [D]
     X:     2.2038      Y:     0.3909      Z:     0.0448     Total:     2.2387


*** tstop() called on localhost.localdomain at Thu Feb 28 10:15:23 2019
Module time:
	user time   =      60.11 seconds =       1.00 minutes
	system time =       4.18 seconds =       0.07 minutes
	total time  =          3 seconds =       0.05 minutes
Total time:
	user time   =    1774.43 seconds =      29.57 minutes
	system time =     116.41 seconds =       1.94 minutes
	total time  =         81 seconds =       1.35 minutes

*** tstart() called on localhost.localdomain
*** at Thu Feb 28 10:15:23 2019


  //>>>>>>>>>>>>>>>>>>>>>>>>>>>>>>>>>>>//
  //               DFMP2               //
  //<<<<<<<<<<<<<<<<<<<<<<<<<<<<<<<<<<<//

   => Loading Basis Set <=

    Name: (3-21G AUX)
    Role: RIFIT
    Keyword: DF_BASIS_MP2
    atoms 1, 6, 11            entry C          line   270 file /root/psi4conda/share/psi4/basis/def2-qzvpp-ri.gbs 
    atoms 2, 9                entry O          line   406 file /root/psi4conda/share/psi4/basis/def2-qzvpp-ri.gbs 
    atoms 3-5, 7-8, 10, 12-13 entry H          line    24 file /root/psi4conda/share/psi4/basis/def2-qzvpp-ri.gbs 

	 --------------------------------------------------------
	                          DF-MP2                         
	      2nd-Order Density-Fitted Moller-Plesset Theory     
	              RMP2 Wavefunction,  40 Threads             
	                                                         
	        Rob Parrish, Justin Turney, Andy Simmonett,      
	           Ed Hohenstein, and C. David Sherrill          
	 --------------------------------------------------------

   => Auxiliary Basis Set <=

  Basis Set: (3-21G AUX)
    Blend: DEF2-QZVPP-RI
    Number of shells: 293
    Number of basis function: 1153
    Number of Cartesian functions: 1523
    Spherical Harmonics?: true
    Max angular momentum: 5

	 --------------------------------------------------------
	                 NBF =    61, NAUX =  1153
	 --------------------------------------------------------
	   CLASS    FOCC     OCC    AOCC    AVIR     VIR    FVIR
	   PAIRS       5      21      16      40      40       0
	 --------------------------------------------------------

	-----------------------------------------------------------
	 ==================> DF-MP2 Energies <==================== 
	-----------------------------------------------------------
	 Reference Energy          =    -266.4563599365811228 [Eh]
	 Singles Energy            =      -0.0000000000000002 [Eh]
	 Same-Spin Energy          =      -0.1180325829860583 [Eh]
	 Opposite-Spin Energy      =      -0.3985418722442796 [Eh]
	 Correlation Energy        =      -0.5165744552303382 [Eh]
	 Total Energy              =    -266.9729343918114637 [Eh]
	-----------------------------------------------------------
	 ================> DF-SCS-MP2 Energies <================== 
	-----------------------------------------------------------
	 SCS Same-Spin Scale       =       0.3333333333333333 [-]
	 SCS Opposite-Spin Scale   =       1.2000000000000000 [-]
	 SCS Same-Spin Energy      =      -0.0393441943286861 [Eh]
	 SCS Opposite-Spin Energy  =      -0.4782502466931355 [Eh]
	 SCS Correlation Energy    =      -0.5175944410218218 [Eh]
	 SCS Total Energy          =    -266.9739543776029222 [Eh]
	-----------------------------------------------------------


*** tstop() called on localhost.localdomain at Thu Feb 28 10:15:24 2019
Module time:
	user time   =      34.28 seconds =       0.57 minutes
	system time =       2.04 seconds =       0.03 minutes
	total time  =          1 seconds =       0.02 minutes
Total time:
	user time   =    1808.74 seconds =      30.15 minutes
	system time =     118.45 seconds =       1.97 minutes
	total time  =         82 seconds =       1.37 minutes
