  Threads set to 40 by Python driver.

*** tstart() called on localhost.localdomain
*** at Thu Feb 28 10:29:42 2019

   => Loading Basis Set <=

    Name: 3-21G
    Role: ORBITAL
    Keyword: BASIS
    atoms 1, 6, 11            entry C          line    68 file /root/psi4conda/share/psi4/basis/3-21g.gbs 
    atoms 2, 9                entry O          line    90 file /root/psi4conda/share/psi4/basis/3-21g.gbs 
    atoms 3-5, 7-8, 10, 12-13 entry H          line    21 file /root/psi4conda/share/psi4/basis/3-21g.gbs 


         ---------------------------------------------------------
                                   SCF
            by Justin Turney, Rob Parrish, Andy Simmonett
                             and Daniel Smith
                              RHF Reference
                       40 Threads,    500 MiB Core
         ---------------------------------------------------------

  ==> Geometry <==

    Molecular point group: c1
    Full point group: C1

    Geometry (in Angstrom), charge = 0, multiplicity = 1:

       Center              X                  Y                   Z               Mass       
    ------------   -----------------  -----------------  -----------------  -----------------
         C            0.001989688111    -0.495996634123     0.084594122182    12.000000000000
         O           -1.077096005096    -0.833486152955    -0.751959927605    15.994914619560
         H            0.673819059381    -0.723625824670     2.112115241078     1.007825032070
         H           -1.056973208100    -0.390010299283     1.947025161844     1.007825032070
         H            1.055720007421     2.431415872458    -0.920469677657     1.007825032070
         C            1.166106580016     1.350859428969    -0.844062727440    12.000000000000
         H            1.007645940048     0.904112373785    -1.830544693180     1.007825032070
         H            2.179433782130     1.119653362937    -0.497079014355     1.007825032070
         O            0.205960530830     0.893327603131     0.087522245418    15.994914619560
         H           -1.825875439020    -0.293051722880    -0.480586289893     1.007825032070
         C           -0.214643848495    -0.937675283270     1.516783848219    12.000000000000
         H           -0.427863642358    -2.006258332620     1.550575763494     1.007825032070
         H            0.867051025941    -1.005928557341    -0.353151161973     1.007825032070

  Running in c1 symmetry.

  Rotational constants: A =      0.27063  B =      0.12803  C =      0.09790 [cm^-1]
  Rotational constants: A =   8113.42644  B =   3838.25695  C =   2934.85852 [MHz]
  Nuclear repulsion =  197.736087843796753

  Charge       = 0
  Multiplicity = 1
  Electrons    = 42
  Nalpha       = 21
  Nbeta        = 21

  ==> Algorithm <==

  SCF Algorithm Type is DF.
  DIIS enabled.
  MOM disabled.
  Fractional occupation disabled.
  Guess Type is SAD.
  Energy threshold   = 1.00e-08
  Density threshold  = 1.00e-08
  Integral threshold = 0.00e+00

  ==> Primary Basis <==

  Basis Set: 3-21G
    Blend: 3-21G
    Number of shells: 41
    Number of basis function: 61
    Number of Cartesian functions: 61
    Spherical Harmonics?: false
    Max angular momentum: 1

   => Loading Basis Set <=

    Name: (3-21G AUX)
    Role: JKFIT
    Keyword: DF_BASIS_SCF
    atoms 1, 6, 11            entry C          line   203 file /root/psi4conda/share/psi4/basis/def2-svp-jkfit.gbs 
    atoms 2, 9                entry O          line   323 file /root/psi4conda/share/psi4/basis/def2-svp-jkfit.gbs 
    atoms 3-5, 7-8, 10, 12-13 entry H          line    23 file /root/psi4conda/share/psi4/basis/def2-svp-jkfit.gbs 

  ==> Pre-Iterations <==

   -------------------------------------------------------
    Irrep   Nso     Nmo     Nalpha   Nbeta   Ndocc  Nsocc
   -------------------------------------------------------
     A         61      61       0       0       0       0
   -------------------------------------------------------
    Total      61      61      21      21      21       0
   -------------------------------------------------------

  ==> Integral Setup <==

  ==> DiskDFJK: Density-Fitted J/K Matrices <==

    J tasked:                  Yes
    K tasked:                  Yes
    wK tasked:                  No
    OpenMP threads:             40
    Integrals threads:          40
    Memory (MB):               375
    Algorithm:                Core
    Integral Cache:           NONE
    Schwarz Cutoff:          1E-12
    Fitting Condition:       1E-12

   => Auxiliary Basis Set <=

  Basis Set: (3-21G AUX)
    Blend: DEF2-SVP-JKFIT
    Number of shells: 173
    Number of basis function: 613
    Number of Cartesian functions: 613
    Spherical Harmonics?: false
    Max angular momentum: 4

  Minimum eigenvalue in the overlap matrix is 1.2928760303E-02.
  Using Symmetric Orthogonalization.

  SCF Guess: Superposition of Atomic Densities via on-the-fly atomic UHF.

  ==> Iterations <==

                           Total Energy        Delta E     RMS |[F,P]|

   @DF-RHF iter   0:  -268.03536630942153   -2.68035e+02   2.17418e-01 
   @DF-RHF iter   1:  -266.36362572347974    1.67174e+00   1.79880e-02 
   @DF-RHF iter   2:  -266.46376609831219   -1.00140e-01   1.47055e-02 DIIS
   @DF-RHF iter   3:  -266.48063093346502   -1.68648e-02   3.64968e-03 DIIS
   @DF-RHF iter   4:  -266.48372094576285   -3.09001e-03   5.02988e-04 DIIS
   @DF-RHF iter   5:  -266.48387426811775   -1.53322e-04   1.91891e-04 DIIS
   @DF-RHF iter   6:  -266.48388684405347   -1.25759e-05   5.44233e-05 DIIS
   @DF-RHF iter   7:  -266.48388803085646   -1.18680e-06   2.87794e-05 DIIS
   @DF-RHF iter   8:  -266.48388816509197   -1.34236e-07   5.28341e-06 DIIS
   @DF-RHF iter   9:  -266.48388817456055   -9.46858e-09   5.95682e-07 DIIS
   @DF-RHF iter  10:  -266.48388817484147   -2.80920e-10   6.39958e-07 DIIS
   @DF-RHF iter  11:  -266.48388817486733   -2.58638e-11   6.52823e-08 DIIS
   @DF-RHF iter  12:  -266.48388817486961   -2.27374e-12   1.62310e-08 DIIS
   @DF-RHF iter  13:  -266.48388817486961    0.00000e+00   2.02952e-09 DIIS

  ==> Post-Iterations <==

    Orbital Energies [Eh]
    ---------------------

    Doubly Occupied:                                                      

       1A    -20.453460     2A    -20.443820     3A    -11.276927  
       4A    -11.218955     5A    -11.157784     6A     -1.413233  
       7A     -1.332053     8A     -1.019622     9A     -0.927367  
      10A     -0.835699    11A     -0.694505    12A     -0.671444  
      13A     -0.650006    14A     -0.598187    15A     -0.586149  
      16A     -0.543770    17A     -0.534173    18A     -0.520052  
      19A     -0.462548    20A     -0.441171    21A     -0.423230  

    Virtual:                                                              

      22A      0.267778    23A      0.283292    24A      0.311266  
      25A      0.321896    26A      0.335987    27A      0.342322  
      28A      0.352174    29A      0.366808    30A      0.387940  
      31A      0.446109    32A      0.483075    33A      0.547687  
      34A      0.925721    35A      0.938831    36A      0.948549  
      37A      0.981576    38A      1.001037    39A      1.015909  
      40A      1.057630    41A      1.139251    42A      1.188745  
      43A      1.255664    44A      1.294315    45A      1.314121  
      46A      1.322394    47A      1.353095    48A      1.366229  
      49A      1.392200    50A      1.453795    51A      1.782266  
      52A      1.911910    53A      1.953323    54A      1.971710  
      55A      2.072034    56A      2.101113    57A      2.181121  
      58A      2.370863    59A      2.433519    60A      3.379536  
      61A      3.661963  

    Final Occupation by Irrep:
              A 
    DOCC [    21 ]

  Energy converged.

  @DF-RHF Final Energy:  -266.48388817486961

   => Energetics <=

    Nuclear Repulsion Energy =            197.7360878437967528
    One-Electron Energy =                -756.0316444618156311
    Two-Electron Energy =                 291.8116684431492445
    Total Energy =                       -266.4838881748696053



Properties will be evaluated at   0.000000,   0.000000,   0.000000 [a0]

Properties computed using the SCF density matrix

  Nuclear Dipole Moment: [e a0]
     X:     2.3141      Y:     0.0343      Z:     1.4292

  Electronic Dipole Moment: [e a0]
     X:    -1.9546      Y:     0.1581      Z:    -1.2975

  Dipole Moment: [e a0]
     X:     0.3595      Y:     0.1925      Z:     0.1317     Total:     0.4285

  Dipole Moment: [D]
     X:     0.9137      Y:     0.4892      Z:     0.3347     Total:     1.0891


*** tstop() called on localhost.localdomain at Thu Feb 28 10:29:45 2019
Module time:
	user time   =      61.66 seconds =       1.03 minutes
	system time =       3.97 seconds =       0.07 minutes
	total time  =          3 seconds =       0.05 minutes
Total time:
	user time   =   20651.17 seconds =     344.19 minutes
	system time =    1378.22 seconds =      22.97 minutes
	total time  =        943 seconds =      15.72 minutes

*** tstart() called on localhost.localdomain
*** at Thu Feb 28 10:29:45 2019


  //>>>>>>>>>>>>>>>>>>>>>>>>>>>>>>>>>>>//
  //               DFMP2               //
  //<<<<<<<<<<<<<<<<<<<<<<<<<<<<<<<<<<<//

   => Loading Basis Set <=

    Name: (3-21G AUX)
    Role: RIFIT
    Keyword: DF_BASIS_MP2
    atoms 1, 6, 11            entry C          line   270 file /root/psi4conda/share/psi4/basis/def2-qzvpp-ri.gbs 
    atoms 2, 9                entry O          line   406 file /root/psi4conda/share/psi4/basis/def2-qzvpp-ri.gbs 
    atoms 3-5, 7-8, 10, 12-13 entry H          line    24 file /root/psi4conda/share/psi4/basis/def2-qzvpp-ri.gbs 

	 --------------------------------------------------------
	                          DF-MP2                         
	      2nd-Order Density-Fitted Moller-Plesset Theory     
	              RMP2 Wavefunction,  40 Threads             
	                                                         
	        Rob Parrish, Justin Turney, Andy Simmonett,      
	           Ed Hohenstein, and C. David Sherrill          
	 --------------------------------------------------------

   => Auxiliary Basis Set <=

  Basis Set: (3-21G AUX)
    Blend: DEF2-QZVPP-RI
    Number of shells: 293
    Number of basis function: 1153
    Number of Cartesian functions: 1523
    Spherical Harmonics?: true
    Max angular momentum: 5

	 --------------------------------------------------------
	                 NBF =    61, NAUX =  1153
	 --------------------------------------------------------
	   CLASS    FOCC     OCC    AOCC    AVIR     VIR    FVIR
	   PAIRS       5      21      16      40      40       0
	 --------------------------------------------------------

	-----------------------------------------------------------
	 ==================> DF-MP2 Energies <==================== 
	-----------------------------------------------------------
	 Reference Energy          =    -266.4838881748696053 [Eh]
	 Singles Energy            =      -0.0000000000000001 [Eh]
	 Same-Spin Energy          =      -0.1147361969354547 [Eh]
	 Opposite-Spin Energy      =      -0.3894927817698133 [Eh]
	 Correlation Energy        =      -0.5042289787052681 [Eh]
	 Total Energy              =    -266.9881171535748763 [Eh]
	-----------------------------------------------------------
	 ================> DF-SCS-MP2 Energies <================== 
	-----------------------------------------------------------
	 SCS Same-Spin Scale       =       0.3333333333333333 [-]
	 SCS Opposite-Spin Scale   =       1.2000000000000000 [-]
	 SCS Same-Spin Energy      =      -0.0382453989784849 [Eh]
	 SCS Opposite-Spin Energy  =      -0.4673913381237759 [Eh]
	 SCS Correlation Energy    =      -0.5056367371022610 [Eh]
	 SCS Total Energy          =    -266.9895249119718414 [Eh]
	-----------------------------------------------------------


*** tstop() called on localhost.localdomain at Thu Feb 28 10:29:46 2019
Module time:
	user time   =      32.91 seconds =       0.55 minutes
	system time =       2.37 seconds =       0.04 minutes
	total time  =          1 seconds =       0.02 minutes
Total time:
	user time   =   20684.11 seconds =     344.74 minutes
	system time =    1380.59 seconds =      23.01 minutes
	total time  =        944 seconds =      15.73 minutes
