  Threads set to 40 by Python driver.

*** tstart() called on localhost.localdomain
*** at Thu Feb 28 10:14:11 2019

   => Loading Basis Set <=

    Name: 3-21G
    Role: ORBITAL
    Keyword: BASIS
    atoms 1, 6, 11            entry C          line    68 file /root/psi4conda/share/psi4/basis/3-21g.gbs 
    atoms 2, 9                entry O          line    90 file /root/psi4conda/share/psi4/basis/3-21g.gbs 
    atoms 3-5, 7-8, 10, 12-13 entry H          line    21 file /root/psi4conda/share/psi4/basis/3-21g.gbs 


         ---------------------------------------------------------
                                   SCF
            by Justin Turney, Rob Parrish, Andy Simmonett
                             and Daniel Smith
                              RHF Reference
                       40 Threads,    500 MiB Core
         ---------------------------------------------------------

  ==> Geometry <==

    Molecular point group: c1
    Full point group: C1

    Geometry (in Angstrom), charge = 0, multiplicity = 1:

       Center              X                  Y                   Z               Mass       
    ------------   -----------------  -----------------  -----------------  -----------------
         C           -0.189001980429    -1.131895910363     0.065997272460    12.000000000000
         O           -1.140780094303    -1.003957269749    -0.660030650574    15.994914619560
         H            0.637234240650    -0.545093582423     1.943327454097     1.007825032070
         H           -1.150450549586    -0.568378576350     1.889689828616     1.007825032070
         H            1.301710385223     2.533271714117    -1.364575113571     1.007825032070
         C            1.289668970672     1.540240494551    -0.905984243416    12.000000000000
         H            1.240970466233     0.783094035797    -1.696366503200     1.007825032070
         H            2.217169147337     1.406250977112    -0.349336637918     1.007825032070
         O            0.228828643287     1.402266187908     0.019674013260    15.994914619560
         H           -0.602392022196     1.366549470724    -0.460443207423     1.007825032070
         C           -0.240096524072    -1.068638481423     1.563341754348    12.000000000000
         H           -0.227948423849    -2.091346988498     1.954187685834     1.007825032070
         H            0.810372959727    -1.343792312055    -0.366420460282     1.007825032070

  Running in c1 symmetry.

  Rotational constants: A =      0.24794  B =      0.08909  C =      0.07607 [cm^-1]
  Rotational constants: A =   7433.04632  B =   2670.96350  C =   2280.41999 [MHz]
  Nuclear repulsion =  181.915633563912735

  Charge       = 0
  Multiplicity = 1
  Electrons    = 42
  Nalpha       = 21
  Nbeta        = 21

  ==> Algorithm <==

  SCF Algorithm Type is DF.
  DIIS enabled.
  MOM disabled.
  Fractional occupation disabled.
  Guess Type is SAD.
  Energy threshold   = 1.00e-08
  Density threshold  = 1.00e-08
  Integral threshold = 0.00e+00

  ==> Primary Basis <==

  Basis Set: 3-21G
    Blend: 3-21G
    Number of shells: 41
    Number of basis function: 61
    Number of Cartesian functions: 61
    Spherical Harmonics?: false
    Max angular momentum: 1

   => Loading Basis Set <=

    Name: (3-21G AUX)
    Role: JKFIT
    Keyword: DF_BASIS_SCF
    atoms 1, 6, 11            entry C          line   203 file /root/psi4conda/share/psi4/basis/def2-svp-jkfit.gbs 
    atoms 2, 9                entry O          line   323 file /root/psi4conda/share/psi4/basis/def2-svp-jkfit.gbs 
    atoms 3-5, 7-8, 10, 12-13 entry H          line    23 file /root/psi4conda/share/psi4/basis/def2-svp-jkfit.gbs 

  ==> Pre-Iterations <==

   -------------------------------------------------------
    Irrep   Nso     Nmo     Nalpha   Nbeta   Ndocc  Nsocc
   -------------------------------------------------------
     A         61      61       0       0       0       0
   -------------------------------------------------------
    Total      61      61      21      21      21       0
   -------------------------------------------------------

  ==> Integral Setup <==

  ==> DiskDFJK: Density-Fitted J/K Matrices <==

    J tasked:                  Yes
    K tasked:                  Yes
    wK tasked:                  No
    OpenMP threads:             40
    Integrals threads:          40
    Memory (MB):               375
    Algorithm:                Core
    Integral Cache:           NONE
    Schwarz Cutoff:          1E-12
    Fitting Condition:       1E-12

   => Auxiliary Basis Set <=

  Basis Set: (3-21G AUX)
    Blend: DEF2-SVP-JKFIT
    Number of shells: 173
    Number of basis function: 613
    Number of Cartesian functions: 613
    Spherical Harmonics?: false
    Max angular momentum: 4

  Minimum eigenvalue in the overlap matrix is 1.6502876294E-02.
  Using Symmetric Orthogonalization.

  SCF Guess: Superposition of Atomic Densities via on-the-fly atomic UHF.

  ==> Iterations <==

                           Total Energy        Delta E     RMS |[F,P]|

   @DF-RHF iter   0:  -267.63750126144339   -2.67638e+02   2.40567e-01 
   @DF-RHF iter   1:  -266.35134068112399    1.28616e+00   2.58077e-02 
   @DF-RHF iter   2:  -266.44208967749182   -9.07490e-02   7.53100e-03 DIIS
   @DF-RHF iter   3:  -266.45530244527026   -1.32128e-02   2.95613e-03 DIIS
   @DF-RHF iter   4:  -266.45771315301704   -2.41071e-03   7.33468e-04 DIIS
   @DF-RHF iter   5:  -266.45789728123304   -1.84128e-04   5.42573e-04 DIIS
   @DF-RHF iter   6:  -266.45793553268220   -3.82514e-05   1.01422e-04 DIIS
   @DF-RHF iter   7:  -266.45793894906501   -3.41638e-06   8.64398e-05 DIIS
   @DF-RHF iter   8:  -266.45793963343766   -6.84373e-07   1.50485e-05 DIIS
   @DF-RHF iter   9:  -266.45793978168598   -1.48248e-07   7.39547e-06 DIIS
   @DF-RHF iter  10:  -266.45793981588088   -3.41949e-08   2.12557e-06 DIIS
   @DF-RHF iter  11:  -266.45793982111195   -5.23107e-09   1.85968e-06 DIIS
   @DF-RHF iter  12:  -266.45793982168851   -5.76563e-10   3.42408e-07 DIIS
   @DF-RHF iter  13:  -266.45793982172700   -3.84830e-11   6.38041e-08 DIIS
   @DF-RHF iter  14:  -266.45793982172916   -2.16005e-12   1.57903e-08 DIIS
   @DF-RHF iter  15:  -266.45793982172921   -5.68434e-14   9.36525e-09 DIIS

  ==> Post-Iterations <==

    Orbital Energies [Eh]
    ---------------------

    Doubly Occupied:                                                      

       1A    -20.450250     2A    -20.446424     3A    -11.274741  
       4A    -11.220727     5A    -11.165853     6A     -1.401024  
       7A     -1.359478     8A     -1.008600     9A     -0.931161  
      10A     -0.786280    11A     -0.686566    12A     -0.662447  
      13A     -0.632889    14A     -0.607126    15A     -0.598972  
      16A     -0.579505    17A     -0.542102    18A     -0.495078  
      19A     -0.485178    20A     -0.437390    21A     -0.401247  

    Virtual:                                                              

      22A      0.177986    23A      0.253957    24A      0.292821  
      25A      0.312187    26A      0.324128    27A      0.336903  
      28A      0.347149    29A      0.352751    30A      0.364463  
      31A      0.433634    32A      0.477221    33A      0.553252  
      34A      0.905517    35A      0.946401    36A      0.958557  
      37A      0.969016    38A      0.995885    39A      1.007931  
      40A      1.094660    41A      1.114044    42A      1.163090  
      43A      1.229940    44A      1.283681    45A      1.310524  
      46A      1.332851    47A      1.343725    48A      1.359983  
      49A      1.380667    50A      1.401029    51A      1.641200  
      52A      1.853809    53A      1.918636    54A      1.954469  
      55A      1.979833    56A      2.024909    57A      2.045894  
      58A      2.152761    59A      2.240815    60A      3.339802  
      61A      3.540111  

    Final Occupation by Irrep:
              A 
    DOCC [    21 ]

  Energy converged.

  @DF-RHF Final Energy:  -266.45793982172921

   => Energetics <=

    Nuclear Repulsion Energy =            181.9156335639127349
    One-Electron Energy =                -724.4010715818144490
    Two-Electron Energy =                 276.0274981961725302
    Total Energy =                       -266.4579398217292123



Properties will be evaluated at   0.000000,   0.000000,   0.000000 [a0]

Properties computed using the SCF density matrix

  Nuclear Dipole Moment: [e a0]
     X:     3.9580      Y:     1.4461      Z:     1.4501

  Electronic Dipole Moment: [e a0]
     X:    -3.1253      Y:    -1.3778      Z:    -1.4326

  Dipole Moment: [e a0]
     X:     0.8327      Y:     0.0683      Z:     0.0174     Total:     0.8357

  Dipole Moment: [D]
     X:     2.1165      Y:     0.1736      Z:     0.0443     Total:     2.1241


*** tstop() called on localhost.localdomain at Thu Feb 28 10:14:13 2019
Module time:
	user time   =      60.79 seconds =       1.01 minutes
	system time =       4.31 seconds =       0.07 minutes
	total time  =          2 seconds =       0.03 minutes
Total time:
	user time   =     244.89 seconds =       4.08 minutes
	system time =      16.88 seconds =       0.28 minutes
	total time  =         11 seconds =       0.18 minutes

*** tstart() called on localhost.localdomain
*** at Thu Feb 28 10:14:13 2019


  //>>>>>>>>>>>>>>>>>>>>>>>>>>>>>>>>>>>//
  //               DFMP2               //
  //<<<<<<<<<<<<<<<<<<<<<<<<<<<<<<<<<<<//

   => Loading Basis Set <=

    Name: (3-21G AUX)
    Role: RIFIT
    Keyword: DF_BASIS_MP2
    atoms 1, 6, 11            entry C          line   270 file /root/psi4conda/share/psi4/basis/def2-qzvpp-ri.gbs 
    atoms 2, 9                entry O          line   406 file /root/psi4conda/share/psi4/basis/def2-qzvpp-ri.gbs 
    atoms 3-5, 7-8, 10, 12-13 entry H          line    24 file /root/psi4conda/share/psi4/basis/def2-qzvpp-ri.gbs 

	 --------------------------------------------------------
	                          DF-MP2                         
	      2nd-Order Density-Fitted Moller-Plesset Theory     
	              RMP2 Wavefunction,  40 Threads             
	                                                         
	        Rob Parrish, Justin Turney, Andy Simmonett,      
	           Ed Hohenstein, and C. David Sherrill          
	 --------------------------------------------------------

   => Auxiliary Basis Set <=

  Basis Set: (3-21G AUX)
    Blend: DEF2-QZVPP-RI
    Number of shells: 293
    Number of basis function: 1153
    Number of Cartesian functions: 1523
    Spherical Harmonics?: true
    Max angular momentum: 5

	 --------------------------------------------------------
	                 NBF =    61, NAUX =  1153
	 --------------------------------------------------------
	   CLASS    FOCC     OCC    AOCC    AVIR     VIR    FVIR
	   PAIRS       5      21      16      40      40       0
	 --------------------------------------------------------

	-----------------------------------------------------------
	 ==================> DF-MP2 Energies <==================== 
	-----------------------------------------------------------
	 Reference Energy          =    -266.4579398217292123 [Eh]
	 Singles Energy            =      -0.0000000000000041 [Eh]
	 Same-Spin Energy          =      -0.1177041319268299 [Eh]
	 Opposite-Spin Energy      =      -0.3983081692574196 [Eh]
	 Correlation Energy        =      -0.5160123011842537 [Eh]
	 Total Energy              =    -266.9739521229134880 [Eh]
	-----------------------------------------------------------
	 ================> DF-SCS-MP2 Energies <================== 
	-----------------------------------------------------------
	 SCS Same-Spin Scale       =       0.3333333333333333 [-]
	 SCS Opposite-Spin Scale   =       1.2000000000000000 [-]
	 SCS Same-Spin Energy      =      -0.0392347106422766 [Eh]
	 SCS Opposite-Spin Energy  =      -0.4779698031089035 [Eh]
	 SCS Correlation Energy    =      -0.5172045137511843 [Eh]
	 SCS Total Energy          =    -266.9751443354804223 [Eh]
	-----------------------------------------------------------


*** tstop() called on localhost.localdomain at Thu Feb 28 10:14:15 2019
Module time:
	user time   =      33.91 seconds =       0.57 minutes
	system time =       1.93 seconds =       0.03 minutes
	total time  =          2 seconds =       0.03 minutes
Total time:
	user time   =     278.84 seconds =       4.65 minutes
	system time =      18.81 seconds =       0.31 minutes
	total time  =         13 seconds =       0.22 minutes
