  Threads set to 40 by Python driver.

*** tstart() called on localhost.localdomain
*** at Thu Feb 28 10:20:10 2019

   => Loading Basis Set <=

    Name: 3-21G
    Role: ORBITAL
    Keyword: BASIS
    atoms 1, 6, 11            entry C          line    68 file /root/psi4conda/share/psi4/basis/3-21g.gbs 
    atoms 2, 9                entry O          line    90 file /root/psi4conda/share/psi4/basis/3-21g.gbs 
    atoms 3-5, 7-8, 10, 12-13 entry H          line    21 file /root/psi4conda/share/psi4/basis/3-21g.gbs 


         ---------------------------------------------------------
                                   SCF
            by Justin Turney, Rob Parrish, Andy Simmonett
                             and Daniel Smith
                              RHF Reference
                       40 Threads,    500 MiB Core
         ---------------------------------------------------------

  ==> Geometry <==

    Molecular point group: c1
    Full point group: C1

    Geometry (in Angstrom), charge = 0, multiplicity = 1:

       Center              X                  Y                   Z               Mass       
    ------------   -----------------  -----------------  -----------------  -----------------
         C           -0.103058283632    -0.835783043943     0.065778804920    12.000000000000
         O           -1.092011244162    -0.837286028830    -0.659350692832    15.994914619560
         H            0.724099674572    -0.686781650060     2.071238763054     1.007825032070
         H           -1.049625811157    -0.462438716201     1.952491865782     1.007825032070
         H            1.096107727575     2.483882798309    -1.147915792050     1.007825032070
         C            1.222809358714     1.444810099075    -0.841147599190    12.000000000000
         H            1.319520038384     0.806688517958    -1.725452548382     1.007825032070
         H            2.119486960946     1.362425603377    -0.229386912098     1.007825032070
         O            0.134221946298     1.043107854384    -0.040425097471    15.994914619560
         H           -0.675334999396     1.030382028270    -0.574321876520     1.007825032070
         C           -0.187252985738    -1.002250969150     1.562592799575    12.000000000000
         H           -0.338522623971    -2.070809067260     1.741807141443     1.007825032070
         H            0.901985243023    -1.047841468622    -0.355852401208     1.007825032070

  Running in c1 symmetry.

  Rotational constants: A =      0.27419  B =      0.11130  C =      0.09080 [cm^-1]
  Rotational constants: A =   8220.10884  B =   3336.66521  C =   2721.98854 [MHz]
  Nuclear repulsion =  192.830703759720762

  Charge       = 0
  Multiplicity = 1
  Electrons    = 42
  Nalpha       = 21
  Nbeta        = 21

  ==> Algorithm <==

  SCF Algorithm Type is DF.
  DIIS enabled.
  MOM disabled.
  Fractional occupation disabled.
  Guess Type is SAD.
  Energy threshold   = 1.00e-08
  Density threshold  = 1.00e-08
  Integral threshold = 0.00e+00

  ==> Primary Basis <==

  Basis Set: 3-21G
    Blend: 3-21G
    Number of shells: 41
    Number of basis function: 61
    Number of Cartesian functions: 61
    Spherical Harmonics?: false
    Max angular momentum: 1

   => Loading Basis Set <=

    Name: (3-21G AUX)
    Role: JKFIT
    Keyword: DF_BASIS_SCF
    atoms 1, 6, 11            entry C          line   203 file /root/psi4conda/share/psi4/basis/def2-svp-jkfit.gbs 
    atoms 2, 9                entry O          line   323 file /root/psi4conda/share/psi4/basis/def2-svp-jkfit.gbs 
    atoms 3-5, 7-8, 10, 12-13 entry H          line    23 file /root/psi4conda/share/psi4/basis/def2-svp-jkfit.gbs 

  ==> Pre-Iterations <==

   -------------------------------------------------------
    Irrep   Nso     Nmo     Nalpha   Nbeta   Ndocc  Nsocc
   -------------------------------------------------------
     A         61      61       0       0       0       0
   -------------------------------------------------------
    Total      61      61      21      21      21       0
   -------------------------------------------------------

  ==> Integral Setup <==

  ==> DiskDFJK: Density-Fitted J/K Matrices <==

    J tasked:                  Yes
    K tasked:                  Yes
    wK tasked:                  No
    OpenMP threads:             40
    Integrals threads:          40
    Memory (MB):               375
    Algorithm:                Core
    Integral Cache:           NONE
    Schwarz Cutoff:          1E-12
    Fitting Condition:       1E-12

   => Auxiliary Basis Set <=

  Basis Set: (3-21G AUX)
    Blend: DEF2-SVP-JKFIT
    Number of shells: 173
    Number of basis function: 613
    Number of Cartesian functions: 613
    Spherical Harmonics?: false
    Max angular momentum: 4

  Minimum eigenvalue in the overlap matrix is 1.4631379888E-02.
  Using Symmetric Orthogonalization.

  SCF Guess: Superposition of Atomic Densities via on-the-fly atomic UHF.

  ==> Iterations <==

                           Total Energy        Delta E     RMS |[F,P]|

   @DF-RHF iter   0:  -267.94079171900580   -2.67941e+02   3.50009e-01 
   @DF-RHF iter   1:  -266.25658056798682    1.68421e+00   3.98573e-02 
   @DF-RHF iter   2:  -266.37775952377672   -1.21179e-01   1.84631e-02 DIIS
   @DF-RHF iter   3:  -266.42434196038846   -4.65824e-02   3.76588e-03 DIIS
   @DF-RHF iter   4:  -266.42896254945401   -4.62059e-03   1.88455e-03 DIIS
   @DF-RHF iter   5:  -266.42949158338809   -5.29034e-04   4.55689e-04 DIIS
   @DF-RHF iter   6:  -266.42962830508367   -1.36722e-04   1.32630e-04 DIIS
   @DF-RHF iter   7:  -266.42965169820877   -2.33931e-05   7.80559e-05 DIIS
   @DF-RHF iter   8:  -266.42965562142786   -3.92322e-06   2.29512e-05 DIIS
   @DF-RHF iter   9:  -266.42965616120529   -5.39777e-07   7.51060e-06 DIIS
   @DF-RHF iter  10:  -266.42965620432290   -4.31176e-08   3.21399e-06 DIIS
   @DF-RHF iter  11:  -266.42965620773180   -3.40890e-09   1.02450e-06 DIIS
   @DF-RHF iter  12:  -266.42965620809139   -3.59591e-10   1.23484e-07 DIIS
   @DF-RHF iter  13:  -266.42965620810327   -1.18803e-11   3.87281e-08 DIIS
   @DF-RHF iter  14:  -266.42965620810406   -7.95808e-13   1.99450e-08 DIIS
   @DF-RHF iter  15:  -266.42965620810435   -2.84217e-13   4.17215e-09 DIIS

  ==> Post-Iterations <==

    Orbital Energies [Eh]
    ---------------------

    Doubly Occupied:                                                      

       1A    -20.489454     2A    -20.383326     3A    -11.273901  
       4A    -11.238954     5A    -11.157018     6A     -1.418418  
       7A     -1.342009     8A     -0.999485     9A     -0.955655  
      10A     -0.790706    11A     -0.718651    12A     -0.659955  
      13A     -0.652328    14A     -0.619759    15A     -0.573561  
      16A     -0.570188    17A     -0.527517    18A     -0.514877  
      19A     -0.503798    20A     -0.404416    21A     -0.367586  

    Virtual:                                                              

      22A      0.220022    23A      0.249711    24A      0.297173  
      25A      0.313862    26A      0.321820    27A      0.330226  
      28A      0.342377    29A      0.362177    30A      0.364486  
      31A      0.424922    32A      0.475756    33A      0.575555  
      34A      0.923967    35A      0.934131    36A      0.940627  
      37A      0.967364    38A      1.011732    39A      1.023254  
      40A      1.110134    41A      1.137043    42A      1.191693  
      43A      1.228330    44A      1.272230    45A      1.299385  
      46A      1.341050    47A      1.358477    48A      1.366619  
      49A      1.380474    50A      1.436955    51A      1.755395  
      52A      1.848324    53A      1.949040    54A      1.955476  
      55A      2.049650    56A      2.086763    57A      2.099554  
      58A      2.186655    59A      2.424211    60A      3.392080  
      61A      3.713572  

    Final Occupation by Irrep:
              A 
    DOCC [    21 ]

  Energy converged.

  @DF-RHF Final Energy:  -266.42965620810435

   => Energetics <=

    Nuclear Repulsion Energy =            192.8307037597207625
    One-Electron Energy =                -746.1975932018788171
    Two-Electron Energy =                 286.9372332340536786
    Total Energy =                       -266.4296562081043476



Properties will be evaluated at   0.000000,   0.000000,   0.000000 [a0]

Properties computed using the SCF density matrix

  Nuclear Dipole Moment: [e a0]
     X:     3.8369      Y:     1.3280      Z:     1.6209

  Electronic Dipole Moment: [e a0]
     X:    -2.6725      Y:    -0.6334      Z:    -1.5641

  Dipole Moment: [e a0]
     X:     1.1643      Y:     0.6945      Z:     0.0568     Total:     1.3569

  Dipole Moment: [D]
     X:     2.9594      Y:     1.7654      Z:     0.1443     Total:     3.4490


*** tstop() called on localhost.localdomain at Thu Feb 28 10:20:13 2019
Module time:
	user time   =      60.83 seconds =       1.01 minutes
	system time =       4.19 seconds =       0.07 minutes
	total time  =          3 seconds =       0.05 minutes
Total time:
	user time   =    8131.62 seconds =     135.53 minutes
	system time =     540.08 seconds =       9.00 minutes
	total time  =        371 seconds =       6.18 minutes

*** tstart() called on localhost.localdomain
*** at Thu Feb 28 10:20:13 2019


  //>>>>>>>>>>>>>>>>>>>>>>>>>>>>>>>>>>>//
  //               DFMP2               //
  //<<<<<<<<<<<<<<<<<<<<<<<<<<<<<<<<<<<//

   => Loading Basis Set <=

    Name: (3-21G AUX)
    Role: RIFIT
    Keyword: DF_BASIS_MP2
    atoms 1, 6, 11            entry C          line   270 file /root/psi4conda/share/psi4/basis/def2-qzvpp-ri.gbs 
    atoms 2, 9                entry O          line   406 file /root/psi4conda/share/psi4/basis/def2-qzvpp-ri.gbs 
    atoms 3-5, 7-8, 10, 12-13 entry H          line    24 file /root/psi4conda/share/psi4/basis/def2-qzvpp-ri.gbs 

	 --------------------------------------------------------
	                          DF-MP2                         
	      2nd-Order Density-Fitted Moller-Plesset Theory     
	              RMP2 Wavefunction,  40 Threads             
	                                                         
	        Rob Parrish, Justin Turney, Andy Simmonett,      
	           Ed Hohenstein, and C. David Sherrill          
	 --------------------------------------------------------

   => Auxiliary Basis Set <=

  Basis Set: (3-21G AUX)
    Blend: DEF2-QZVPP-RI
    Number of shells: 293
    Number of basis function: 1153
    Number of Cartesian functions: 1523
    Spherical Harmonics?: true
    Max angular momentum: 5

	 --------------------------------------------------------
	                 NBF =    61, NAUX =  1153
	 --------------------------------------------------------
	   CLASS    FOCC     OCC    AOCC    AVIR     VIR    FVIR
	   PAIRS       5      21      16      40      40       0
	 --------------------------------------------------------

	-----------------------------------------------------------
	 ==================> DF-MP2 Energies <==================== 
	-----------------------------------------------------------
	 Reference Energy          =    -266.4296562081043476 [Eh]
	 Singles Energy            =      -0.0000000000000015 [Eh]
	 Same-Spin Energy          =      -0.1207748787322006 [Eh]
	 Opposite-Spin Energy      =      -0.3990638573133505 [Eh]
	 Correlation Energy        =      -0.5198387360455526 [Eh]
	 Total Energy              =    -266.9494949441498761 [Eh]
	-----------------------------------------------------------
	 ================> DF-SCS-MP2 Energies <================== 
	-----------------------------------------------------------
	 SCS Same-Spin Scale       =       0.3333333333333333 [-]
	 SCS Opposite-Spin Scale   =       1.2000000000000000 [-]
	 SCS Same-Spin Energy      =      -0.0402582929107335 [Eh]
	 SCS Opposite-Spin Energy  =      -0.4788766287760206 [Eh]
	 SCS Correlation Energy    =      -0.5191349216867557 [Eh]
	 SCS Total Energy          =    -266.9487911297911182 [Eh]
	-----------------------------------------------------------


*** tstop() called on localhost.localdomain at Thu Feb 28 10:20:15 2019
Module time:
	user time   =      33.90 seconds =       0.56 minutes
	system time =       2.33 seconds =       0.04 minutes
	total time  =          2 seconds =       0.03 minutes
Total time:
	user time   =    8165.55 seconds =     136.09 minutes
	system time =     542.41 seconds =       9.04 minutes
	total time  =        373 seconds =       6.22 minutes
