  Threads set to 40 by Python driver.

*** tstart() called on localhost.localdomain
*** at Thu Feb 28 10:22:07 2019

   => Loading Basis Set <=

    Name: 3-21G
    Role: ORBITAL
    Keyword: BASIS
    atoms 1, 6, 11            entry C          line    68 file /root/psi4conda/share/psi4/basis/3-21g.gbs 
    atoms 2, 9                entry O          line    90 file /root/psi4conda/share/psi4/basis/3-21g.gbs 
    atoms 3-5, 7-8, 10, 12-13 entry H          line    21 file /root/psi4conda/share/psi4/basis/3-21g.gbs 


         ---------------------------------------------------------
                                   SCF
            by Justin Turney, Rob Parrish, Andy Simmonett
                             and Daniel Smith
                              RHF Reference
                       40 Threads,    500 MiB Core
         ---------------------------------------------------------

  ==> Geometry <==

    Molecular point group: c1
    Full point group: C1

    Geometry (in Angstrom), charge = 0, multiplicity = 1:

       Center              X                  Y                   Z               Mass       
    ------------   -----------------  -----------------  -----------------  -----------------
         C           -0.051872194038    -0.742474065265     0.085309912656    12.000000000000
         O           -1.091224080761    -0.776882177910    -0.667024600466    15.994914619560
         H            0.716658667282    -0.714368795530     2.115242692970     1.007825032070
         H           -1.048578847285    -0.463582825190     1.949080773238     1.007825032070
         H            1.018983308688     2.458150097700    -1.098337823155     1.007825032070
         C            1.205903518510     1.422250397052    -0.830427618437    12.000000000000
         H            1.326023817159     0.818676697676    -1.734389338390     1.007825032070
         H            2.106410174500     1.363228321480    -0.218740539568     1.007825032070
         O            0.110368713366     0.950876304484    -0.056558567335    15.994914619560
         H           -0.707884019830     0.689123352156    -0.625845842965     1.007825032070
         C           -0.181133864662    -0.997784330409     1.563743802323    12.000000000000
         H           -0.350962444832    -2.070247536522     1.687736845306     1.007825032070
         H            0.922112433306    -1.055925605280    -0.338197490599     1.007825032070

  Running in c1 symmetry.

  Rotational constants: A =      0.28096  B =      0.11782  C =      0.09459 [cm^-1]
  Rotational constants: A =   8423.04590  B =   3532.23836  C =   2835.63351 [MHz]
  Nuclear repulsion =  195.802894037962261

  Charge       = 0
  Multiplicity = 1
  Electrons    = 42
  Nalpha       = 21
  Nbeta        = 21

  ==> Algorithm <==

  SCF Algorithm Type is DF.
  DIIS enabled.
  MOM disabled.
  Fractional occupation disabled.
  Guess Type is SAD.
  Energy threshold   = 1.00e-08
  Density threshold  = 1.00e-08
  Integral threshold = 0.00e+00

  ==> Primary Basis <==

  Basis Set: 3-21G
    Blend: 3-21G
    Number of shells: 41
    Number of basis function: 61
    Number of Cartesian functions: 61
    Spherical Harmonics?: false
    Max angular momentum: 1

   => Loading Basis Set <=

    Name: (3-21G AUX)
    Role: JKFIT
    Keyword: DF_BASIS_SCF
    atoms 1, 6, 11            entry C          line   203 file /root/psi4conda/share/psi4/basis/def2-svp-jkfit.gbs 
    atoms 2, 9                entry O          line   323 file /root/psi4conda/share/psi4/basis/def2-svp-jkfit.gbs 
    atoms 3-5, 7-8, 10, 12-13 entry H          line    23 file /root/psi4conda/share/psi4/basis/def2-svp-jkfit.gbs 

  ==> Pre-Iterations <==

   -------------------------------------------------------
    Irrep   Nso     Nmo     Nalpha   Nbeta   Ndocc  Nsocc
   -------------------------------------------------------
     A         61      61       0       0       0       0
   -------------------------------------------------------
    Total      61      61      21      21      21       0
   -------------------------------------------------------

  ==> Integral Setup <==

  ==> DiskDFJK: Density-Fitted J/K Matrices <==

    J tasked:                  Yes
    K tasked:                  Yes
    wK tasked:                  No
    OpenMP threads:             40
    Integrals threads:          40
    Memory (MB):               375
    Algorithm:                Core
    Integral Cache:           NONE
    Schwarz Cutoff:          1E-12
    Fitting Condition:       1E-12

   => Auxiliary Basis Set <=

  Basis Set: (3-21G AUX)
    Blend: DEF2-SVP-JKFIT
    Number of shells: 173
    Number of basis function: 613
    Number of Cartesian functions: 613
    Spherical Harmonics?: false
    Max angular momentum: 4

  Minimum eigenvalue in the overlap matrix is 1.3574008478E-02.
  Using Symmetric Orthogonalization.

  SCF Guess: Superposition of Atomic Densities via on-the-fly atomic UHF.

  ==> Iterations <==

                           Total Energy        Delta E     RMS |[F,P]|

   @DF-RHF iter   0:  -268.10668386831696   -2.68107e+02   2.22467e-01 
   @DF-RHF iter   1:  -266.21875092076726    1.88793e+00   3.54346e-02 
   @DF-RHF iter   2:  -266.34837747990701   -1.29627e-01   3.29892e-02 DIIS
   @DF-RHF iter   3:  -266.39890654205527   -5.05291e-02   4.68714e-03 DIIS
   @DF-RHF iter   4:  -266.40351426817989   -4.60773e-03   1.79014e-03 DIIS
   @DF-RHF iter   5:  -266.40392023374693   -4.05966e-04   5.23778e-04 DIIS
   @DF-RHF iter   6:  -266.40398145734343   -6.12236e-05   9.60688e-05 DIIS
   @DF-RHF iter   7:  -266.40398731458504   -5.85724e-06   3.47975e-05 DIIS
   @DF-RHF iter   8:  -266.40398825855806   -9.43973e-07   1.35165e-05 DIIS
   @DF-RHF iter   9:  -266.40398836258959   -1.04032e-07   3.58233e-06 DIIS
   @DF-RHF iter  10:  -266.40398837085979   -8.27021e-09   2.74318e-06 DIIS
   @DF-RHF iter  11:  -266.40398837173967   -8.79879e-10   2.53458e-07 DIIS
   @DF-RHF iter  12:  -266.40398837179555   -5.58771e-11   7.63021e-08 DIIS
   @DF-RHF iter  13:  -266.40398837179850   -2.95586e-12   2.03152e-08 DIIS
   @DF-RHF iter  14:  -266.40398837179856   -5.68434e-14   4.06026e-09 DIIS

  ==> Post-Iterations <==

    Orbital Energies [Eh]
    ---------------------

    Doubly Occupied:                                                      

       1A    -20.514825     2A    -20.360964     3A    -11.288462  
       4A    -11.249811     5A    -11.159804     6A     -1.444266  
       7A     -1.304067     8A     -1.007293     9A     -0.968552  
      10A     -0.807555    11A     -0.736899    12A     -0.672893  
      13A     -0.659378    14A     -0.615396    15A     -0.572104  
      16A     -0.563444    17A     -0.530282    18A     -0.516205  
      19A     -0.501899    20A     -0.391456    21A     -0.364800  

    Virtual:                                                              

      22A      0.227740    23A      0.248964    24A      0.297366  
      25A      0.310721    26A      0.320972    27A      0.323327  
      28A      0.341097    29A      0.355511    30A      0.360541  
      31A      0.436987    32A      0.459967    33A      0.563162  
      34A      0.901722    35A      0.918509    36A      0.923432  
      37A      0.958382    38A      1.001700    39A      1.015695  
      40A      1.063845    41A      1.126360    42A      1.174985  
      43A      1.209719    44A      1.266442    45A      1.290701  
      46A      1.316598    47A      1.339806    48A      1.364285  
      49A      1.376084    50A      1.433076    51A      1.773444  
      52A      1.902709    53A      1.958481    54A      2.005067  
      55A      2.046961    56A      2.101129    57A      2.136637  
      58A      2.244009    59A      2.426573    60A      3.336703  
      61A      3.749866  

    Final Occupation by Irrep:
              A 
    DOCC [    21 ]

  Energy converged.

  @DF-RHF Final Energy:  -266.40398837179856

   => Energetics <=

    Nuclear Repulsion Energy =            195.8028940379622611
    One-Electron Energy =                -751.9530511502913441
    Two-Electron Energy =                 289.7461687405305497
    Total Energy =                       -266.4039883717985617



Properties will be evaluated at   0.000000,   0.000000,   0.000000 [a0]

Properties computed using the SCF density matrix

  Nuclear Dipole Moment: [e a0]
     X:     3.7290      Y:     0.9618      Z:     1.6245

  Electronic Dipole Moment: [e a0]
     X:    -2.2888      Y:    -0.2008      Z:    -1.5047

  Dipole Moment: [e a0]
     X:     1.4402      Y:     0.7610      Z:     0.1198     Total:     1.6333

  Dipole Moment: [D]
     X:     3.6605      Y:     1.9343      Z:     0.3046     Total:     4.1513


*** tstop() called on localhost.localdomain at Thu Feb 28 10:22:10 2019
Module time:
	user time   =      60.94 seconds =       1.02 minutes
	system time =       4.32 seconds =       0.07 minutes
	total time  =          3 seconds =       0.05 minutes
Total time:
	user time   =   10710.14 seconds =     178.50 minutes
	system time =     706.17 seconds =      11.77 minutes
	total time  =        488 seconds =       8.13 minutes

*** tstart() called on localhost.localdomain
*** at Thu Feb 28 10:22:10 2019


  //>>>>>>>>>>>>>>>>>>>>>>>>>>>>>>>>>>>//
  //               DFMP2               //
  //<<<<<<<<<<<<<<<<<<<<<<<<<<<<<<<<<<<//

   => Loading Basis Set <=

    Name: (3-21G AUX)
    Role: RIFIT
    Keyword: DF_BASIS_MP2
    atoms 1, 6, 11            entry C          line   270 file /root/psi4conda/share/psi4/basis/def2-qzvpp-ri.gbs 
    atoms 2, 9                entry O          line   406 file /root/psi4conda/share/psi4/basis/def2-qzvpp-ri.gbs 
    atoms 3-5, 7-8, 10, 12-13 entry H          line    24 file /root/psi4conda/share/psi4/basis/def2-qzvpp-ri.gbs 

	 --------------------------------------------------------
	                          DF-MP2                         
	      2nd-Order Density-Fitted Moller-Plesset Theory     
	              RMP2 Wavefunction,  40 Threads             
	                                                         
	        Rob Parrish, Justin Turney, Andy Simmonett,      
	           Ed Hohenstein, and C. David Sherrill          
	 --------------------------------------------------------

   => Auxiliary Basis Set <=

  Basis Set: (3-21G AUX)
    Blend: DEF2-QZVPP-RI
    Number of shells: 293
    Number of basis function: 1153
    Number of Cartesian functions: 1523
    Spherical Harmonics?: true
    Max angular momentum: 5

	 --------------------------------------------------------
	                 NBF =    61, NAUX =  1153
	 --------------------------------------------------------
	   CLASS    FOCC     OCC    AOCC    AVIR     VIR    FVIR
	   PAIRS       5      21      16      40      40       0
	 --------------------------------------------------------

	-----------------------------------------------------------
	 ==================> DF-MP2 Energies <==================== 
	-----------------------------------------------------------
	 Reference Energy          =    -266.4039883717985617 [Eh]
	 Singles Energy            =      -0.0000000000000006 [Eh]
	 Same-Spin Energy          =      -0.1227598518000423 [Eh]
	 Opposite-Spin Energy      =      -0.4001998187349551 [Eh]
	 Correlation Energy        =      -0.5229596705349981 [Eh]
	 Total Energy              =    -266.9269480423335494 [Eh]
	-----------------------------------------------------------
	 ================> DF-SCS-MP2 Energies <================== 
	-----------------------------------------------------------
	 SCS Same-Spin Scale       =       0.3333333333333333 [-]
	 SCS Opposite-Spin Scale   =       1.2000000000000000 [-]
	 SCS Same-Spin Energy      =      -0.0409199506000141 [Eh]
	 SCS Opposite-Spin Energy  =      -0.4802397824819462 [Eh]
	 SCS Correlation Energy    =      -0.5211597330819610 [Eh]
	 SCS Total Energy          =    -266.9251481048805203 [Eh]
	-----------------------------------------------------------


*** tstop() called on localhost.localdomain at Thu Feb 28 10:22:12 2019
Module time:
	user time   =      32.60 seconds =       0.54 minutes
	system time =       1.94 seconds =       0.03 minutes
	total time  =          2 seconds =       0.03 minutes
Total time:
	user time   =   10742.77 seconds =     179.05 minutes
	system time =     708.11 seconds =      11.80 minutes
	total time  =        490 seconds =       8.17 minutes
