  Threads set to 40 by Python driver.

*** tstart() called on localhost.localdomain
*** at Thu Feb 28 10:23:30 2019

   => Loading Basis Set <=

    Name: 3-21G
    Role: ORBITAL
    Keyword: BASIS
    atoms 1, 6, 11            entry C          line    68 file /root/psi4conda/share/psi4/basis/3-21g.gbs 
    atoms 2, 9                entry O          line    90 file /root/psi4conda/share/psi4/basis/3-21g.gbs 
    atoms 3-5, 7-8, 10, 12-13 entry H          line    21 file /root/psi4conda/share/psi4/basis/3-21g.gbs 


         ---------------------------------------------------------
                                   SCF
            by Justin Turney, Rob Parrish, Andy Simmonett
                             and Daniel Smith
                              RHF Reference
                       40 Threads,    500 MiB Core
         ---------------------------------------------------------

  ==> Geometry <==

    Molecular point group: c1
    Full point group: C1

    Geometry (in Angstrom), charge = 0, multiplicity = 1:

       Center              X                  Y                   Z               Mass       
    ------------   -----------------  -----------------  -----------------  -----------------
         C           -0.021044671645    -0.703957381407     0.098921585979    12.000000000000
         O           -1.101082963143    -0.755909038046    -0.676510455099    15.994914619560
         H            0.713827089410    -0.717259437293     2.116386571501     1.007825032070
         H           -1.047931421234    -0.459573710561     1.947485828399     1.007825032070
         H            1.001059530366     2.460159322767    -1.089951138053     1.007825032070
         C            1.205291463421     1.415208680154    -0.824636666716    12.000000000000
         H            1.329513950849     0.826152031434    -1.739861345544     1.007825032070
         H            2.117193021600     1.370812091432    -0.234660360390     1.007825032070
         O            0.113509477997     0.929859462733    -0.053276822384    15.994914619560
         H           -0.944769448689     0.332980696313    -0.728320476217     1.007825032070
         C           -0.181074919075    -0.998819762149     1.562636918804    12.000000000000
         H           -0.353523558498    -2.070976321174     1.684418843024     1.007825032070
         H            0.913543081336    -1.078985716848    -0.338329182998     1.007825032070

  Running in c1 symmetry.

  Rotational constants: A =      0.27865  B =      0.11968  C =      0.09515 [cm^-1]
  Rotational constants: A =   8353.75303  B =   3588.05027  C =   2852.40075 [MHz]
  Nuclear repulsion =  195.885650978318210

  Charge       = 0
  Multiplicity = 1
  Electrons    = 42
  Nalpha       = 21
  Nbeta        = 21

  ==> Algorithm <==

  SCF Algorithm Type is DF.
  DIIS enabled.
  MOM disabled.
  Fractional occupation disabled.
  Guess Type is SAD.
  Energy threshold   = 1.00e-08
  Density threshold  = 1.00e-08
  Integral threshold = 0.00e+00

  ==> Primary Basis <==

  Basis Set: 3-21G
    Blend: 3-21G
    Number of shells: 41
    Number of basis function: 61
    Number of Cartesian functions: 61
    Spherical Harmonics?: false
    Max angular momentum: 1

   => Loading Basis Set <=

    Name: (3-21G AUX)
    Role: JKFIT
    Keyword: DF_BASIS_SCF
    atoms 1, 6, 11            entry C          line   203 file /root/psi4conda/share/psi4/basis/def2-svp-jkfit.gbs 
    atoms 2, 9                entry O          line   323 file /root/psi4conda/share/psi4/basis/def2-svp-jkfit.gbs 
    atoms 3-5, 7-8, 10, 12-13 entry H          line    23 file /root/psi4conda/share/psi4/basis/def2-svp-jkfit.gbs 

  ==> Pre-Iterations <==

   -------------------------------------------------------
    Irrep   Nso     Nmo     Nalpha   Nbeta   Ndocc  Nsocc
   -------------------------------------------------------
     A         61      61       0       0       0       0
   -------------------------------------------------------
    Total      61      61      21      21      21       0
   -------------------------------------------------------

  ==> Integral Setup <==

  ==> DiskDFJK: Density-Fitted J/K Matrices <==

    J tasked:                  Yes
    K tasked:                  Yes
    wK tasked:                  No
    OpenMP threads:             40
    Integrals threads:          40
    Memory (MB):               375
    Algorithm:                Core
    Integral Cache:           NONE
    Schwarz Cutoff:          1E-12
    Fitting Condition:       1E-12

   => Auxiliary Basis Set <=

  Basis Set: (3-21G AUX)
    Blend: DEF2-SVP-JKFIT
    Number of shells: 173
    Number of basis function: 613
    Number of Cartesian functions: 613
    Spherical Harmonics?: false
    Max angular momentum: 4

  Minimum eigenvalue in the overlap matrix is 1.3355844639E-02.
  Using Symmetric Orthogonalization.

  SCF Guess: Superposition of Atomic Densities via on-the-fly atomic UHF.

  ==> Iterations <==

                           Total Energy        Delta E     RMS |[F,P]|

   @DF-RHF iter   0:  -268.24562147109350   -2.68246e+02   1.74471e-01 
   @DF-RHF iter   1:  -266.25973695874808    1.98588e+00   2.73952e-02 
   @DF-RHF iter   2:  -266.38583178841793   -1.26095e-01   1.51804e-02 DIIS
   @DF-RHF iter   3:  -266.41350538939685   -2.76736e-02   2.57598e-03 DIIS
   @DF-RHF iter   4:  -266.41722297856973   -3.71759e-03   1.15297e-03 DIIS
   @DF-RHF iter   5:  -266.41756488080046   -3.41902e-04   3.14615e-04 DIIS
   @DF-RHF iter   6:  -266.41761713202624   -5.22512e-05   1.49545e-04 DIIS
   @DF-RHF iter   7:  -266.41762282067583   -5.68865e-06   4.16685e-05 DIIS
   @DF-RHF iter   8:  -266.41762356998504   -7.49309e-07   1.08227e-05 DIIS
   @DF-RHF iter   9:  -266.41762361320821   -4.32232e-08   2.46916e-06 DIIS
   @DF-RHF iter  10:  -266.41762361552736   -2.31915e-09   9.09539e-07 DIIS
   @DF-RHF iter  11:  -266.41762361586757   -3.40208e-10   2.58376e-07 DIIS
   @DF-RHF iter  12:  -266.41762361589417   -2.66027e-11   4.59227e-08 DIIS
   @DF-RHF iter  13:  -266.41762361589582   -1.64846e-12   1.29624e-08 DIIS
   @DF-RHF iter  14:  -266.41762361589565    1.70530e-13   6.03237e-09 DIIS

  ==> Post-Iterations <==

    Orbital Energies [Eh]
    ---------------------

    Doubly Occupied:                                                      

       1A    -20.469190     2A    -20.425435     3A    -11.302499  
       4A    -11.228972     5A    -11.168279     6A     -1.425494  
       7A     -1.310113     8A     -1.022652     9A     -0.932402  
      10A     -0.822114    11A     -0.705511    12A     -0.670788  
      13A     -0.636974    14A     -0.611463    15A     -0.583808  
      16A     -0.563511    17A     -0.533622    18A     -0.522998  
      19A     -0.457786    20A     -0.425004    21A     -0.419022  

    Virtual:                                                              

      22A      0.231353    23A      0.259066    24A      0.298378  
      25A      0.317430    26A      0.330967    27A      0.335110  
      28A      0.343236    29A      0.357046    30A      0.364815  
      31A      0.444807    32A      0.452314    33A      0.528244  
      34A      0.905274    35A      0.924468    36A      0.937892  
      37A      0.963738    38A      0.965645    39A      1.005657  
      40A      1.032008    41A      1.121565    42A      1.165860  
      43A      1.205188    44A      1.263496    45A      1.298362  
      46A      1.310869    47A      1.337630    48A      1.359583  
      49A      1.367814    50A      1.426005    51A      1.768030  
      52A      1.918259    53A      1.954943    54A      1.997520  
      55A      2.047480    56A      2.089809    57A      2.155881  
      58A      2.305853    59A      2.440975    60A      3.305556  
      61A      3.754596  

    Final Occupation by Irrep:
              A 
    DOCC [    21 ]

  Energy converged.

  @DF-RHF Final Energy:  -266.41762361589565

   => Energetics <=

    Nuclear Repulsion Energy =            195.8856509783182105
    One-Electron Energy =                -752.1312737155844843
    Two-Electron Energy =                 289.8279991213706808
    Total Energy =                       -266.4176236158956499



Properties will be evaluated at   0.000000,   0.000000,   0.000000 [a0]

Properties computed using the SCF density matrix

  Nuclear Dipole Moment: [e a0]
     X:     3.4910      Y:     0.6227      Z:     1.5125

  Electronic Dipole Moment: [e a0]
     X:    -2.3627      Y:    -0.3759      Z:    -1.3825

  Dipole Moment: [e a0]
     X:     1.1283      Y:     0.2468      Z:     0.1301     Total:     1.1622

  Dipole Moment: [D]
     X:     2.8678      Y:     0.6273      Z:     0.3306     Total:     2.9541


*** tstop() called on localhost.localdomain at Thu Feb 28 10:23:33 2019
Module time:
	user time   =      62.44 seconds =       1.04 minutes
	system time =       4.27 seconds =       0.07 minutes
	total time  =          3 seconds =       0.05 minutes
Total time:
	user time   =   12523.61 seconds =     208.73 minutes
	system time =     825.31 seconds =      13.76 minutes
	total time  =        571 seconds =       9.52 minutes

*** tstart() called on localhost.localdomain
*** at Thu Feb 28 10:23:33 2019


  //>>>>>>>>>>>>>>>>>>>>>>>>>>>>>>>>>>>//
  //               DFMP2               //
  //<<<<<<<<<<<<<<<<<<<<<<<<<<<<<<<<<<<//

   => Loading Basis Set <=

    Name: (3-21G AUX)
    Role: RIFIT
    Keyword: DF_BASIS_MP2
    atoms 1, 6, 11            entry C          line   270 file /root/psi4conda/share/psi4/basis/def2-qzvpp-ri.gbs 
    atoms 2, 9                entry O          line   406 file /root/psi4conda/share/psi4/basis/def2-qzvpp-ri.gbs 
    atoms 3-5, 7-8, 10, 12-13 entry H          line    24 file /root/psi4conda/share/psi4/basis/def2-qzvpp-ri.gbs 

	 --------------------------------------------------------
	                          DF-MP2                         
	      2nd-Order Density-Fitted Moller-Plesset Theory     
	              RMP2 Wavefunction,  40 Threads             
	                                                         
	        Rob Parrish, Justin Turney, Andy Simmonett,      
	           Ed Hohenstein, and C. David Sherrill          
	 --------------------------------------------------------

   => Auxiliary Basis Set <=

  Basis Set: (3-21G AUX)
    Blend: DEF2-QZVPP-RI
    Number of shells: 293
    Number of basis function: 1153
    Number of Cartesian functions: 1523
    Spherical Harmonics?: true
    Max angular momentum: 5

	 --------------------------------------------------------
	                 NBF =    61, NAUX =  1153
	 --------------------------------------------------------
	   CLASS    FOCC     OCC    AOCC    AVIR     VIR    FVIR
	   PAIRS       5      21      16      40      40       0
	 --------------------------------------------------------

	-----------------------------------------------------------
	 ==================> DF-MP2 Energies <==================== 
	-----------------------------------------------------------
	 Reference Energy          =    -266.4176236158956499 [Eh]
	 Singles Energy            =      -0.0000000000000038 [Eh]
	 Same-Spin Energy          =      -0.1207111700007402 [Eh]
	 Opposite-Spin Energy      =      -0.4002429818395296 [Eh]
	 Correlation Energy        =      -0.5209541518402736 [Eh]
	 Total Energy              =    -266.9385777677359215 [Eh]
	-----------------------------------------------------------
	 ================> DF-SCS-MP2 Energies <================== 
	-----------------------------------------------------------
	 SCS Same-Spin Scale       =       0.3333333333333333 [-]
	 SCS Opposite-Spin Scale   =       1.2000000000000000 [-]
	 SCS Same-Spin Energy      =      -0.0402370566669134 [Eh]
	 SCS Opposite-Spin Energy  =      -0.4802915782074355 [Eh]
	 SCS Correlation Energy    =      -0.5205286348743527 [Eh]
	 SCS Total Energy          =    -266.9381522507700311 [Eh]
	-----------------------------------------------------------


*** tstop() called on localhost.localdomain at Thu Feb 28 10:23:34 2019
Module time:
	user time   =      34.65 seconds =       0.58 minutes
	system time =       2.36 seconds =       0.04 minutes
	total time  =          1 seconds =       0.02 minutes
Total time:
	user time   =   12558.30 seconds =     209.31 minutes
	system time =     827.68 seconds =      13.79 minutes
	total time  =        572 seconds =       9.53 minutes
