  Threads set to 40 by Python driver.

*** tstart() called on localhost.localdomain
*** at Thu Feb 28 10:27:37 2019

   => Loading Basis Set <=

    Name: 3-21G
    Role: ORBITAL
    Keyword: BASIS
    atoms 1, 6, 11            entry C          line    68 file /root/psi4conda/share/psi4/basis/3-21g.gbs 
    atoms 2, 9                entry O          line    90 file /root/psi4conda/share/psi4/basis/3-21g.gbs 
    atoms 3-5, 7-8, 10, 12-13 entry H          line    21 file /root/psi4conda/share/psi4/basis/3-21g.gbs 


         ---------------------------------------------------------
                                   SCF
            by Justin Turney, Rob Parrish, Andy Simmonett
                             and Daniel Smith
                              RHF Reference
                       40 Threads,    500 MiB Core
         ---------------------------------------------------------

  ==> Geometry <==

    Molecular point group: c1
    Full point group: C1

    Geometry (in Angstrom), charge = 0, multiplicity = 1:

       Center              X                  Y                   Z               Mass       
    ------------   -----------------  -----------------  -----------------  -----------------
         C            0.000656689098    -0.502691323072     0.076458664529    12.000000000000
         O           -1.123152895557    -0.844549749236    -0.707472493587    15.994914619560
         H            0.712911444840    -0.731502590029     2.093742045731     1.007825032070
         H           -1.031831297958    -0.422148642783     1.949936675360     1.007825032070
         H            1.003548827370     2.418655535247    -0.999967406591     1.007825032070
         C            1.202804307537     1.365332388101    -0.807642848925    12.000000000000
         H            1.216241164000     0.825752141689    -1.759985602565     1.007825032070
         H            2.179382657241     1.270291851521    -0.321763910715     1.007825032070
         O            0.173304920975     0.891305785344     0.039752237392    15.994914619560
         H           -1.636636542308    -0.037268930500    -0.806354343065     1.007825032070
         C           -0.183289559634    -0.950154830300     1.510754381195    12.000000000000
         H           -0.381356518452    -2.022156959539     1.536637476995     1.007825032070
         H            0.865510381214    -1.001663218094    -0.377248696886     1.007825032070

  Running in c1 symmetry.

  Rotational constants: A =      0.27127  B =      0.12662  C =      0.09727 [cm^-1]
  Rotational constants: A =   8132.55297  B =   3796.06248  C =   2916.03633 [MHz]
  Nuclear repulsion =  197.489287518708807

  Charge       = 0
  Multiplicity = 1
  Electrons    = 42
  Nalpha       = 21
  Nbeta        = 21

  ==> Algorithm <==

  SCF Algorithm Type is DF.
  DIIS enabled.
  MOM disabled.
  Fractional occupation disabled.
  Guess Type is SAD.
  Energy threshold   = 1.00e-08
  Density threshold  = 1.00e-08
  Integral threshold = 0.00e+00

  ==> Primary Basis <==

  Basis Set: 3-21G
    Blend: 3-21G
    Number of shells: 41
    Number of basis function: 61
    Number of Cartesian functions: 61
    Spherical Harmonics?: false
    Max angular momentum: 1

   => Loading Basis Set <=

    Name: (3-21G AUX)
    Role: JKFIT
    Keyword: DF_BASIS_SCF
    atoms 1, 6, 11            entry C          line   203 file /root/psi4conda/share/psi4/basis/def2-svp-jkfit.gbs 
    atoms 2, 9                entry O          line   323 file /root/psi4conda/share/psi4/basis/def2-svp-jkfit.gbs 
    atoms 3-5, 7-8, 10, 12-13 entry H          line    23 file /root/psi4conda/share/psi4/basis/def2-svp-jkfit.gbs 

  ==> Pre-Iterations <==

   -------------------------------------------------------
    Irrep   Nso     Nmo     Nalpha   Nbeta   Ndocc  Nsocc
   -------------------------------------------------------
     A         61      61       0       0       0       0
   -------------------------------------------------------
    Total      61      61      21      21      21       0
   -------------------------------------------------------

  ==> Integral Setup <==

  ==> DiskDFJK: Density-Fitted J/K Matrices <==

    J tasked:                  Yes
    K tasked:                  Yes
    wK tasked:                  No
    OpenMP threads:             40
    Integrals threads:          40
    Memory (MB):               375
    Algorithm:                Core
    Integral Cache:           NONE
    Schwarz Cutoff:          1E-12
    Fitting Condition:       1E-12

   => Auxiliary Basis Set <=

  Basis Set: (3-21G AUX)
    Blend: DEF2-SVP-JKFIT
    Number of shells: 173
    Number of basis function: 613
    Number of Cartesian functions: 613
    Spherical Harmonics?: false
    Max angular momentum: 4

  Minimum eigenvalue in the overlap matrix is 1.2833807876E-02.
  Using Symmetric Orthogonalization.

  SCF Guess: Superposition of Atomic Densities via on-the-fly atomic UHF.

  ==> Iterations <==

                           Total Energy        Delta E     RMS |[F,P]|

   @DF-RHF iter   0:  -268.05291409940139   -2.68053e+02   1.81272e-01 
   @DF-RHF iter   1:  -266.32926623633398    1.72365e+00   2.38806e-02 
   @DF-RHF iter   2:  -266.45470592452023   -1.25440e-01   2.22625e-02 DIIS
   @DF-RHF iter   3:  -266.47772665908707   -2.30207e-02   3.45904e-03 DIIS
   @DF-RHF iter   4:  -266.48117144281480   -3.44478e-03   8.54463e-04 DIIS
   @DF-RHF iter   5:  -266.48134799068009   -1.76548e-04   3.12497e-04 DIIS
   @DF-RHF iter   6:  -266.48136844316804   -2.04525e-05   6.71962e-05 DIIS
   @DF-RHF iter   7:  -266.48136978626269   -1.34309e-06   2.00840e-05 DIIS
   @DF-RHF iter   8:  -266.48136992800249   -1.41740e-07   1.17279e-05 DIIS
   @DF-RHF iter   9:  -266.48136993863108   -1.06286e-08   7.74236e-07 DIIS
   @DF-RHF iter  10:  -266.48136993888858   -2.57501e-10   1.96779e-07 DIIS
   @DF-RHF iter  11:  -266.48136993889858   -1.00044e-11   5.90671e-08 DIIS
   @DF-RHF iter  12:  -266.48136993889938   -7.95808e-13   1.21096e-08 DIIS
   @DF-RHF iter  13:  -266.48136993889938    0.00000e+00   2.52488e-09 DIIS

  ==> Post-Iterations <==

    Orbital Energies [Eh]
    ---------------------

    Doubly Occupied:                                                      

       1A    -20.461283     2A    -20.436208     3A    -11.277389  
       4A    -11.226349     5A    -11.152893     6A     -1.416872  
       7A     -1.327971     8A     -1.018602     9A     -0.933584  
      10A     -0.829524    11A     -0.696388    12A     -0.674754  
      13A     -0.654772    14A     -0.600572    15A     -0.571685  
      16A     -0.552906    17A     -0.533698    18A     -0.517645  
      19A     -0.476225    20A     -0.434498    21A     -0.419570  

    Virtual:                                                              

      22A      0.265044    23A      0.293785    24A      0.308181  
      25A      0.319718    26A      0.330518    27A      0.343428  
      28A      0.347050    29A      0.369976    30A      0.382553  
      31A      0.448767    32A      0.472788    33A      0.547482  
      34A      0.921859    35A      0.927217    36A      0.947047  
      37A      0.981770    38A      1.003084    39A      1.025334  
      40A      1.070171    41A      1.135176    42A      1.180828  
      43A      1.253591    44A      1.298959    45A      1.308705  
      46A      1.317694    47A      1.354799    48A      1.371109  
      49A      1.382238    50A      1.437887    51A      1.781164  
      52A      1.925689    53A      1.927271    54A      1.949718  
      55A      2.093061    56A      2.110904    57A      2.161563  
      58A      2.371770    59A      2.431173    60A      3.364170  
      61A      3.673296  

    Final Occupation by Irrep:
              A 
    DOCC [    21 ]

  Energy converged.

  @DF-RHF Final Energy:  -266.48136993889938

   => Energetics <=

    Nuclear Repulsion Energy =            197.4892875187088066
    One-Electron Energy =                -755.5145355987460789
    Two-Electron Energy =                 291.5438781411378955
    Total Energy =                       -266.4813699388993768



Properties will be evaluated at   0.000000,   0.000000,   0.000000 [a0]

Properties computed using the SCF density matrix

  Nuclear Dipole Moment: [e a0]
     X:     2.7401      Y:     0.2814      Z:     1.2296

  Electronic Dipole Moment: [e a0]
     X:    -2.1349      Y:     0.1511      Z:    -1.3478

  Dipole Moment: [e a0]
     X:     0.6052      Y:     0.4325      Z:    -0.1183     Total:     0.7532

  Dipole Moment: [D]
     X:     1.5384      Y:     1.0993      Z:    -0.3006     Total:     1.9145


*** tstop() called on localhost.localdomain at Thu Feb 28 10:27:39 2019
Module time:
	user time   =      58.49 seconds =       0.97 minutes
	system time =       4.20 seconds =       0.07 minutes
	total time  =          2 seconds =       0.03 minutes
Total time:
	user time   =   17905.99 seconds =     298.43 minutes
	system time =    1194.03 seconds =      19.90 minutes
	total time  =        817 seconds =      13.62 minutes

*** tstart() called on localhost.localdomain
*** at Thu Feb 28 10:27:39 2019


  //>>>>>>>>>>>>>>>>>>>>>>>>>>>>>>>>>>>//
  //               DFMP2               //
  //<<<<<<<<<<<<<<<<<<<<<<<<<<<<<<<<<<<//

   => Loading Basis Set <=

    Name: (3-21G AUX)
    Role: RIFIT
    Keyword: DF_BASIS_MP2
    atoms 1, 6, 11            entry C          line   270 file /root/psi4conda/share/psi4/basis/def2-qzvpp-ri.gbs 
    atoms 2, 9                entry O          line   406 file /root/psi4conda/share/psi4/basis/def2-qzvpp-ri.gbs 
    atoms 3-5, 7-8, 10, 12-13 entry H          line    24 file /root/psi4conda/share/psi4/basis/def2-qzvpp-ri.gbs 

	 --------------------------------------------------------
	                          DF-MP2                         
	      2nd-Order Density-Fitted Moller-Plesset Theory     
	              RMP2 Wavefunction,  40 Threads             
	                                                         
	        Rob Parrish, Justin Turney, Andy Simmonett,      
	           Ed Hohenstein, and C. David Sherrill          
	 --------------------------------------------------------

   => Auxiliary Basis Set <=

  Basis Set: (3-21G AUX)
    Blend: DEF2-QZVPP-RI
    Number of shells: 293
    Number of basis function: 1153
    Number of Cartesian functions: 1523
    Spherical Harmonics?: true
    Max angular momentum: 5

	 --------------------------------------------------------
	                 NBF =    61, NAUX =  1153
	 --------------------------------------------------------
	   CLASS    FOCC     OCC    AOCC    AVIR     VIR    FVIR
	   PAIRS       5      21      16      40      40       0
	 --------------------------------------------------------

	-----------------------------------------------------------
	 ==================> DF-MP2 Energies <==================== 
	-----------------------------------------------------------
	 Reference Energy          =    -266.4813699388993768 [Eh]
	 Singles Energy            =      -0.0000000000000006 [Eh]
	 Same-Spin Energy          =      -0.1145112626538448 [Eh]
	 Opposite-Spin Energy      =      -0.3891041453498147 [Eh]
	 Correlation Energy        =      -0.5036154080036600 [Eh]
	 Total Energy              =    -266.9849853469030450 [Eh]
	-----------------------------------------------------------
	 ================> DF-SCS-MP2 Energies <================== 
	-----------------------------------------------------------
	 SCS Same-Spin Scale       =       0.3333333333333333 [-]
	 SCS Opposite-Spin Scale   =       1.2000000000000000 [-]
	 SCS Same-Spin Energy      =      -0.0381704208846149 [Eh]
	 SCS Opposite-Spin Energy  =      -0.4669249744197776 [Eh]
	 SCS Correlation Energy    =      -0.5050953953043931 [Eh]
	 SCS Total Energy          =    -266.9864653342037855 [Eh]
	-----------------------------------------------------------


*** tstop() called on localhost.localdomain at Thu Feb 28 10:27:41 2019
Module time:
	user time   =      33.21 seconds =       0.55 minutes
	system time =       2.00 seconds =       0.03 minutes
	total time  =          2 seconds =       0.03 minutes
Total time:
	user time   =   17939.24 seconds =     298.99 minutes
	system time =    1196.03 seconds =      19.93 minutes
	total time  =        819 seconds =      13.65 minutes
