  Threads set to 40 by Python driver.

*** tstart() called on localhost.localdomain
*** at Thu Feb 28 10:23:52 2019

   => Loading Basis Set <=

    Name: 3-21G
    Role: ORBITAL
    Keyword: BASIS
    atoms 1, 6, 11            entry C          line    68 file /root/psi4conda/share/psi4/basis/3-21g.gbs 
    atoms 2, 9                entry O          line    90 file /root/psi4conda/share/psi4/basis/3-21g.gbs 
    atoms 3-5, 7-8, 10, 12-13 entry H          line    21 file /root/psi4conda/share/psi4/basis/3-21g.gbs 


         ---------------------------------------------------------
                                   SCF
            by Justin Turney, Rob Parrish, Andy Simmonett
                             and Daniel Smith
                              RHF Reference
                       40 Threads,    500 MiB Core
         ---------------------------------------------------------

  ==> Geometry <==

    Molecular point group: c1
    Full point group: C1

    Geometry (in Angstrom), charge = 0, multiplicity = 1:

       Center              X                  Y                   Z               Mass       
    ------------   -----------------  -----------------  -----------------  -----------------
         C           -0.013486916534    -0.691066298113     0.101331154683    12.000000000000
         O           -1.104397759171    -0.754797697945    -0.678838026075    15.994914619560
         H            0.713532228620    -0.717539051620     2.116402460261     1.007825032070
         H           -1.046863092053    -0.458618024565     1.947366264765     1.007825032070
         H            0.997247212354     2.455866716252    -1.086429403766     1.007825032070
         C            1.205108724855     1.413422620283    -0.823031633386    12.000000000000
         H            1.330241853925     0.828384718309    -1.741642026791     1.007825032070
         H            2.123897217332     1.373048557434    -0.238603765917     1.007825032070
         O            0.116853168156     0.925205620646    -0.050417188830    15.994914619560
         H           -1.030031812589     0.265771341905    -0.773159465748     1.007825032070
         C           -0.181341434525    -0.999049390362     1.562058998544    12.000000000000
         H           -0.353989031532    -2.071168198899     1.683648851028     1.007825032070
         H            0.909779393512    -1.085706493145    -0.339778374456     1.007825032070

  Running in c1 symmetry.

  Rotational constants: A =      0.27738  B =      0.12008  C =      0.09515 [cm^-1]
  Rotational constants: A =   8315.56217  B =   3599.99757  C =   2852.66835 [MHz]
  Nuclear repulsion =  195.849200713398716

  Charge       = 0
  Multiplicity = 1
  Electrons    = 42
  Nalpha       = 21
  Nbeta        = 21

  ==> Algorithm <==

  SCF Algorithm Type is DF.
  DIIS enabled.
  MOM disabled.
  Fractional occupation disabled.
  Guess Type is SAD.
  Energy threshold   = 1.00e-08
  Density threshold  = 1.00e-08
  Integral threshold = 0.00e+00

  ==> Primary Basis <==

  Basis Set: 3-21G
    Blend: 3-21G
    Number of shells: 41
    Number of basis function: 61
    Number of Cartesian functions: 61
    Spherical Harmonics?: false
    Max angular momentum: 1

   => Loading Basis Set <=

    Name: (3-21G AUX)
    Role: JKFIT
    Keyword: DF_BASIS_SCF
    atoms 1, 6, 11            entry C          line   203 file /root/psi4conda/share/psi4/basis/def2-svp-jkfit.gbs 
    atoms 2, 9                entry O          line   323 file /root/psi4conda/share/psi4/basis/def2-svp-jkfit.gbs 
    atoms 3-5, 7-8, 10, 12-13 entry H          line    23 file /root/psi4conda/share/psi4/basis/def2-svp-jkfit.gbs 

  ==> Pre-Iterations <==

   -------------------------------------------------------
    Irrep   Nso     Nmo     Nalpha   Nbeta   Ndocc  Nsocc
   -------------------------------------------------------
     A         61      61       0       0       0       0
   -------------------------------------------------------
    Total      61      61      21      21      21       0
   -------------------------------------------------------

  ==> Integral Setup <==

  ==> DiskDFJK: Density-Fitted J/K Matrices <==

    J tasked:                  Yes
    K tasked:                  Yes
    wK tasked:                  No
    OpenMP threads:             40
    Integrals threads:          40
    Memory (MB):               375
    Algorithm:                Core
    Integral Cache:           NONE
    Schwarz Cutoff:          1E-12
    Fitting Condition:       1E-12

   => Auxiliary Basis Set <=

  Basis Set: (3-21G AUX)
    Blend: DEF2-SVP-JKFIT
    Number of shells: 173
    Number of basis function: 613
    Number of Cartesian functions: 613
    Spherical Harmonics?: false
    Max angular momentum: 4

  Minimum eigenvalue in the overlap matrix is 1.3328297951E-02.
  Using Symmetric Orthogonalization.

  SCF Guess: Superposition of Atomic Densities via on-the-fly atomic UHF.

  ==> Iterations <==

                           Total Energy        Delta E     RMS |[F,P]|

   @DF-RHF iter   0:  -267.93612400967788   -2.67936e+02   2.15296e-01 
   @DF-RHF iter   1:  -266.29723616540309    1.63889e+00   4.17834e-02 
   @DF-RHF iter   2:  -266.40514403805219   -1.07908e-01   2.20513e-02 DIIS
   @DF-RHF iter   3:  -266.42919061080158   -2.40466e-02   4.44946e-03 DIIS
   @DF-RHF iter   4:  -266.43271442123478   -3.52381e-03   9.89842e-04 DIIS
   @DF-RHF iter   5:  -266.43294370224498   -2.29281e-04   3.41133e-04 DIIS
   @DF-RHF iter   6:  -266.43299066358139   -4.69613e-05   1.26635e-04 DIIS
   @DF-RHF iter   7:  -266.43299490759472   -4.24401e-06   4.38565e-05 DIIS
   @DF-RHF iter   8:  -266.43299540643466   -4.98840e-07   7.90755e-06 DIIS
   @DF-RHF iter   9:  -266.43299544489088   -3.84562e-08   2.75998e-06 DIIS
   @DF-RHF iter  10:  -266.43299544734805   -2.45717e-09   6.98774e-07 DIIS
   @DF-RHF iter  11:  -266.43299544756087   -2.12822e-10   1.75666e-07 DIIS
   @DF-RHF iter  12:  -266.43299544758349   -2.26237e-11   4.31307e-08 DIIS
   @DF-RHF iter  13:  -266.43299544758418   -6.82121e-13   1.05954e-08 DIIS
   @DF-RHF iter  14:  -266.43299544758429   -1.13687e-13   3.48265e-09 DIIS

  ==> Post-Iterations <==

    Orbital Energies [Eh]
    ---------------------

    Doubly Occupied:                                                      

       1A    -20.459931     2A    -20.434486     3A    -11.300066  
       4A    -11.224875     5A    -11.168015     6A     -1.425861  
       7A     -1.308357     8A     -1.024140     9A     -0.925971  
      10A     -0.825532    11A     -0.699486    12A     -0.671830  
      13A     -0.636369    14A     -0.610626    15A     -0.583742  
      16A     -0.564064    17A     -0.535692    18A     -0.524460  
      19A     -0.451960    20A     -0.432109    21A     -0.423010  

    Virtual:                                                              

      22A      0.239055    23A      0.262539    24A      0.299373  
      25A      0.318228    26A      0.333156    27A      0.338194  
      28A      0.345537    29A      0.358694    30A      0.368425  
      31A      0.444376    32A      0.454582    33A      0.524491  
      34A      0.905685    35A      0.925772    36A      0.944782  
      37A      0.967652    38A      0.969522    39A      1.006855  
      40A      1.033388    41A      1.127783    42A      1.175385  
      43A      1.221464    44A      1.272919    45A      1.303248  
      46A      1.312208    47A      1.338842    48A      1.360496  
      49A      1.369168    50A      1.425553    51A      1.767531  
      52A      1.921495    53A      1.950178    54A      1.978731  
      55A      2.046575    56A      2.090977    57A      2.154263  
      58A      2.302793    59A      2.446310    60A      3.316154  
      61A      3.728052  

    Final Occupation by Irrep:
              A 
    DOCC [    21 ]

  Energy converged.

  @DF-RHF Final Energy:  -266.43299544758429

   => Energetics <=

    Nuclear Repulsion Energy =            195.8492007133987158
    One-Electron Energy =                -752.1032312847174808
    Two-Electron Energy =                 289.8210351237344184
    Total Energy =                       -266.4329954475842896



Properties will be evaluated at   0.000000,   0.000000,   0.000000 [a0]

Properties computed using the SCF density matrix

  Nuclear Dipole Moment: [e a0]
     X:     3.4112      Y:     0.5540      Z:     1.4663

  Electronic Dipole Moment: [e a0]
     X:    -2.3825      Y:    -0.3680      Z:    -1.3703

  Dipole Moment: [e a0]
     X:     1.0287      Y:     0.1860      Z:     0.0960     Total:     1.0498

  Dipole Moment: [D]
     X:     2.6147      Y:     0.4727      Z:     0.2439     Total:     2.6683


*** tstop() called on localhost.localdomain at Thu Feb 28 10:23:54 2019
Module time:
	user time   =      60.78 seconds =       1.01 minutes
	system time =       4.15 seconds =       0.07 minutes
	total time  =          2 seconds =       0.03 minutes
Total time:
	user time   =   12998.99 seconds =     216.65 minutes
	system time =     856.94 seconds =      14.28 minutes
	total time  =        592 seconds =       9.87 minutes

*** tstart() called on localhost.localdomain
*** at Thu Feb 28 10:23:54 2019


  //>>>>>>>>>>>>>>>>>>>>>>>>>>>>>>>>>>>//
  //               DFMP2               //
  //<<<<<<<<<<<<<<<<<<<<<<<<<<<<<<<<<<<//

   => Loading Basis Set <=

    Name: (3-21G AUX)
    Role: RIFIT
    Keyword: DF_BASIS_MP2
    atoms 1, 6, 11            entry C          line   270 file /root/psi4conda/share/psi4/basis/def2-qzvpp-ri.gbs 
    atoms 2, 9                entry O          line   406 file /root/psi4conda/share/psi4/basis/def2-qzvpp-ri.gbs 
    atoms 3-5, 7-8, 10, 12-13 entry H          line    24 file /root/psi4conda/share/psi4/basis/def2-qzvpp-ri.gbs 

	 --------------------------------------------------------
	                          DF-MP2                         
	      2nd-Order Density-Fitted Moller-Plesset Theory     
	              RMP2 Wavefunction,  40 Threads             
	                                                         
	        Rob Parrish, Justin Turney, Andy Simmonett,      
	           Ed Hohenstein, and C. David Sherrill          
	 --------------------------------------------------------

   => Auxiliary Basis Set <=

  Basis Set: (3-21G AUX)
    Blend: DEF2-QZVPP-RI
    Number of shells: 293
    Number of basis function: 1153
    Number of Cartesian functions: 1523
    Spherical Harmonics?: true
    Max angular momentum: 5

	 --------------------------------------------------------
	                 NBF =    61, NAUX =  1153
	 --------------------------------------------------------
	   CLASS    FOCC     OCC    AOCC    AVIR     VIR    FVIR
	   PAIRS       5      21      16      40      40       0
	 --------------------------------------------------------

	-----------------------------------------------------------
	 ==================> DF-MP2 Energies <==================== 
	-----------------------------------------------------------
	 Reference Energy          =    -266.4329954475842896 [Eh]
	 Singles Energy            =      -0.0000000000000006 [Eh]
	 Same-Spin Energy          =      -0.1188416672453124 [Eh]
	 Opposite-Spin Energy      =      -0.3977698491085684 [Eh]
	 Correlation Energy        =      -0.5166115163538814 [Eh]
	 Total Energy              =    -266.9496069639381517 [Eh]
	-----------------------------------------------------------
	 ================> DF-SCS-MP2 Energies <================== 
	-----------------------------------------------------------
	 SCS Same-Spin Scale       =       0.3333333333333333 [-]
	 SCS Opposite-Spin Scale   =       1.2000000000000000 [-]
	 SCS Same-Spin Energy      =      -0.0396138890817708 [Eh]
	 SCS Opposite-Spin Energy  =      -0.4773238189302820 [Eh]
	 SCS Correlation Energy    =      -0.5169377080120534 [Eh]
	 SCS Total Energy          =    -266.9499331555963408 [Eh]
	-----------------------------------------------------------


*** tstop() called on localhost.localdomain at Thu Feb 28 10:23:56 2019
Module time:
	user time   =      32.27 seconds =       0.54 minutes
	system time =       1.91 seconds =       0.03 minutes
	total time  =          2 seconds =       0.03 minutes
Total time:
	user time   =   13031.30 seconds =     217.19 minutes
	system time =     858.85 seconds =      14.31 minutes
	total time  =        594 seconds =       9.90 minutes
