  Threads set to 40 by Python driver.

*** tstart() called on localhost.localdomain
*** at Thu Feb 28 10:22:29 2019

   => Loading Basis Set <=

    Name: 3-21G
    Role: ORBITAL
    Keyword: BASIS
    atoms 1, 6, 11            entry C          line    68 file /root/psi4conda/share/psi4/basis/3-21g.gbs 
    atoms 2, 9                entry O          line    90 file /root/psi4conda/share/psi4/basis/3-21g.gbs 
    atoms 3-5, 7-8, 10, 12-13 entry H          line    21 file /root/psi4conda/share/psi4/basis/3-21g.gbs 


         ---------------------------------------------------------
                                   SCF
            by Justin Turney, Rob Parrish, Andy Simmonett
                             and Daniel Smith
                              RHF Reference
                       40 Threads,    500 MiB Core
         ---------------------------------------------------------

  ==> Geometry <==

    Molecular point group: c1
    Full point group: C1

    Geometry (in Angstrom), charge = 0, multiplicity = 1:

       Center              X                  Y                   Z               Mass       
    ------------   -----------------  -----------------  -----------------  -----------------
         C           -0.041598706530    -0.729693723915     0.090123278657    12.000000000000
         O           -1.094121109458    -0.768924756147    -0.670060881764    15.994914619560
         H            0.715635796864    -0.715889465081     2.117224516609     1.007825032070
         H           -1.048370877872    -0.462581269767     1.948040191254     1.007825032070
         H            1.012205301442     2.456544383309    -1.094514973882     1.007825032070
         C            1.205258236292     1.419834283189    -0.828818874057    12.000000000000
         H            1.327007491824     0.820825426217    -1.735992041070     1.007825032070
         H            2.109316797085     1.365054103913    -0.221962025382     1.007825032070
         O            0.108778221900     0.941672878730    -0.057231704462    15.994914619560
         H           -0.748250773431     0.592171024778    -0.639020731801     1.007825032070
         C           -0.180943507668    -0.997936501488     1.563525291744    12.000000000000
         H           -0.352087148076    -2.070325973234     1.685228391256     1.007825032070
         H            0.921618763629    -1.062562742272    -0.337448087947     1.007825032070

  Running in c1 symmetry.

  Rotational constants: A =      0.28082  B =      0.11855  C =      0.09490 [cm^-1]
  Rotational constants: A =   8418.88823  B =   3553.92704  C =   2845.12212 [MHz]
  Nuclear repulsion =  195.932939186213872

  Charge       = 0
  Multiplicity = 1
  Electrons    = 42
  Nalpha       = 21
  Nbeta        = 21

  ==> Algorithm <==

  SCF Algorithm Type is DF.
  DIIS enabled.
  MOM disabled.
  Fractional occupation disabled.
  Guess Type is SAD.
  Energy threshold   = 1.00e-08
  Density threshold  = 1.00e-08
  Integral threshold = 0.00e+00

  ==> Primary Basis <==

  Basis Set: 3-21G
    Blend: 3-21G
    Number of shells: 41
    Number of basis function: 61
    Number of Cartesian functions: 61
    Spherical Harmonics?: false
    Max angular momentum: 1

   => Loading Basis Set <=

    Name: (3-21G AUX)
    Role: JKFIT
    Keyword: DF_BASIS_SCF
    atoms 1, 6, 11            entry C          line   203 file /root/psi4conda/share/psi4/basis/def2-svp-jkfit.gbs 
    atoms 2, 9                entry O          line   323 file /root/psi4conda/share/psi4/basis/def2-svp-jkfit.gbs 
    atoms 3-5, 7-8, 10, 12-13 entry H          line    23 file /root/psi4conda/share/psi4/basis/def2-svp-jkfit.gbs 

  ==> Pre-Iterations <==

   -------------------------------------------------------
    Irrep   Nso     Nmo     Nalpha   Nbeta   Ndocc  Nsocc
   -------------------------------------------------------
     A         61      61       0       0       0       0
   -------------------------------------------------------
    Total      61      61      21      21      21       0
   -------------------------------------------------------

  ==> Integral Setup <==

  ==> DiskDFJK: Density-Fitted J/K Matrices <==

    J tasked:                  Yes
    K tasked:                  Yes
    wK tasked:                  No
    OpenMP threads:             40
    Integrals threads:          40
    Memory (MB):               375
    Algorithm:                Core
    Integral Cache:           NONE
    Schwarz Cutoff:          1E-12
    Fitting Condition:       1E-12

   => Auxiliary Basis Set <=

  Basis Set: (3-21G AUX)
    Blend: DEF2-SVP-JKFIT
    Number of shells: 173
    Number of basis function: 613
    Number of Cartesian functions: 613
    Spherical Harmonics?: false
    Max angular momentum: 4

  Minimum eigenvalue in the overlap matrix is 1.3472861334E-02.
  Using Symmetric Orthogonalization.

  SCF Guess: Superposition of Atomic Densities via on-the-fly atomic UHF.

  ==> Iterations <==

                           Total Energy        Delta E     RMS |[F,P]|

   @DF-RHF iter   0:  -268.13643383236109   -2.68136e+02   1.62028e-01 
   @DF-RHF iter   1:  -266.25033957246256    1.88609e+00   3.17685e-02 
   @DF-RHF iter   2:  -266.36430335468719   -1.13964e-01   1.48547e-02 DIIS
   @DF-RHF iter   3:  -266.39523160872335   -3.09283e-02   4.38423e-03 DIIS
   @DF-RHF iter   4:  -266.39883365025628   -3.60204e-03   1.03959e-03 DIIS
   @DF-RHF iter   5:  -266.39910643858622   -2.72788e-04   6.95881e-04 DIIS
   @DF-RHF iter   6:  -266.39915882955273   -5.23910e-05   1.41402e-04 DIIS
   @DF-RHF iter   7:  -266.39916235215549   -3.52260e-06   3.04538e-05 DIIS
   @DF-RHF iter   8:  -266.39916277551953   -4.23364e-07   1.02899e-05 DIIS
   @DF-RHF iter   9:  -266.39916282165916   -4.61396e-08   3.17132e-06 DIIS
   @DF-RHF iter  10:  -266.39916282609556   -4.43640e-09   8.76490e-07 DIIS
   @DF-RHF iter  11:  -266.39916282667139   -5.75824e-10   1.67233e-07 DIIS
   @DF-RHF iter  12:  -266.39916282669117   -1.97815e-11   5.89802e-08 DIIS
   @DF-RHF iter  13:  -266.39916282669196   -7.95808e-13   9.85604e-09 DIIS

  ==> Post-Iterations <==

    Orbital Energies [Eh]
    ---------------------

    Doubly Occupied:                                                      

       1A    -20.510402     2A    -20.370016     3A    -11.294293  
       4A    -11.247396     5A    -11.162417     6A     -1.438303  
       7A     -1.303387     8A     -1.011517     9A     -0.962976  
      10A     -0.811258    11A     -0.731572    12A     -0.672742  
      13A     -0.654155    14A     -0.615542    15A     -0.572507  
      16A     -0.564274    17A     -0.529152    18A     -0.516587  
      19A     -0.494517    20A     -0.397113    21A     -0.374395  

    Virtual:                                                              

      22A      0.225966    23A      0.250379    24A      0.297289  
      25A      0.310716    26A      0.321209    27A      0.324696  
      28A      0.341229    29A      0.354410    30A      0.359180  
      31A      0.440840    32A      0.454913    33A      0.553731  
      34A      0.900093    35A      0.914528    36A      0.923965  
      37A      0.956568    38A      0.991960    39A      1.011831  
      40A      1.051094    41A      1.120749    42A      1.165096  
      43A      1.202174    44A      1.264870    45A      1.290736  
      46A      1.304124    47A      1.338136    48A      1.362018  
      49A      1.372952    50A      1.430097    51A      1.772126  
      52A      1.906422    53A      1.960553    54A      2.017364  
      55A      2.050502    56A      2.096912    57A      2.150080  
      58A      2.268591    59A      2.426980    60A      3.315404  
      61A      3.762795  

    Final Occupation by Irrep:
              A 
    DOCC [    21 ]

  Energy converged.

  @DF-RHF Final Energy:  -266.39916282669196

   => Energetics <=

    Nuclear Repulsion Energy =            195.9329391862138721
    One-Electron Energy =                -752.1951637508666408
    Two-Electron Energy =                 289.8630617379608339
    Total Energy =                       -266.3991628266919633



Properties will be evaluated at   0.000000,   0.000000,   0.000000 [a0]

Properties computed using the SCF density matrix

  Nuclear Dipole Moment: [e a0]
     X:     3.6862      Y:     0.8663      Z:     1.6104

  Electronic Dipole Moment: [e a0]
     X:    -2.2578      Y:    -0.2019      Z:    -1.4670

  Dipole Moment: [e a0]
     X:     1.4283      Y:     0.6645      Z:     0.1434     Total:     1.5818

  Dipole Moment: [D]
     X:     3.6305      Y:     1.6889      Z:     0.3645     Total:     4.0206


*** tstop() called on localhost.localdomain at Thu Feb 28 10:22:32 2019
Module time:
	user time   =      61.75 seconds =       1.03 minutes
	system time =       4.19 seconds =       0.07 minutes
	total time  =          3 seconds =       0.05 minutes
Total time:
	user time   =   11184.78 seconds =     186.41 minutes
	system time =     736.92 seconds =      12.28 minutes
	total time  =        510 seconds =       8.50 minutes

*** tstart() called on localhost.localdomain
*** at Thu Feb 28 10:22:32 2019


  //>>>>>>>>>>>>>>>>>>>>>>>>>>>>>>>>>>>//
  //               DFMP2               //
  //<<<<<<<<<<<<<<<<<<<<<<<<<<<<<<<<<<<//

   => Loading Basis Set <=

    Name: (3-21G AUX)
    Role: RIFIT
    Keyword: DF_BASIS_MP2
    atoms 1, 6, 11            entry C          line   270 file /root/psi4conda/share/psi4/basis/def2-qzvpp-ri.gbs 
    atoms 2, 9                entry O          line   406 file /root/psi4conda/share/psi4/basis/def2-qzvpp-ri.gbs 
    atoms 3-5, 7-8, 10, 12-13 entry H          line    24 file /root/psi4conda/share/psi4/basis/def2-qzvpp-ri.gbs 

	 --------------------------------------------------------
	                          DF-MP2                         
	      2nd-Order Density-Fitted Moller-Plesset Theory     
	              RMP2 Wavefunction,  40 Threads             
	                                                         
	        Rob Parrish, Justin Turney, Andy Simmonett,      
	           Ed Hohenstein, and C. David Sherrill          
	 --------------------------------------------------------

   => Auxiliary Basis Set <=

  Basis Set: (3-21G AUX)
    Blend: DEF2-QZVPP-RI
    Number of shells: 293
    Number of basis function: 1153
    Number of Cartesian functions: 1523
    Spherical Harmonics?: true
    Max angular momentum: 5

	 --------------------------------------------------------
	                 NBF =    61, NAUX =  1153
	 --------------------------------------------------------
	   CLASS    FOCC     OCC    AOCC    AVIR     VIR    FVIR
	   PAIRS       5      21      16      40      40       0
	 --------------------------------------------------------

	-----------------------------------------------------------
	 ==================> DF-MP2 Energies <==================== 
	-----------------------------------------------------------
	 Reference Energy          =    -266.3991628266919633 [Eh]
	 Singles Energy            =      -0.0000000000000040 [Eh]
	 Same-Spin Energy          =      -0.1232281831850380 [Eh]
	 Opposite-Spin Energy      =      -0.4013214855229986 [Eh]
	 Correlation Energy        =      -0.5245496687080407 [Eh]
	 Total Energy              =    -266.9237124954000251 [Eh]
	-----------------------------------------------------------
	 ================> DF-SCS-MP2 Energies <================== 
	-----------------------------------------------------------
	 SCS Same-Spin Scale       =       0.3333333333333333 [-]
	 SCS Opposite-Spin Scale   =       1.2000000000000000 [-]
	 SCS Same-Spin Energy      =      -0.0410760610616793 [Eh]
	 SCS Opposite-Spin Energy  =      -0.4815857826275983 [Eh]
	 SCS Correlation Energy    =      -0.5226618436892817 [Eh]
	 SCS Total Energy          =    -266.9218246703812270 [Eh]
	-----------------------------------------------------------


*** tstop() called on localhost.localdomain at Thu Feb 28 10:22:34 2019
Module time:
	user time   =      34.99 seconds =       0.58 minutes
	system time =       1.83 seconds =       0.03 minutes
	total time  =          2 seconds =       0.03 minutes
Total time:
	user time   =   11219.79 seconds =     187.00 minutes
	system time =     738.75 seconds =      12.31 minutes
	total time  =        512 seconds =       8.53 minutes
