  Threads set to 40 by Python driver.

*** tstart() called on localhost.localdomain
*** at Thu Feb 28 10:15:37 2019

   => Loading Basis Set <=

    Name: 3-21G
    Role: ORBITAL
    Keyword: BASIS
    atoms 1, 6, 11            entry C          line    68 file /root/psi4conda/share/psi4/basis/3-21g.gbs 
    atoms 2, 9                entry O          line    90 file /root/psi4conda/share/psi4/basis/3-21g.gbs 
    atoms 3-5, 7-8, 10, 12-13 entry H          line    21 file /root/psi4conda/share/psi4/basis/3-21g.gbs 


         ---------------------------------------------------------
                                   SCF
            by Justin Turney, Rob Parrish, Andy Simmonett
                             and Daniel Smith
                              RHF Reference
                       40 Threads,    500 MiB Core
         ---------------------------------------------------------

  ==> Geometry <==

    Molecular point group: c1
    Full point group: C1

    Geometry (in Angstrom), charge = 0, multiplicity = 1:

       Center              X                  Y                   Z               Mass       
    ------------   -----------------  -----------------  -----------------  -----------------
         C           -0.170930060918    -1.070226565925     0.061887128443    12.000000000000
         O           -1.130406426938    -0.967879450668    -0.659393208817    15.994914619560
         H            0.683572298014    -0.591999617578     1.964312390037     1.007825032070
         H           -1.101495338750    -0.503603264880     1.901080721161     1.007825032070
         H            1.277283252259     2.526124492244    -1.304979972218     1.007825032070
         C            1.276919638591     1.515817617223    -0.886463369425    12.000000000000
         H            1.262525419847     0.789233099365    -1.706601093261     1.007825032070
         H            2.193171659646     1.379363484649    -0.312134789907     1.007825032070
         O            0.198978051263     1.319415416726     0.005941116517    15.994914619560
         H           -0.624360272634     1.306820033724    -0.492054216104     1.007825032070
         C           -0.221046502785    -1.047004228779     1.561752450721    12.000000000000
         H           -0.278790719402    -2.080548672486     1.918500000518     1.007825032070
         H            0.833672356397    -1.243596767368    -0.374794975975     1.007825032070

  Running in c1 symmetry.

  Rotational constants: A =      0.25254  B =      0.09394  C =      0.07949 [cm^-1]
  Rotational constants: A =   7571.10453  B =   2816.27012  C =   2382.91620 [MHz]
  Nuclear repulsion =  184.204296814806042

  Charge       = 0
  Multiplicity = 1
  Electrons    = 42
  Nalpha       = 21
  Nbeta        = 21

  ==> Algorithm <==

  SCF Algorithm Type is DF.
  DIIS enabled.
  MOM disabled.
  Fractional occupation disabled.
  Guess Type is SAD.
  Energy threshold   = 1.00e-08
  Density threshold  = 1.00e-08
  Integral threshold = 0.00e+00

  ==> Primary Basis <==

  Basis Set: 3-21G
    Blend: 3-21G
    Number of shells: 41
    Number of basis function: 61
    Number of Cartesian functions: 61
    Spherical Harmonics?: false
    Max angular momentum: 1

   => Loading Basis Set <=

    Name: (3-21G AUX)
    Role: JKFIT
    Keyword: DF_BASIS_SCF
    atoms 1, 6, 11            entry C          line   203 file /root/psi4conda/share/psi4/basis/def2-svp-jkfit.gbs 
    atoms 2, 9                entry O          line   323 file /root/psi4conda/share/psi4/basis/def2-svp-jkfit.gbs 
    atoms 3-5, 7-8, 10, 12-13 entry H          line    23 file /root/psi4conda/share/psi4/basis/def2-svp-jkfit.gbs 

  ==> Pre-Iterations <==

   -------------------------------------------------------
    Irrep   Nso     Nmo     Nalpha   Nbeta   Ndocc  Nsocc
   -------------------------------------------------------
     A         61      61       0       0       0       0
   -------------------------------------------------------
    Total      61      61      21      21      21       0
   -------------------------------------------------------

  ==> Integral Setup <==

  ==> DiskDFJK: Density-Fitted J/K Matrices <==

    J tasked:                  Yes
    K tasked:                  Yes
    wK tasked:                  No
    OpenMP threads:             40
    Integrals threads:          40
    Memory (MB):               375
    Algorithm:                Core
    Integral Cache:           NONE
    Schwarz Cutoff:          1E-12
    Fitting Condition:       1E-12

   => Auxiliary Basis Set <=

  Basis Set: (3-21G AUX)
    Blend: DEF2-SVP-JKFIT
    Number of shells: 173
    Number of basis function: 613
    Number of Cartesian functions: 613
    Spherical Harmonics?: false
    Max angular momentum: 4

  Minimum eigenvalue in the overlap matrix is 1.6356566657E-02.
  Using Symmetric Orthogonalization.

  SCF Guess: Superposition of Atomic Densities via on-the-fly atomic UHF.

  ==> Iterations <==

                           Total Energy        Delta E     RMS |[F,P]|

   @DF-RHF iter   0:  -267.54121043036628   -2.67541e+02   2.13713e-01 
   @DF-RHF iter   1:  -266.26059366089771    1.28062e+00   3.65558e-02 
   @DF-RHF iter   2:  -266.38298490312758   -1.22391e-01   2.12115e-02 DIIS
   @DF-RHF iter   3:  -266.45060801909187   -6.76231e-02   7.93411e-03 DIIS
   @DF-RHF iter   4:  -266.45509009277021   -4.48207e-03   1.51328e-03 DIIS
   @DF-RHF iter   5:  -266.45564375465477   -5.53662e-04   6.02579e-04 DIIS
   @DF-RHF iter   6:  -266.45578505469274   -1.41300e-04   2.12785e-04 DIIS
   @DF-RHF iter   7:  -266.45580606020417   -2.10055e-05   9.86314e-05 DIIS
   @DF-RHF iter   8:  -266.45580766715705   -1.60695e-06   2.39381e-05 DIIS
   @DF-RHF iter   9:  -266.45580781274850   -1.45591e-07   5.98847e-06 DIIS
   @DF-RHF iter  10:  -266.45580785001937   -3.72709e-08   2.74985e-06 DIIS
   @DF-RHF iter  11:  -266.45580785696495   -6.94558e-09   9.32299e-07 DIIS
   @DF-RHF iter  12:  -266.45580785751827   -5.53314e-10   2.12640e-07 DIIS
   @DF-RHF iter  13:  -266.45580785755129   -3.30260e-11   4.21853e-08 DIIS
   @DF-RHF iter  14:  -266.45580785755271   -1.42109e-12   2.70115e-08 DIIS
   @DF-RHF iter  15:  -266.45580785755317   -4.54747e-13   6.47429e-09 DIIS

  ==> Post-Iterations <==

    Orbital Energies [Eh]
    ---------------------

    Doubly Occupied:                                                      

       1A    -20.454002     2A    -20.438416     3A    -11.273034  
       4A    -11.222753     5A    -11.163893     6A     -1.396945  
       7A     -1.362737     8A     -1.006082     9A     -0.933655  
      10A     -0.784530    11A     -0.690025    12A     -0.659062  
      13A     -0.636421    14A     -0.605015    15A     -0.600374  
      16A     -0.576773    17A     -0.539642    18A     -0.496573  
      19A     -0.486551    20A     -0.435067    21A     -0.396334  

    Virtual:                                                              

      22A      0.183522    23A      0.252981    24A      0.293440  
      25A      0.312521    26A      0.326153    27A      0.338832  
      28A      0.345298    29A      0.355462    30A      0.366590  
      31A      0.433163    32A      0.479123    33A      0.557067  
      34A      0.915304    35A      0.945051    36A      0.959966  
      37A      0.969784    38A      1.000894    39A      1.011606  
      40A      1.101126    41A      1.117658    42A      1.168410  
      43A      1.232846    44A      1.282963    45A      1.310093  
      46A      1.335232    47A      1.345873    48A      1.361526  
      49A      1.382574    50A      1.408420    51A      1.643187  
      52A      1.849816    53A      1.923915    54A      1.956353  
      55A      1.990485    56A      2.053399    57A      2.061228  
      58A      2.152685    59A      2.284199    60A      3.346609  
      61A      3.574221  

    Final Occupation by Irrep:
              A 
    DOCC [    21 ]

  Energy converged.

  @DF-RHF Final Energy:  -266.45580785755317

   => Energetics <=

    Nuclear Repulsion Energy =            184.2042968148060424
    One-Electron Energy =                -729.0044385358785348
    Two-Electron Energy =                 278.3443338635192958
    Total Energy =                       -266.4558078575531681



Properties will be evaluated at   0.000000,   0.000000,   0.000000 [a0]

Properties computed using the SCF density matrix

  Nuclear Dipole Moment: [e a0]
     X:     3.9756      Y:     1.4846      Z:     1.4906

  Electronic Dipole Moment: [e a0]
     X:    -3.0993      Y:    -1.3074      Z:    -1.4717

  Dipole Moment: [e a0]
     X:     0.8763      Y:     0.1772      Z:     0.0188     Total:     0.8942

  Dipole Moment: [D]
     X:     2.2273      Y:     0.4504      Z:     0.0478     Total:     2.2728


*** tstop() called on localhost.localdomain at Thu Feb 28 10:15:40 2019
Module time:
	user time   =      60.08 seconds =       1.00 minutes
	system time =       4.02 seconds =       0.07 minutes
	total time  =          3 seconds =       0.05 minutes
Total time:
	user time   =    2153.73 seconds =      35.90 minutes
	system time =     140.82 seconds =       2.35 minutes
	total time  =         98 seconds =       1.63 minutes

*** tstart() called on localhost.localdomain
*** at Thu Feb 28 10:15:40 2019


  //>>>>>>>>>>>>>>>>>>>>>>>>>>>>>>>>>>>//
  //               DFMP2               //
  //<<<<<<<<<<<<<<<<<<<<<<<<<<<<<<<<<<<//

   => Loading Basis Set <=

    Name: (3-21G AUX)
    Role: RIFIT
    Keyword: DF_BASIS_MP2
    atoms 1, 6, 11            entry C          line   270 file /root/psi4conda/share/psi4/basis/def2-qzvpp-ri.gbs 
    atoms 2, 9                entry O          line   406 file /root/psi4conda/share/psi4/basis/def2-qzvpp-ri.gbs 
    atoms 3-5, 7-8, 10, 12-13 entry H          line    24 file /root/psi4conda/share/psi4/basis/def2-qzvpp-ri.gbs 

	 --------------------------------------------------------
	                          DF-MP2                         
	      2nd-Order Density-Fitted Moller-Plesset Theory     
	              RMP2 Wavefunction,  40 Threads             
	                                                         
	        Rob Parrish, Justin Turney, Andy Simmonett,      
	           Ed Hohenstein, and C. David Sherrill          
	 --------------------------------------------------------

   => Auxiliary Basis Set <=

  Basis Set: (3-21G AUX)
    Blend: DEF2-QZVPP-RI
    Number of shells: 293
    Number of basis function: 1153
    Number of Cartesian functions: 1523
    Spherical Harmonics?: true
    Max angular momentum: 5

	 --------------------------------------------------------
	                 NBF =    61, NAUX =  1153
	 --------------------------------------------------------
	   CLASS    FOCC     OCC    AOCC    AVIR     VIR    FVIR
	   PAIRS       5      21      16      40      40       0
	 --------------------------------------------------------

	-----------------------------------------------------------
	 ==================> DF-MP2 Energies <==================== 
	-----------------------------------------------------------
	 Reference Energy          =    -266.4558078575531681 [Eh]
	 Singles Energy            =      -0.0000000000000018 [Eh]
	 Same-Spin Energy          =      -0.1181264668231909 [Eh]
	 Opposite-Spin Energy      =      -0.3985854338854178 [Eh]
	 Correlation Energy        =      -0.5167119007086105 [Eh]
	 Total Energy              =    -266.9725197582617966 [Eh]
	-----------------------------------------------------------
	 ================> DF-SCS-MP2 Energies <================== 
	-----------------------------------------------------------
	 SCS Same-Spin Scale       =       0.3333333333333333 [-]
	 SCS Opposite-Spin Scale   =       1.2000000000000000 [-]
	 SCS Same-Spin Energy      =      -0.0393754889410636 [Eh]
	 SCS Opposite-Spin Energy  =      -0.4783025206625013 [Eh]
	 SCS Correlation Energy    =      -0.5176780096035668 [Eh]
	 SCS Total Energy          =    -266.9734858671567395 [Eh]
	-----------------------------------------------------------


*** tstop() called on localhost.localdomain at Thu Feb 28 10:15:42 2019
Module time:
	user time   =      32.08 seconds =       0.53 minutes
	system time =       2.22 seconds =       0.04 minutes
	total time  =          2 seconds =       0.03 minutes
Total time:
	user time   =    2185.85 seconds =      36.43 minutes
	system time =     143.05 seconds =       2.38 minutes
	total time  =        100 seconds =       1.67 minutes
