  Threads set to 40 by Python driver.

*** tstart() called on localhost.localdomain
*** at Thu Feb 28 10:24:22 2019

   => Loading Basis Set <=

    Name: 3-21G
    Role: ORBITAL
    Keyword: BASIS
    atoms 1, 6, 11            entry C          line    68 file /root/psi4conda/share/psi4/basis/3-21g.gbs 
    atoms 2, 9                entry O          line    90 file /root/psi4conda/share/psi4/basis/3-21g.gbs 
    atoms 3-5, 7-8, 10, 12-13 entry H          line    21 file /root/psi4conda/share/psi4/basis/3-21g.gbs 


         ---------------------------------------------------------
                                   SCF
            by Justin Turney, Rob Parrish, Andy Simmonett
                             and Daniel Smith
                              RHF Reference
                       40 Threads,    500 MiB Core
         ---------------------------------------------------------

  ==> Geometry <==

    Molecular point group: c1
    Full point group: C1

    Geometry (in Angstrom), charge = 0, multiplicity = 1:

       Center              X                  Y                   Z               Mass       
    ------------   -----------------  -----------------  -----------------  -----------------
         C           -0.003491144067    -0.665208088283     0.102671142784    12.000000000000
         O           -1.109923134269    -0.758724471083    -0.681866349128    15.994914619560
         H            0.712761694058    -0.718493573546     2.117631276583     1.007825032070
         H           -1.045063277070    -0.457132100426     1.947952112146     1.007825032070
         H            0.989651275637     2.448809691027    -1.079348514118     1.007825032070
         C            1.205066383874     1.409913281996    -0.820293650650    12.000000000000
         H            1.330371173146     0.831750182329    -1.743970684931     1.007825032070
         H            2.134043975307     1.376085853388    -0.245210183217     1.007825032070
         O            0.122878818926     0.916015655342    -0.044834558072    15.994914619560
         H           -1.148669849740     0.210236306843    -0.837814726260     1.007825032070
         C           -0.181674921704    -0.998696052883     1.560651073534    12.000000000000
         H           -0.354629612275    -2.070828957643     1.678912229209     1.007825032070
         H            0.902865823745    -1.092526992192    -0.342677465158     1.007825032070

  Running in c1 symmetry.

  Rotational constants: A =      0.27553  B =      0.12077  C =      0.09518 [cm^-1]
  Rotational constants: A =   8260.12982  B =   3620.65299  C =   2853.43401 [MHz]
  Nuclear repulsion =  195.763873596661909

  Charge       = 0
  Multiplicity = 1
  Electrons    = 42
  Nalpha       = 21
  Nbeta        = 21

  ==> Algorithm <==

  SCF Algorithm Type is DF.
  DIIS enabled.
  MOM disabled.
  Fractional occupation disabled.
  Guess Type is SAD.
  Energy threshold   = 1.00e-08
  Density threshold  = 1.00e-08
  Integral threshold = 0.00e+00

  ==> Primary Basis <==

  Basis Set: 3-21G
    Blend: 3-21G
    Number of shells: 41
    Number of basis function: 61
    Number of Cartesian functions: 61
    Spherical Harmonics?: false
    Max angular momentum: 1

   => Loading Basis Set <=

    Name: (3-21G AUX)
    Role: JKFIT
    Keyword: DF_BASIS_SCF
    atoms 1, 6, 11            entry C          line   203 file /root/psi4conda/share/psi4/basis/def2-svp-jkfit.gbs 
    atoms 2, 9                entry O          line   323 file /root/psi4conda/share/psi4/basis/def2-svp-jkfit.gbs 
    atoms 3-5, 7-8, 10, 12-13 entry H          line    23 file /root/psi4conda/share/psi4/basis/def2-svp-jkfit.gbs 

  ==> Pre-Iterations <==

   -------------------------------------------------------
    Irrep   Nso     Nmo     Nalpha   Nbeta   Ndocc  Nsocc
   -------------------------------------------------------
     A         61      61       0       0       0       0
   -------------------------------------------------------
    Total      61      61      21      21      21       0
   -------------------------------------------------------

  ==> Integral Setup <==

  ==> DiskDFJK: Density-Fitted J/K Matrices <==

    J tasked:                  Yes
    K tasked:                  Yes
    wK tasked:                  No
    OpenMP threads:             40
    Integrals threads:          40
    Memory (MB):               375
    Algorithm:                Core
    Integral Cache:           NONE
    Schwarz Cutoff:          1E-12
    Fitting Condition:       1E-12

   => Auxiliary Basis Set <=

  Basis Set: (3-21G AUX)
    Blend: DEF2-SVP-JKFIT
    Number of shells: 173
    Number of basis function: 613
    Number of Cartesian functions: 613
    Spherical Harmonics?: false
    Max angular momentum: 4

  Minimum eigenvalue in the overlap matrix is 1.3333961319E-02.
  Using Symmetric Orthogonalization.

  SCF Guess: Superposition of Atomic Densities via on-the-fly atomic UHF.

  ==> Iterations <==

                           Total Energy        Delta E     RMS |[F,P]|

   @DF-RHF iter   0:  -268.14718018573291   -2.68147e+02   2.45139e-01 
   @DF-RHF iter   1:  -266.33217952693269    1.81500e+00   2.31219e-02 
   @DF-RHF iter   2:  -266.42950781432467   -9.73283e-02   1.46138e-02 DIIS
   @DF-RHF iter   3:  -266.44690113492538   -1.73933e-02   2.80100e-03 DIIS
   @DF-RHF iter   4:  -266.44986650909152   -2.96537e-03   9.63735e-04 DIIS
   @DF-RHF iter   5:  -266.45012770583236   -2.61197e-04   3.43455e-04 DIIS
   @DF-RHF iter   6:  -266.45016644504835   -3.87392e-05   1.02537e-04 DIIS
   @DF-RHF iter   7:  -266.45016990025516   -3.45521e-06   3.35133e-05 DIIS
   @DF-RHF iter   8:  -266.45017033069553   -4.30440e-07   5.16928e-06 DIIS
   @DF-RHF iter   9:  -266.45017034566371   -1.49682e-08   1.75133e-06 DIIS
   @DF-RHF iter  10:  -266.45017034637414   -7.10429e-10   5.37011e-07 DIIS
   @DF-RHF iter  11:  -266.45017034646526   -9.11200e-11   1.31489e-07 DIIS
   @DF-RHF iter  12:  -266.45017034647185   -6.59384e-12   2.17908e-08 DIIS
   @DF-RHF iter  13:  -266.45017034647219   -3.41061e-13   4.63716e-09 DIIS

  ==> Post-Iterations <==

    Orbital Energies [Eh]
    ---------------------

    Doubly Occupied:                                                      

       1A    -20.455201     2A    -20.436752     3A    -11.295210  
       4A    -11.222916     5A    -11.166165     6A     -1.419626  
       7A     -1.307947     8A     -1.023272     9A     -0.923115  
      10A     -0.828109    11A     -0.692570    12A     -0.671846  
      13A     -0.638270    14A     -0.609896    15A     -0.580064  
      16A     -0.563129    17A     -0.536334    18A     -0.522827  
      19A     -0.452449    20A     -0.435238    21A     -0.422292  

    Virtual:                                                              

      22A      0.251578    23A      0.267332    24A      0.300906  
      25A      0.318092    26A      0.333218    27A      0.340663  
      28A      0.345457    29A      0.361067    30A      0.369752  
      31A      0.443997    32A      0.452677    33A      0.524838  
      34A      0.905807    35A      0.926746    36A      0.945924  
      37A      0.970810    38A      0.979217    39A      1.009640  
      40A      1.040274    41A      1.134442    42A      1.182839  
      43A      1.234867    44A      1.291931    45A      1.308675  
      46A      1.311755    47A      1.342116    48A      1.362095  
      49A      1.371904    50A      1.424652    51A      1.769120  
      52A      1.917704    53A      1.945206    54A      1.957631  
      55A      2.053375    56A      2.094792    57A      2.152472  
      58A      2.303616    59A      2.450328    60A      3.329926  
      61A      3.686882  

    Final Occupation by Irrep:
              A 
    DOCC [    21 ]

  Energy converged.

  @DF-RHF Final Energy:  -266.45017034647219

   => Energetics <=

    Nuclear Repulsion Energy =            195.7638735966619095
    One-Electron Energy =                -752.0216367649078393
    Two-Electron Energy =                 289.8075928217737101
    Total Energy =                       -266.4501703464721913



Properties will be evaluated at   0.000000,   0.000000,   0.000000 [a0]

Properties computed using the SCF density matrix

  Nuclear Dipole Moment: [e a0]
     X:     3.2964      Y:     0.4956      Z:     1.3985

  Electronic Dipole Moment: [e a0]
     X:    -2.3636      Y:    -0.3005      Z:    -1.3615

  Dipole Moment: [e a0]
     X:     0.9328      Y:     0.1952      Z:     0.0369     Total:     0.9537

  Dipole Moment: [D]
     X:     2.3709      Y:     0.4961      Z:     0.0938     Total:     2.4241


*** tstop() called on localhost.localdomain at Thu Feb 28 10:24:25 2019
Module time:
	user time   =      59.50 seconds =       0.99 minutes
	system time =       4.39 seconds =       0.07 minutes
	total time  =          3 seconds =       0.05 minutes
Total time:
	user time   =   13664.67 seconds =     227.74 minutes
	system time =     901.73 seconds =      15.03 minutes
	total time  =        623 seconds =      10.38 minutes

*** tstart() called on localhost.localdomain
*** at Thu Feb 28 10:24:25 2019


  //>>>>>>>>>>>>>>>>>>>>>>>>>>>>>>>>>>>//
  //               DFMP2               //
  //<<<<<<<<<<<<<<<<<<<<<<<<<<<<<<<<<<<//

   => Loading Basis Set <=

    Name: (3-21G AUX)
    Role: RIFIT
    Keyword: DF_BASIS_MP2
    atoms 1, 6, 11            entry C          line   270 file /root/psi4conda/share/psi4/basis/def2-qzvpp-ri.gbs 
    atoms 2, 9                entry O          line   406 file /root/psi4conda/share/psi4/basis/def2-qzvpp-ri.gbs 
    atoms 3-5, 7-8, 10, 12-13 entry H          line    24 file /root/psi4conda/share/psi4/basis/def2-qzvpp-ri.gbs 

	 --------------------------------------------------------
	                          DF-MP2                         
	      2nd-Order Density-Fitted Moller-Plesset Theory     
	              RMP2 Wavefunction,  40 Threads             
	                                                         
	        Rob Parrish, Justin Turney, Andy Simmonett,      
	           Ed Hohenstein, and C. David Sherrill          
	 --------------------------------------------------------

   => Auxiliary Basis Set <=

  Basis Set: (3-21G AUX)
    Blend: DEF2-QZVPP-RI
    Number of shells: 293
    Number of basis function: 1153
    Number of Cartesian functions: 1523
    Spherical Harmonics?: true
    Max angular momentum: 5

	 --------------------------------------------------------
	                 NBF =    61, NAUX =  1153
	 --------------------------------------------------------
	   CLASS    FOCC     OCC    AOCC    AVIR     VIR    FVIR
	   PAIRS       5      21      16      40      40       0
	 --------------------------------------------------------

	-----------------------------------------------------------
	 ==================> DF-MP2 Energies <==================== 
	-----------------------------------------------------------
	 Reference Energy          =    -266.4501703464721913 [Eh]
	 Singles Energy            =      -0.0000000000000013 [Eh]
	 Same-Spin Energy          =      -0.1170964246462408 [Eh]
	 Opposite-Spin Energy      =      -0.3950987401841597 [Eh]
	 Correlation Energy        =      -0.5121951648304017 [Eh]
	 Total Energy              =    -266.9623655113026075 [Eh]
	-----------------------------------------------------------
	 ================> DF-SCS-MP2 Energies <================== 
	-----------------------------------------------------------
	 SCS Same-Spin Scale       =       0.3333333333333333 [-]
	 SCS Opposite-Spin Scale   =       1.2000000000000000 [-]
	 SCS Same-Spin Energy      =      -0.0390321415487469 [Eh]
	 SCS Opposite-Spin Energy  =      -0.4741184882209916 [Eh]
	 SCS Correlation Energy    =      -0.5131506297697398 [Eh]
	 SCS Total Energy          =    -266.9633209762419028 [Eh]
	-----------------------------------------------------------


*** tstop() called on localhost.localdomain at Thu Feb 28 10:24:26 2019
Module time:
	user time   =      32.91 seconds =       0.55 minutes
	system time =       2.28 seconds =       0.04 minutes
	total time  =          1 seconds =       0.02 minutes
Total time:
	user time   =   13697.61 seconds =     228.29 minutes
	system time =     904.01 seconds =      15.07 minutes
	total time  =        624 seconds =      10.40 minutes
