  Threads set to 40 by Python driver.

*** tstart() called on localhost.localdomain
*** at Thu Feb 28 10:23:08 2019

   => Loading Basis Set <=

    Name: 3-21G
    Role: ORBITAL
    Keyword: BASIS
    atoms 1, 6, 11            entry C          line    68 file /root/psi4conda/share/psi4/basis/3-21g.gbs 
    atoms 2, 9                entry O          line    90 file /root/psi4conda/share/psi4/basis/3-21g.gbs 
    atoms 3-5, 7-8, 10, 12-13 entry H          line    21 file /root/psi4conda/share/psi4/basis/3-21g.gbs 


         ---------------------------------------------------------
                                   SCF
            by Justin Turney, Rob Parrish, Andy Simmonett
                             and Daniel Smith
                              RHF Reference
                       40 Threads,    500 MiB Core
         ---------------------------------------------------------

  ==> Geometry <==

    Molecular point group: c1
    Full point group: C1

    Geometry (in Angstrom), charge = 0, multiplicity = 1:

       Center              X                  Y                   Z               Mass       
    ------------   -----------------  -----------------  -----------------  -----------------
         C           -0.028036485335    -0.713428822275     0.096157704023    12.000000000000
         O           -1.098479598471    -0.759419853845    -0.674292143252    15.994914619560
         H            0.714464056064    -0.716927819715     2.116944577362     1.007825032070
         H           -1.048251399077    -0.460630984233     1.947543631884     1.007825032070
         H            1.004665438970     2.459859641834    -1.091677905510     1.007825032070
         C            1.205240000164     1.416865186909    -0.826133745611    12.000000000000
         H            1.328675839332     0.824181954457    -1.738576445626     1.007825032070
         H            2.113931841305     1.368752304260    -0.229847982544     1.007825032070
         O            0.110930688893     0.933442639187    -0.055365770968    15.994914619560
         H           -0.866513534202     0.419596972445    -0.690121257574     1.007825032070
         C           -0.180932228104    -0.998481808422     1.563029934213    12.000000000000
         H           -0.353095980135    -2.070736912949     1.684468561565     1.007825032070
         H            0.916810045807    -1.072907491614    -0.337562564948     1.007825032070

  Running in c1 symmetry.

  Rotational constants: A =      0.27965  B =      0.11932  C =      0.09511 [cm^-1]
  Rotational constants: A =   8383.58881  B =   3577.26099  C =   2851.33670 [MHz]
  Nuclear repulsion =  195.897708143794574

  Charge       = 0
  Multiplicity = 1
  Electrons    = 42
  Nalpha       = 21
  Nbeta        = 21

  ==> Algorithm <==

  SCF Algorithm Type is DF.
  DIIS enabled.
  MOM disabled.
  Fractional occupation disabled.
  Guess Type is SAD.
  Energy threshold   = 1.00e-08
  Density threshold  = 1.00e-08
  Integral threshold = 0.00e+00

  ==> Primary Basis <==

  Basis Set: 3-21G
    Blend: 3-21G
    Number of shells: 41
    Number of basis function: 61
    Number of Cartesian functions: 61
    Spherical Harmonics?: false
    Max angular momentum: 1

   => Loading Basis Set <=

    Name: (3-21G AUX)
    Role: JKFIT
    Keyword: DF_BASIS_SCF
    atoms 1, 6, 11            entry C          line   203 file /root/psi4conda/share/psi4/basis/def2-svp-jkfit.gbs 
    atoms 2, 9                entry O          line   323 file /root/psi4conda/share/psi4/basis/def2-svp-jkfit.gbs 
    atoms 3-5, 7-8, 10, 12-13 entry H          line    23 file /root/psi4conda/share/psi4/basis/def2-svp-jkfit.gbs 

  ==> Pre-Iterations <==

   -------------------------------------------------------
    Irrep   Nso     Nmo     Nalpha   Nbeta   Ndocc  Nsocc
   -------------------------------------------------------
     A         61      61       0       0       0       0
   -------------------------------------------------------
    Total      61      61      21      21      21       0
   -------------------------------------------------------

  ==> Integral Setup <==

  ==> DiskDFJK: Density-Fitted J/K Matrices <==

    J tasked:                  Yes
    K tasked:                  Yes
    wK tasked:                  No
    OpenMP threads:             40
    Integrals threads:          40
    Memory (MB):               375
    Algorithm:                Core
    Integral Cache:           NONE
    Schwarz Cutoff:          1E-12
    Fitting Condition:       1E-12

   => Auxiliary Basis Set <=

  Basis Set: (3-21G AUX)
    Blend: DEF2-SVP-JKFIT
    Number of shells: 173
    Number of basis function: 613
    Number of Cartesian functions: 613
    Spherical Harmonics?: false
    Max angular momentum: 4

  Minimum eigenvalue in the overlap matrix is 1.3391558118E-02.
  Using Symmetric Orthogonalization.

  SCF Guess: Superposition of Atomic Densities via on-the-fly atomic UHF.

  ==> Iterations <==

                           Total Energy        Delta E     RMS |[F,P]|

   @DF-RHF iter   0:  -268.32317561441755   -2.68323e+02   2.22046e-01 
   @DF-RHF iter   1:  -266.25382180965300    2.06935e+00   2.76408e-02 
   @DF-RHF iter   2:  -266.37316695762581   -1.19345e-01   1.96757e-02 DIIS
   @DF-RHF iter   3:  -266.40064344800368   -2.74765e-02   7.21036e-03 DIIS
   @DF-RHF iter   4:  -266.40388457185992   -3.24112e-03   2.06287e-03 DIIS
   @DF-RHF iter   5:  -266.40412962854879   -2.45057e-04   4.16506e-04 DIIS
   @DF-RHF iter   6:  -266.40416243677555   -3.28082e-05   1.36133e-04 DIIS
   @DF-RHF iter   7:  -266.40416591789818   -3.48112e-06   4.22732e-05 DIIS
   @DF-RHF iter   8:  -266.40416633613000   -4.18232e-07   7.92255e-06 DIIS
   @DF-RHF iter   9:  -266.40416636184011   -2.57101e-08   1.79526e-06 DIIS
   @DF-RHF iter  10:  -266.40416636354985   -1.70974e-09   8.06509e-07 DIIS
   @DF-RHF iter  11:  -266.40416636383850   -2.88651e-10   2.26006e-07 DIIS
   @DF-RHF iter  12:  -266.40416636386510   -2.66027e-11   4.94526e-08 DIIS
   @DF-RHF iter  13:  -266.40416636386618   -1.08002e-12   1.32660e-08 DIIS
   @DF-RHF iter  14:  -266.40416636386652   -3.41061e-13   4.64574e-09 DIIS

  ==> Post-Iterations <==

    Orbital Energies [Eh]
    ---------------------

    Doubly Occupied:                                                      

       1A    -20.484129     2A    -20.407068     3A    -11.302319  
       4A    -11.235490     5A    -11.167152     6A     -1.425019  
       7A     -1.310393     8A     -1.019524     9A     -0.942573  
      10A     -0.818211    11A     -0.713561    12A     -0.670039  
      13A     -0.640742    14A     -0.613663    15A     -0.580051  
      16A     -0.563564    17A     -0.530187    18A     -0.520680  
      19A     -0.469628    20A     -0.416303    21A     -0.405027  

    Virtual:                                                              

      22A      0.226372    23A      0.255501    24A      0.297703  
      25A      0.315403    26A      0.326228    27A      0.331008  
      28A      0.341457    29A      0.355600    30A      0.360722  
      31A      0.445614    32A      0.448454    33A      0.535584  
      34A      0.903800    35A      0.919066    36A      0.929498  
      37A      0.960537    38A      0.970349    39A      1.006363  
      40A      1.034853    41A      1.116447    42A      1.158212  
      43A      1.197235    44A      1.261193    45A      1.294441  
      46A      1.306255    47A      1.336924    48A      1.359390  
      49A      1.368376    50A      1.426640    51A      1.769352  
      52A      1.913615    53A      1.959772    54A      2.011964  
      55A      2.050007    56A      2.089822    57A      2.157355  
      58A      2.303248    59A      2.434744    60A      3.299254  
      61A      3.767420  

    Final Occupation by Irrep:
              A 
    DOCC [    21 ]

  Energy converged.

  @DF-RHF Final Energy:  -266.40416636386652

   => Energetics <=

    Nuclear Repulsion Energy =            195.8977081437945742
    One-Electron Energy =                -752.1331033611036219
    Two-Electron Energy =                 289.8312288534424965
    Total Energy =                       -266.4041663638665227



Properties will be evaluated at   0.000000,   0.000000,   0.000000 [a0]

Properties computed using the SCF density matrix

  Nuclear Dipole Moment: [e a0]
     X:     3.5677      Y:     0.7051      Z:     1.5538

  Electronic Dipole Moment: [e a0]
     X:    -2.3180      Y:    -0.3282      Z:    -1.4033

  Dipole Moment: [e a0]
     X:     1.2497      Y:     0.3769      Z:     0.1505     Total:     1.3139

  Dipole Moment: [D]
     X:     3.1764      Y:     0.9580      Z:     0.3825     Total:     3.3397


*** tstop() called on localhost.localdomain at Thu Feb 28 10:23:11 2019
Module time:
	user time   =      61.73 seconds =       1.03 minutes
	system time =       4.14 seconds =       0.07 minutes
	total time  =          3 seconds =       0.05 minutes
Total time:
	user time   =   12043.50 seconds =     200.72 minutes
	system time =     793.61 seconds =      13.23 minutes
	total time  =        549 seconds =       9.15 minutes

*** tstart() called on localhost.localdomain
*** at Thu Feb 28 10:23:11 2019


  //>>>>>>>>>>>>>>>>>>>>>>>>>>>>>>>>>>>//
  //               DFMP2               //
  //<<<<<<<<<<<<<<<<<<<<<<<<<<<<<<<<<<<//

   => Loading Basis Set <=

    Name: (3-21G AUX)
    Role: RIFIT
    Keyword: DF_BASIS_MP2
    atoms 1, 6, 11            entry C          line   270 file /root/psi4conda/share/psi4/basis/def2-qzvpp-ri.gbs 
    atoms 2, 9                entry O          line   406 file /root/psi4conda/share/psi4/basis/def2-qzvpp-ri.gbs 
    atoms 3-5, 7-8, 10, 12-13 entry H          line    24 file /root/psi4conda/share/psi4/basis/def2-qzvpp-ri.gbs 

	 --------------------------------------------------------
	                          DF-MP2                         
	      2nd-Order Density-Fitted Moller-Plesset Theory     
	              RMP2 Wavefunction,  40 Threads             
	                                                         
	        Rob Parrish, Justin Turney, Andy Simmonett,      
	           Ed Hohenstein, and C. David Sherrill          
	 --------------------------------------------------------

   => Auxiliary Basis Set <=

  Basis Set: (3-21G AUX)
    Blend: DEF2-QZVPP-RI
    Number of shells: 293
    Number of basis function: 1153
    Number of Cartesian functions: 1523
    Spherical Harmonics?: true
    Max angular momentum: 5

	 --------------------------------------------------------
	                 NBF =    61, NAUX =  1153
	 --------------------------------------------------------
	   CLASS    FOCC     OCC    AOCC    AVIR     VIR    FVIR
	   PAIRS       5      21      16      40      40       0
	 --------------------------------------------------------

	-----------------------------------------------------------
	 ==================> DF-MP2 Energies <==================== 
	-----------------------------------------------------------
	 Reference Energy          =    -266.4041663638665227 [Eh]
	 Singles Energy            =      -0.0000000000000010 [Eh]
	 Same-Spin Energy          =      -0.1224887213276596 [Eh]
	 Opposite-Spin Energy      =      -0.4020663131914403 [Eh]
	 Correlation Energy        =      -0.5245550345191008 [Eh]
	 Total Energy              =    -266.9287213983856191 [Eh]
	-----------------------------------------------------------
	 ================> DF-SCS-MP2 Energies <================== 
	-----------------------------------------------------------
	 SCS Same-Spin Scale       =       0.3333333333333333 [-]
	 SCS Opposite-Spin Scale   =       1.2000000000000000 [-]
	 SCS Same-Spin Energy      =      -0.0408295737758865 [Eh]
	 SCS Opposite-Spin Energy  =      -0.4824795758297283 [Eh]
	 SCS Correlation Energy    =      -0.5233091496056158 [Eh]
	 SCS Total Energy          =    -266.9274755134721318 [Eh]
	-----------------------------------------------------------


*** tstop() called on localhost.localdomain at Thu Feb 28 10:23:12 2019
Module time:
	user time   =      34.26 seconds =       0.57 minutes
	system time =       2.22 seconds =       0.04 minutes
	total time  =          1 seconds =       0.02 minutes
Total time:
	user time   =   12077.79 seconds =     201.30 minutes
	system time =     795.83 seconds =      13.26 minutes
	total time  =        550 seconds =       9.17 minutes
