  Threads set to 40 by Python driver.

*** tstart() called on localhost.localdomain
*** at Thu Feb 28 10:17:56 2019

   => Loading Basis Set <=

    Name: 3-21G
    Role: ORBITAL
    Keyword: BASIS
    atoms 1, 6, 11            entry C          line    68 file /root/psi4conda/share/psi4/basis/3-21g.gbs 
    atoms 2, 9                entry O          line    90 file /root/psi4conda/share/psi4/basis/3-21g.gbs 
    atoms 3-5, 7-8, 10, 12-13 entry H          line    21 file /root/psi4conda/share/psi4/basis/3-21g.gbs 


         ---------------------------------------------------------
                                   SCF
            by Justin Turney, Rob Parrish, Andy Simmonett
                             and Daniel Smith
                              RHF Reference
                       40 Threads,    500 MiB Core
         ---------------------------------------------------------

  ==> Geometry <==

    Molecular point group: c1
    Full point group: C1

    Geometry (in Angstrom), charge = 0, multiplicity = 1:

       Center              X                  Y                   Z               Mass       
    ------------   -----------------  -----------------  -----------------  -----------------
         C           -0.140840751469    -0.957447498565     0.060587286864    12.000000000000
         O           -1.110159610385    -0.902683127938    -0.660260800181    15.994914619560
         H            0.718779452645    -0.642499346258     2.009525705700     1.007825032070
         H           -1.060038770756    -0.462367600422     1.930657069229     1.007825032070
         H            1.197193981762     2.508779561428    -1.222267770994     1.007825032070
         C            1.250330759161     1.479115476130    -0.860689126909    12.000000000000
         H            1.298780780926     0.797794133755    -1.717686272795     1.007825032070
         H            2.155763373825     1.366041944510    -0.265100685832     1.007825032070
         O            0.162910150532     1.176612352166    -0.016373772666    15.994914619560
         H           -0.654283788180     1.192171024161    -0.528035712847     1.007825032070
         C           -0.200152322125    -1.019467576447     1.561498119177    12.000000000000
         H           -0.318676627192    -2.072034519593     1.838028688044     1.007825032070
         H            0.868689889165    -1.108126228929    -0.372254383834     1.007825032070

  Running in c1 symmetry.

  Rotational constants: A =      0.26259  B =      0.10258  C =      0.08523 [cm^-1]
  Rotational constants: A =   7872.30252  B =   3075.17071  C =   2555.24663 [MHz]
  Nuclear repulsion =  188.430769159808534

  Charge       = 0
  Multiplicity = 1
  Electrons    = 42
  Nalpha       = 21
  Nbeta        = 21

  ==> Algorithm <==

  SCF Algorithm Type is DF.
  DIIS enabled.
  MOM disabled.
  Fractional occupation disabled.
  Guess Type is SAD.
  Energy threshold   = 1.00e-08
  Density threshold  = 1.00e-08
  Integral threshold = 0.00e+00

  ==> Primary Basis <==

  Basis Set: 3-21G
    Blend: 3-21G
    Number of shells: 41
    Number of basis function: 61
    Number of Cartesian functions: 61
    Spherical Harmonics?: false
    Max angular momentum: 1

   => Loading Basis Set <=

    Name: (3-21G AUX)
    Role: JKFIT
    Keyword: DF_BASIS_SCF
    atoms 1, 6, 11            entry C          line   203 file /root/psi4conda/share/psi4/basis/def2-svp-jkfit.gbs 
    atoms 2, 9                entry O          line   323 file /root/psi4conda/share/psi4/basis/def2-svp-jkfit.gbs 
    atoms 3-5, 7-8, 10, 12-13 entry H          line    23 file /root/psi4conda/share/psi4/basis/def2-svp-jkfit.gbs 

  ==> Pre-Iterations <==

   -------------------------------------------------------
    Irrep   Nso     Nmo     Nalpha   Nbeta   Ndocc  Nsocc
   -------------------------------------------------------
     A         61      61       0       0       0       0
   -------------------------------------------------------
    Total      61      61      21      21      21       0
   -------------------------------------------------------

  ==> Integral Setup <==

  ==> DiskDFJK: Density-Fitted J/K Matrices <==

    J tasked:                  Yes
    K tasked:                  Yes
    wK tasked:                  No
    OpenMP threads:             40
    Integrals threads:          40
    Memory (MB):               375
    Algorithm:                Core
    Integral Cache:           NONE
    Schwarz Cutoff:          1E-12
    Fitting Condition:       1E-12

   => Auxiliary Basis Set <=

  Basis Set: (3-21G AUX)
    Blend: DEF2-SVP-JKFIT
    Number of shells: 173
    Number of basis function: 613
    Number of Cartesian functions: 613
    Spherical Harmonics?: false
    Max angular momentum: 4

  Minimum eigenvalue in the overlap matrix is 1.5741958175E-02.
  Using Symmetric Orthogonalization.

  SCF Guess: Superposition of Atomic Densities via on-the-fly atomic UHF.

  ==> Iterations <==

                           Total Energy        Delta E     RMS |[F,P]|

   @DF-RHF iter   0:  -267.86893055315790   -2.67869e+02   2.20551e-01 
   @DF-RHF iter   1:  -266.29667124015947    1.57226e+00   2.45209e-02 
   @DF-RHF iter   2:  -266.42206473919225   -1.25393e-01   1.16578e-02 DIIS
   @DF-RHF iter   3:  -266.44301370230949   -2.09490e-02   4.08401e-03 DIIS
   @DF-RHF iter   4:  -266.44729488989140   -4.28119e-03   1.54262e-03 DIIS
   @DF-RHF iter   5:  -266.44762663604718   -3.31746e-04   3.79959e-04 DIIS
   @DF-RHF iter   6:  -266.44766147127069   -3.48352e-05   9.73857e-05 DIIS
   @DF-RHF iter   7:  -266.44766328125496   -1.80998e-06   2.84172e-05 DIIS
   @DF-RHF iter   8:  -266.44766355110153   -2.69847e-07   6.99025e-06 DIIS
   @DF-RHF iter   9:  -266.44766357608984   -2.49883e-08   3.42961e-06 DIIS
   @DF-RHF iter  10:  -266.44766357963266   -3.54282e-09   9.37130e-07 DIIS
   @DF-RHF iter  11:  -266.44766358021610   -5.83441e-10   3.99061e-07 DIIS
   @DF-RHF iter  12:  -266.44766358025902   -4.29168e-11   1.20005e-07 DIIS
   @DF-RHF iter  13:  -266.44766358026573   -6.70752e-12   4.44011e-08 DIIS
   @DF-RHF iter  14:  -266.44766358026749   -1.76215e-12   2.19822e-08 DIIS
   @DF-RHF iter  15:  -266.44766358026823   -7.38964e-13   1.01364e-08 DIIS
   @DF-RHF iter  16:  -266.44766358026817    5.68434e-14   2.90108e-09 DIIS

  ==> Post-Iterations <==

    Orbital Energies [Eh]
    ---------------------

    Doubly Occupied:                                                      

       1A    -20.464710     2A    -20.417651     3A    -11.271257  
       4A    -11.228089     5A    -11.160535     6A     -1.394924  
       7A     -1.364614     8A     -1.002418     9A     -0.940897  
      10A     -0.783778    11A     -0.699941    12A     -0.653669  
      13A     -0.644070    14A     -0.612981    15A     -0.591328  
      16A     -0.572184    17A     -0.535005    18A     -0.501809  
      19A     -0.492641    20A     -0.424983    21A     -0.384892  

    Virtual:                                                              

      22A      0.198228    23A      0.251875    24A      0.295563  
      25A      0.313633    26A      0.326371    27A      0.338217  
      28A      0.342477    29A      0.360537    30A      0.366994  
      31A      0.431133    32A      0.480612    33A      0.566209  
      34A      0.928307    35A      0.941518    36A      0.957422  
      37A      0.969729    38A      1.007716    39A      1.019145  
      40A      1.113788    41A      1.127821    42A      1.179055  
      43A      1.235372    44A      1.279894    45A      1.306939  
      46A      1.339570    47A      1.352973    48A      1.365098  
      49A      1.382222    50A      1.423201    51A      1.679734  
      52A      1.842741    53A      1.936360    54A      1.951947  
      55A      2.021370    56A      2.071527    57A      2.089047  
      58A      2.161008    59A      2.371858    60A      3.372276  
      61A      3.650862  

    Final Occupation by Irrep:
              A 
    DOCC [    21 ]

  Energy converged.

  @DF-RHF Final Energy:  -266.44766358026817

   => Energetics <=

    Nuclear Repulsion Energy =            188.4307691598085341
    One-Electron Energy =                -737.4721127872577426
    Two-Electron Energy =                 282.5936800471810670
    Total Energy =                       -266.4476635802681699



Properties will be evaluated at   0.000000,   0.000000,   0.000000 [a0]

Properties computed using the SCF density matrix

  Nuclear Dipole Moment: [e a0]
     X:     3.9386      Y:     1.4823      Z:     1.5650

  Electronic Dipole Moment: [e a0]
     X:    -2.9659      Y:    -1.0805      Z:    -1.5259

  Dipole Moment: [e a0]
     X:     0.9727      Y:     0.4018      Z:     0.0391     Total:     1.0532

  Dipole Moment: [D]
     X:     2.4725      Y:     1.0212      Z:     0.0995     Total:     2.6769


*** tstop() called on localhost.localdomain at Thu Feb 28 10:17:59 2019
Module time:
	user time   =      60.79 seconds =       1.01 minutes
	system time =       4.12 seconds =       0.07 minutes
	total time  =          3 seconds =       0.05 minutes
Total time:
	user time   =    5193.24 seconds =      86.55 minutes
	system time =     340.34 seconds =       5.67 minutes
	total time  =        237 seconds =       3.95 minutes

*** tstart() called on localhost.localdomain
*** at Thu Feb 28 10:17:59 2019


  //>>>>>>>>>>>>>>>>>>>>>>>>>>>>>>>>>>>//
  //               DFMP2               //
  //<<<<<<<<<<<<<<<<<<<<<<<<<<<<<<<<<<<//

   => Loading Basis Set <=

    Name: (3-21G AUX)
    Role: RIFIT
    Keyword: DF_BASIS_MP2
    atoms 1, 6, 11            entry C          line   270 file /root/psi4conda/share/psi4/basis/def2-qzvpp-ri.gbs 
    atoms 2, 9                entry O          line   406 file /root/psi4conda/share/psi4/basis/def2-qzvpp-ri.gbs 
    atoms 3-5, 7-8, 10, 12-13 entry H          line    24 file /root/psi4conda/share/psi4/basis/def2-qzvpp-ri.gbs 

	 --------------------------------------------------------
	                          DF-MP2                         
	      2nd-Order Density-Fitted Moller-Plesset Theory     
	              RMP2 Wavefunction,  40 Threads             
	                                                         
	        Rob Parrish, Justin Turney, Andy Simmonett,      
	           Ed Hohenstein, and C. David Sherrill          
	 --------------------------------------------------------

   => Auxiliary Basis Set <=

  Basis Set: (3-21G AUX)
    Blend: DEF2-QZVPP-RI
    Number of shells: 293
    Number of basis function: 1153
    Number of Cartesian functions: 1523
    Spherical Harmonics?: true
    Max angular momentum: 5

	 --------------------------------------------------------
	                 NBF =    61, NAUX =  1153
	 --------------------------------------------------------
	   CLASS    FOCC     OCC    AOCC    AVIR     VIR    FVIR
	   PAIRS       5      21      16      40      40       0
	 --------------------------------------------------------

	-----------------------------------------------------------
	 ==================> DF-MP2 Energies <==================== 
	-----------------------------------------------------------
	 Reference Energy          =    -266.4476635802681699 [Eh]
	 Singles Energy            =      -0.0000000000000016 [Eh]
	 Same-Spin Energy          =      -0.1191533631468975 [Eh]
	 Opposite-Spin Energy      =      -0.3988390416437974 [Eh]
	 Correlation Energy        =      -0.5179924047906965 [Eh]
	 Total Energy              =    -266.9656559850588451 [Eh]
	-----------------------------------------------------------
	 ================> DF-SCS-MP2 Energies <================== 
	-----------------------------------------------------------
	 SCS Same-Spin Scale       =       0.3333333333333333 [-]
	 SCS Opposite-Spin Scale   =       1.2000000000000000 [-]
	 SCS Same-Spin Energy      =      -0.0397177877156325 [Eh]
	 SCS Opposite-Spin Energy  =      -0.4786068499725568 [Eh]
	 SCS Correlation Energy    =      -0.5183246376881909 [Eh]
	 SCS Total Energy          =    -266.9659882179563510 [Eh]
	-----------------------------------------------------------


*** tstop() called on localhost.localdomain at Thu Feb 28 10:18:00 2019
Module time:
	user time   =      33.00 seconds =       0.55 minutes
	system time =       2.11 seconds =       0.04 minutes
	total time  =          1 seconds =       0.02 minutes
Total time:
	user time   =    5226.26 seconds =      87.10 minutes
	system time =     342.45 seconds =       5.71 minutes
	total time  =        238 seconds =       3.97 minutes
