  Threads set to 40 by Python driver.

*** tstart() called on localhost.localdomain
*** at Thu Feb 28 10:19:27 2019

   => Loading Basis Set <=

    Name: 3-21G
    Role: ORBITAL
    Keyword: BASIS
    atoms 1, 6, 11            entry C          line    68 file /root/psi4conda/share/psi4/basis/3-21g.gbs 
    atoms 2, 9                entry O          line    90 file /root/psi4conda/share/psi4/basis/3-21g.gbs 
    atoms 3-5, 7-8, 10, 12-13 entry H          line    21 file /root/psi4conda/share/psi4/basis/3-21g.gbs 


         ---------------------------------------------------------
                                   SCF
            by Justin Turney, Rob Parrish, Andy Simmonett
                             and Daniel Smith
                              RHF Reference
                       40 Threads,    500 MiB Core
         ---------------------------------------------------------

  ==> Geometry <==

    Molecular point group: c1
    Full point group: C1

    Geometry (in Angstrom), charge = 0, multiplicity = 1:

       Center              X                  Y                   Z               Mass       
    ------------   -----------------  -----------------  -----------------  -----------------
         C           -0.116665280864    -0.874899837754     0.063112225881    12.000000000000
         O           -1.097375237515    -0.859407907109    -0.659624737013    15.994914619560
         H            0.724722215820    -0.672509241794     2.050101433265     1.007825032070
         H           -1.050949351648    -0.460661664208     1.947906107581     1.007825032070
         H            1.130585120464     2.492707945187    -1.171475194315     1.007825032070
         C            1.231595336386     1.455541466317    -0.846868375027    12.000000000000
         H            1.314448322622     0.803325525959    -1.722895647957     1.007825032070
         H            2.130917484106     1.363128758405    -0.239693906318     1.007825032070
         O            0.143371111958     1.085082853363    -0.032529165937    15.994914619560
         H           -0.670416083980     1.094013657417    -0.555151872390     1.007825032070
         C           -0.190856766119    -1.006578795342     1.562018566076    12.000000000000
         H           -0.332734555189    -2.071148272934     1.772147877624     1.007825032070
         H            0.891382276022    -1.058920998505    -0.362591343308     1.007825032070

  Running in c1 symmetry.

  Rotational constants: A =      0.27038  B =      0.10849  C =      0.08903 [cm^-1]
  Rotational constants: A =   8105.85528  B =   3252.38299  C =   2668.97937 [MHz]
  Nuclear repulsion =  191.404352855525673

  Charge       = 0
  Multiplicity = 1
  Electrons    = 42
  Nalpha       = 21
  Nbeta        = 21

  ==> Algorithm <==

  SCF Algorithm Type is DF.
  DIIS enabled.
  MOM disabled.
  Fractional occupation disabled.
  Guess Type is SAD.
  Energy threshold   = 1.00e-08
  Density threshold  = 1.00e-08
  Integral threshold = 0.00e+00

  ==> Primary Basis <==

  Basis Set: 3-21G
    Blend: 3-21G
    Number of shells: 41
    Number of basis function: 61
    Number of Cartesian functions: 61
    Spherical Harmonics?: false
    Max angular momentum: 1

   => Loading Basis Set <=

    Name: (3-21G AUX)
    Role: JKFIT
    Keyword: DF_BASIS_SCF
    atoms 1, 6, 11            entry C          line   203 file /root/psi4conda/share/psi4/basis/def2-svp-jkfit.gbs 
    atoms 2, 9                entry O          line   323 file /root/psi4conda/share/psi4/basis/def2-svp-jkfit.gbs 
    atoms 3-5, 7-8, 10, 12-13 entry H          line    23 file /root/psi4conda/share/psi4/basis/def2-svp-jkfit.gbs 

  ==> Pre-Iterations <==

   -------------------------------------------------------
    Irrep   Nso     Nmo     Nalpha   Nbeta   Ndocc  Nsocc
   -------------------------------------------------------
     A         61      61       0       0       0       0
   -------------------------------------------------------
    Total      61      61      21      21      21       0
   -------------------------------------------------------

  ==> Integral Setup <==

  ==> DiskDFJK: Density-Fitted J/K Matrices <==

    J tasked:                  Yes
    K tasked:                  Yes
    wK tasked:                  No
    OpenMP threads:             40
    Integrals threads:          40
    Memory (MB):               375
    Algorithm:                Core
    Integral Cache:           NONE
    Schwarz Cutoff:          1E-12
    Fitting Condition:       1E-12

   => Auxiliary Basis Set <=

  Basis Set: (3-21G AUX)
    Blend: DEF2-SVP-JKFIT
    Number of shells: 173
    Number of basis function: 613
    Number of Cartesian functions: 613
    Spherical Harmonics?: false
    Max angular momentum: 4

  Minimum eigenvalue in the overlap matrix is 1.5036180385E-02.
  Using Symmetric Orthogonalization.

  SCF Guess: Superposition of Atomic Densities via on-the-fly atomic UHF.

  ==> Iterations <==

                           Total Energy        Delta E     RMS |[F,P]|

   @DF-RHF iter   0:  -268.20740561691957   -2.68207e+02   2.07335e-01 
   @DF-RHF iter   1:  -266.29873248452913    1.90867e+00   2.63547e-02 
   @DF-RHF iter   2:  -266.39673123522874   -9.79988e-02   1.24835e-02 DIIS
   @DF-RHF iter   3:  -266.43256892548976   -3.58377e-02   2.90023e-03 DIIS
   @DF-RHF iter   4:  -266.43640567753204   -3.83675e-03   1.32849e-03 DIIS
   @DF-RHF iter   5:  -266.43674428909844   -3.38612e-04   4.01876e-04 DIIS
   @DF-RHF iter   6:  -266.43680593585930   -6.16468e-05   1.37736e-04 DIIS
   @DF-RHF iter   7:  -266.43681511977610   -9.18392e-06   4.63725e-05 DIIS
   @DF-RHF iter   8:  -266.43681713561671   -2.01584e-06   1.65412e-05 DIIS
   @DF-RHF iter   9:  -266.43681733945374   -2.03837e-07   5.91849e-06 DIIS
   @DF-RHF iter  10:  -266.43681736814636   -2.86926e-08   3.13962e-06 DIIS
   @DF-RHF iter  11:  -266.43681737329075   -5.14439e-09   7.88754e-07 DIIS
   @DF-RHF iter  12:  -266.43681737381047   -5.19719e-10   3.32442e-07 DIIS
   @DF-RHF iter  13:  -266.43681737383952   -2.90470e-11   4.36236e-08 DIIS
   @DF-RHF iter  14:  -266.43681737384026   -7.38964e-13   4.02499e-08 DIIS
   @DF-RHF iter  15:  -266.43681737384020    5.68434e-14   5.98319e-09 DIIS

  ==> Post-Iterations <==

    Orbital Energies [Eh]
    ---------------------

    Doubly Occupied:                                                      

       1A    -20.479342     2A    -20.395950     3A    -11.272298  
       4A    -11.234630     5A    -11.158114     6A     -1.407640  
       7A     -1.352399     8A     -1.000166     9A     -0.949828  
      10A     -0.787144    11A     -0.711280    12A     -0.656163  
      13A     -0.648531    14A     -0.619359    15A     -0.579994  
      16A     -0.570343    17A     -0.530383    18A     -0.509530  
      19A     -0.499892    20A     -0.412205    21A     -0.373741  

    Virtual:                                                              

      22A      0.212548    23A      0.250642    24A      0.296710  
      25A      0.313653    26A      0.323825    27A      0.333494  
      28A      0.342416    29A      0.363289    30A      0.364444  
      31A      0.427014    32A      0.478278    33A      0.572882  
      34A      0.927501    35A      0.937140    36A      0.947910  
      37A      0.968390    38A      1.010785    39A      1.022618  
      40A      1.114240    41A      1.135607    42A      1.188158  
      43A      1.232263    44A      1.275156    45A      1.302565  
      46A      1.340798    47A      1.358852    48A      1.366128  
      49A      1.380764    50A      1.433371    51A      1.731405  
      52A      1.841717    53A      1.947406    54A      1.950631  
      55A      2.041949    56A      2.080919    57A      2.097551  
      58A      2.174985    59A      2.413408    60A      3.388682  
      61A      3.698749  

    Final Occupation by Irrep:
              A 
    DOCC [    21 ]

  Energy converged.

  @DF-RHF Final Energy:  -266.43681737384020

   => Energetics <=

    Nuclear Repulsion Energy =            191.4043528555256728
    One-Electron Energy =                -743.3844696015992213
    Two-Electron Energy =                 285.5432993722333777
    Total Energy =                       -266.4368173738401993



Properties will be evaluated at   0.000000,   0.000000,   0.000000 [a0]

Properties computed using the SCF density matrix

  Nuclear Dipole Moment: [e a0]
     X:     3.8746      Y:     1.3979      Z:     1.6076

  Electronic Dipole Moment: [e a0]
     X:    -2.7882      Y:    -0.8021      Z:    -1.5549

  Dipole Moment: [e a0]
     X:     1.0864      Y:     0.5958      Z:     0.0526     Total:     1.2402

  Dipole Moment: [D]
     X:     2.7615      Y:     1.5143      Z:     0.1338     Total:     3.1523


*** tstop() called on localhost.localdomain at Thu Feb 28 10:19:30 2019
Module time:
	user time   =      61.82 seconds =       1.03 minutes
	system time =       4.40 seconds =       0.07 minutes
	total time  =          3 seconds =       0.05 minutes
Total time:
	user time   =    7179.51 seconds =     119.66 minutes
	system time =     476.46 seconds =       7.94 minutes
	total time  =        328 seconds =       5.47 minutes

*** tstart() called on localhost.localdomain
*** at Thu Feb 28 10:19:30 2019


  //>>>>>>>>>>>>>>>>>>>>>>>>>>>>>>>>>>>//
  //               DFMP2               //
  //<<<<<<<<<<<<<<<<<<<<<<<<<<<<<<<<<<<//

   => Loading Basis Set <=

    Name: (3-21G AUX)
    Role: RIFIT
    Keyword: DF_BASIS_MP2
    atoms 1, 6, 11            entry C          line   270 file /root/psi4conda/share/psi4/basis/def2-qzvpp-ri.gbs 
    atoms 2, 9                entry O          line   406 file /root/psi4conda/share/psi4/basis/def2-qzvpp-ri.gbs 
    atoms 3-5, 7-8, 10, 12-13 entry H          line    24 file /root/psi4conda/share/psi4/basis/def2-qzvpp-ri.gbs 

	 --------------------------------------------------------
	                          DF-MP2                         
	      2nd-Order Density-Fitted Moller-Plesset Theory     
	              RMP2 Wavefunction,  40 Threads             
	                                                         
	        Rob Parrish, Justin Turney, Andy Simmonett,      
	           Ed Hohenstein, and C. David Sherrill          
	 --------------------------------------------------------

   => Auxiliary Basis Set <=

  Basis Set: (3-21G AUX)
    Blend: DEF2-QZVPP-RI
    Number of shells: 293
    Number of basis function: 1153
    Number of Cartesian functions: 1523
    Spherical Harmonics?: true
    Max angular momentum: 5

	 --------------------------------------------------------
	                 NBF =    61, NAUX =  1153
	 --------------------------------------------------------
	   CLASS    FOCC     OCC    AOCC    AVIR     VIR    FVIR
	   PAIRS       5      21      16      40      40       0
	 --------------------------------------------------------

	-----------------------------------------------------------
	 ==================> DF-MP2 Energies <==================== 
	-----------------------------------------------------------
	 Reference Energy          =    -266.4368173738401993 [Eh]
	 Singles Energy            =      -0.0000000000000035 [Eh]
	 Same-Spin Energy          =      -0.1201945051657360 [Eh]
	 Opposite-Spin Energy      =      -0.3990056158864369 [Eh]
	 Correlation Energy        =      -0.5192001210521765 [Eh]
	 Total Energy              =    -266.9560174948923645 [Eh]
	-----------------------------------------------------------
	 ================> DF-SCS-MP2 Energies <================== 
	-----------------------------------------------------------
	 SCS Same-Spin Scale       =       0.3333333333333333 [-]
	 SCS Opposite-Spin Scale   =       1.2000000000000000 [-]
	 SCS Same-Spin Energy      =      -0.0400648350552453 [Eh]
	 SCS Opposite-Spin Energy  =      -0.4788067390637243 [Eh]
	 SCS Correlation Energy    =      -0.5188715741189731 [Eh]
	 SCS Total Energy          =    -266.9556889479591746 [Eh]
	-----------------------------------------------------------


*** tstop() called on localhost.localdomain at Thu Feb 28 10:19:31 2019
Module time:
	user time   =      33.90 seconds =       0.57 minutes
	system time =       1.94 seconds =       0.03 minutes
	total time  =          1 seconds =       0.02 minutes
Total time:
	user time   =    7213.45 seconds =     120.22 minutes
	system time =     478.40 seconds =       7.97 minutes
	total time  =        329 seconds =       5.48 minutes
