  Threads set to 40 by Python driver.

*** tstart() called on localhost.localdomain
*** at Thu Feb 28 10:24:18 2019

   => Loading Basis Set <=

    Name: 3-21G
    Role: ORBITAL
    Keyword: BASIS
    atoms 1, 6, 11            entry C          line    68 file /root/psi4conda/share/psi4/basis/3-21g.gbs 
    atoms 2, 9                entry O          line    90 file /root/psi4conda/share/psi4/basis/3-21g.gbs 
    atoms 3-5, 7-8, 10, 12-13 entry H          line    21 file /root/psi4conda/share/psi4/basis/3-21g.gbs 


         ---------------------------------------------------------
                                   SCF
            by Justin Turney, Rob Parrish, Andy Simmonett
                             and Daniel Smith
                              RHF Reference
                       40 Threads,    500 MiB Core
         ---------------------------------------------------------

  ==> Geometry <==

    Molecular point group: c1
    Full point group: C1

    Geometry (in Angstrom), charge = 0, multiplicity = 1:

       Center              X                  Y                   Z               Mass       
    ------------   -----------------  -----------------  -----------------  -----------------
         C           -0.004782188346    -0.669454903444     0.102680098430    12.000000000000
         O           -1.109101791019    -0.757801176053    -0.681465548371    15.994914619560
         H            0.712925239927    -0.718289898064     2.117360611453     1.007825032070
         H           -1.045303221692    -0.457345672057     1.947773860127     1.007825032070
         H            0.990929241581     2.449732964812    -1.080496927338     1.007825032070
         C            1.205041357601     1.410500885076    -0.820717744940    12.000000000000
         H            1.330459357481     0.831290699145    -1.743687104788     1.007825032070
         H            2.132729957253     1.375705203386    -0.244162096677     1.007825032070
         O            0.121934679108     0.917529847684    -0.045747498650    15.994914619560
         H           -1.132621269557     0.216236092539    -0.829170778749     1.007825032070
         C           -0.181641944956    -0.998830873583     1.560915838178    12.000000000000
         H           -0.354541192647    -2.070946047600     1.679993744686     1.007825032070
         H            0.903979539233    -1.091992727474    -0.342218756403     1.007825032070

  Running in c1 symmetry.

  Rotational constants: A =      0.27577  B =      0.12066  C =      0.09517 [cm^-1]
  Rotational constants: A =   8267.34746  B =   3617.30791  C =   2853.17548 [MHz]
  Nuclear repulsion =  195.770809051072234

  Charge       = 0
  Multiplicity = 1
  Electrons    = 42
  Nalpha       = 21
  Nbeta        = 21

  ==> Algorithm <==

  SCF Algorithm Type is DF.
  DIIS enabled.
  MOM disabled.
  Fractional occupation disabled.
  Guess Type is SAD.
  Energy threshold   = 1.00e-08
  Density threshold  = 1.00e-08
  Integral threshold = 0.00e+00

  ==> Primary Basis <==

  Basis Set: 3-21G
    Blend: 3-21G
    Number of shells: 41
    Number of basis function: 61
    Number of Cartesian functions: 61
    Spherical Harmonics?: false
    Max angular momentum: 1

   => Loading Basis Set <=

    Name: (3-21G AUX)
    Role: JKFIT
    Keyword: DF_BASIS_SCF
    atoms 1, 6, 11            entry C          line   203 file /root/psi4conda/share/psi4/basis/def2-svp-jkfit.gbs 
    atoms 2, 9                entry O          line   323 file /root/psi4conda/share/psi4/basis/def2-svp-jkfit.gbs 
    atoms 3-5, 7-8, 10, 12-13 entry H          line    23 file /root/psi4conda/share/psi4/basis/def2-svp-jkfit.gbs 

  ==> Pre-Iterations <==

   -------------------------------------------------------
    Irrep   Nso     Nmo     Nalpha   Nbeta   Ndocc  Nsocc
   -------------------------------------------------------
     A         61      61       0       0       0       0
   -------------------------------------------------------
    Total      61      61      21      21      21       0
   -------------------------------------------------------

  ==> Integral Setup <==

  ==> DiskDFJK: Density-Fitted J/K Matrices <==

    J tasked:                  Yes
    K tasked:                  Yes
    wK tasked:                  No
    OpenMP threads:             40
    Integrals threads:          40
    Memory (MB):               375
    Algorithm:                Core
    Integral Cache:           NONE
    Schwarz Cutoff:          1E-12
    Fitting Condition:       1E-12

   => Auxiliary Basis Set <=

  Basis Set: (3-21G AUX)
    Blend: DEF2-SVP-JKFIT
    Number of shells: 173
    Number of basis function: 613
    Number of Cartesian functions: 613
    Spherical Harmonics?: false
    Max angular momentum: 4

  Minimum eigenvalue in the overlap matrix is 1.3330071730E-02.
  Using Symmetric Orthogonalization.

  SCF Guess: Superposition of Atomic Densities via on-the-fly atomic UHF.

  ==> Iterations <==

                           Total Energy        Delta E     RMS |[F,P]|

   @DF-RHF iter   0:  -267.84163474662506   -2.67842e+02   3.31869e-01 
   @DF-RHF iter   1:  -266.31032663448241    1.53131e+00   2.80219e-02 
   @DF-RHF iter   2:  -266.42701119691708   -1.16685e-01   1.02453e-02 DIIS
   @DF-RHF iter   3:  -266.44428982256045   -1.72786e-02   3.55254e-03 DIIS
   @DF-RHF iter   4:  -266.44780575057445   -3.51593e-03   6.93300e-04 DIIS
   @DF-RHF iter   5:  -266.44803918793656   -2.33437e-04   3.07546e-04 DIIS
   @DF-RHF iter   6:  -266.44806797058891   -2.87827e-05   1.04958e-04 DIIS
   @DF-RHF iter   7:  -266.44807041405494   -2.44347e-06   3.74282e-05 DIIS
   @DF-RHF iter   8:  -266.44807075111123   -3.37056e-07   9.05444e-06 DIIS
   @DF-RHF iter   9:  -266.44807078274766   -3.16364e-08   1.58406e-06 DIIS
   @DF-RHF iter  10:  -266.44807078435315   -1.60549e-09   9.95213e-07 DIIS
   @DF-RHF iter  11:  -266.44807078451839   -1.65244e-10   1.88925e-07 DIIS
   @DF-RHF iter  12:  -266.44807078453800   -1.96110e-11   4.23619e-08 DIIS
   @DF-RHF iter  13:  -266.44807078453903   -1.02318e-12   1.26565e-08 DIIS
   @DF-RHF iter  14:  -266.44807078453954   -5.11591e-13   4.11112e-09 DIIS

  ==> Post-Iterations <==

    Orbital Energies [Eh]
    ---------------------

    Doubly Occupied:                                                      

       1A    -20.455468     2A    -20.436783     3A    -11.295912  
       4A    -11.222990     5A    -11.166488     6A     -1.420770  
       7A     -1.307814     8A     -1.023573     9A     -0.923162  
      10A     -0.827927    11A     -0.693451    12A     -0.671912  
      13A     -0.637879    14A     -0.610035    15A     -0.580676  
      16A     -0.563420    17A     -0.536372    18A     -0.523179  
      19A     -0.451937    20A     -0.435178    21A     -0.422474  

    Virtual:                                                              

      22A      0.249822    23A      0.266566    24A      0.300697  
      25A      0.318151    26A      0.333379    27A      0.340384  
      28A      0.345704    29A      0.360700    30A      0.369742  
      31A      0.444100    32A      0.453033    33A      0.524481  
      34A      0.905795    35A      0.926589    36A      0.945975  
      37A      0.970564    38A      0.978075    39A      1.009259  
      40A      1.039077    41A      1.133643    42A      1.182142  
      43A      1.233834    44A      1.289915    45A      1.308025  
      46A      1.311806    47A      1.341558    48A      1.361864  
      49A      1.371569    50A      1.424801    51A      1.768783  
      52A      1.919064    53A      1.946019    54A      1.959416  
      55A      2.051727    56A      2.094006    57A      2.152766  
      58A      2.302820    59A      2.449988    60A      3.328130  
      61A      3.691912  

    Final Occupation by Irrep:
              A 
    DOCC [    21 ]

  Energy converged.

  @DF-RHF Final Energy:  -266.44807078453954

   => Energetics <=

    Nuclear Repulsion Energy =            195.7708090510722343
    One-Electron Energy =                -752.0229567360355531
    Two-Electron Energy =                 289.8040769004238086
    Total Energy =                       -266.4480707845395386



Properties will be evaluated at   0.000000,   0.000000,   0.000000 [a0]

Properties computed using the SCF density matrix

  Nuclear Dipole Moment: [e a0]
     X:     3.3125      Y:     0.5017      Z:     1.4078

  Electronic Dipole Moment: [e a0]
     X:    -2.3688      Y:    -0.3123      Z:    -1.3621

  Dipole Moment: [e a0]
     X:     0.9437      Y:     0.1894      Z:     0.0456     Total:     0.9636

  Dipole Moment: [D]
     X:     2.3987      Y:     0.4814      Z:     0.1160     Total:     2.4493


*** tstop() called on localhost.localdomain at Thu Feb 28 10:24:20 2019
Module time:
	user time   =      61.57 seconds =       1.03 minutes
	system time =       3.98 seconds =       0.07 minutes
	total time  =          2 seconds =       0.03 minutes
Total time:
	user time   =   13570.73 seconds =     226.18 minutes
	system time =     895.02 seconds =      14.92 minutes
	total time  =        618 seconds =      10.30 minutes

*** tstart() called on localhost.localdomain
*** at Thu Feb 28 10:24:20 2019


  //>>>>>>>>>>>>>>>>>>>>>>>>>>>>>>>>>>>//
  //               DFMP2               //
  //<<<<<<<<<<<<<<<<<<<<<<<<<<<<<<<<<<<//

   => Loading Basis Set <=

    Name: (3-21G AUX)
    Role: RIFIT
    Keyword: DF_BASIS_MP2
    atoms 1, 6, 11            entry C          line   270 file /root/psi4conda/share/psi4/basis/def2-qzvpp-ri.gbs 
    atoms 2, 9                entry O          line   406 file /root/psi4conda/share/psi4/basis/def2-qzvpp-ri.gbs 
    atoms 3-5, 7-8, 10, 12-13 entry H          line    24 file /root/psi4conda/share/psi4/basis/def2-qzvpp-ri.gbs 

	 --------------------------------------------------------
	                          DF-MP2                         
	      2nd-Order Density-Fitted Moller-Plesset Theory     
	              RMP2 Wavefunction,  40 Threads             
	                                                         
	        Rob Parrish, Justin Turney, Andy Simmonett,      
	           Ed Hohenstein, and C. David Sherrill          
	 --------------------------------------------------------

   => Auxiliary Basis Set <=

  Basis Set: (3-21G AUX)
    Blend: DEF2-QZVPP-RI
    Number of shells: 293
    Number of basis function: 1153
    Number of Cartesian functions: 1523
    Spherical Harmonics?: true
    Max angular momentum: 5

	 --------------------------------------------------------
	                 NBF =    61, NAUX =  1153
	 --------------------------------------------------------
	   CLASS    FOCC     OCC    AOCC    AVIR     VIR    FVIR
	   PAIRS       5      21      16      40      40       0
	 --------------------------------------------------------

	-----------------------------------------------------------
	 ==================> DF-MP2 Energies <==================== 
	-----------------------------------------------------------
	 Reference Energy          =    -266.4480707845395386 [Eh]
	 Singles Energy            =      -0.0000000000000014 [Eh]
	 Same-Spin Energy          =      -0.1172858995374410 [Eh]
	 Opposite-Spin Energy      =      -0.3954089084241770 [Eh]
	 Correlation Energy        =      -0.5126948079616194 [Eh]
	 Total Energy              =    -266.9607655925011613 [Eh]
	-----------------------------------------------------------
	 ================> DF-SCS-MP2 Energies <================== 
	-----------------------------------------------------------
	 SCS Same-Spin Scale       =       0.3333333333333333 [-]
	 SCS Opposite-Spin Scale   =       1.2000000000000000 [-]
	 SCS Same-Spin Energy      =      -0.0390952998458136 [Eh]
	 SCS Opposite-Spin Energy  =      -0.4744906901090123 [Eh]
	 SCS Correlation Energy    =      -0.5135859899548274 [Eh]
	 SCS Total Energy          =    -266.9616567744943723 [Eh]
	-----------------------------------------------------------


*** tstop() called on localhost.localdomain at Thu Feb 28 10:24:22 2019
Module time:
	user time   =      33.92 seconds =       0.57 minutes
	system time =       2.26 seconds =       0.04 minutes
	total time  =          2 seconds =       0.03 minutes
Total time:
	user time   =   13604.69 seconds =     226.74 minutes
	system time =     897.29 seconds =      14.95 minutes
	total time  =        620 seconds =      10.33 minutes
