  Threads set to 40 by Python driver.

*** tstart() called on localhost.localdomain
*** at Thu Feb 28 10:14:15 2019

   => Loading Basis Set <=

    Name: 3-21G
    Role: ORBITAL
    Keyword: BASIS
    atoms 1, 6, 11            entry C          line    68 file /root/psi4conda/share/psi4/basis/3-21g.gbs 
    atoms 2, 9                entry O          line    90 file /root/psi4conda/share/psi4/basis/3-21g.gbs 
    atoms 3-5, 7-8, 10, 12-13 entry H          line    21 file /root/psi4conda/share/psi4/basis/3-21g.gbs 


         ---------------------------------------------------------
                                   SCF
            by Justin Turney, Rob Parrish, Andy Simmonett
                             and Daniel Smith
                              RHF Reference
                       40 Threads,    500 MiB Core
         ---------------------------------------------------------

  ==> Geometry <==

    Molecular point group: c1
    Full point group: C1

    Geometry (in Angstrom), charge = 0, multiplicity = 1:

       Center              X                  Y                   Z               Mass       
    ------------   -----------------  -----------------  -----------------  -----------------
         C           -0.188105898587    -1.129016122833     0.065726065380    12.000000000000
         O           -1.140372441173    -1.002449998339    -0.659938868982    15.994914619560
         H            0.640090992634    -0.547815715079     1.944338073995     1.007825032070
         H           -1.147640133792    -0.564421396881     1.890082590369     1.007825032070
         H            1.301295522248     2.532961661681    -1.361409735162     1.007825032070
         C            1.289164038640     1.538973981932    -0.904937883139    12.000000000000
         H            1.241903344131     0.783444457857    -1.696961699300     1.007825032070
         H            2.215943418711     1.404290640765    -0.347276358023     1.007825032070
         O            0.227255405346     1.398545555644     0.019009246490    15.994914619560
         H           -0.604353796344     1.364016989072    -0.462697444487     1.007825032070
         C           -0.239024096525    -1.067485243497     1.563207103025    12.000000000000
         H           -0.231025829123    -2.090835353840     1.952512438691     1.007825032070
         H            0.811524797024    -1.338899296597    -0.367057475420     1.007825032070

  Running in c1 symmetry.

  Rotational constants: A =      0.24812  B =      0.08931  C =      0.07623 [cm^-1]
  Rotational constants: A =   7438.39667  B =   2677.57812  C =   2285.21794 [MHz]
  Nuclear repulsion =  182.013192200006785

  Charge       = 0
  Multiplicity = 1
  Electrons    = 42
  Nalpha       = 21
  Nbeta        = 21

  ==> Algorithm <==

  SCF Algorithm Type is DF.
  DIIS enabled.
  MOM disabled.
  Fractional occupation disabled.
  Guess Type is SAD.
  Energy threshold   = 1.00e-08
  Density threshold  = 1.00e-08
  Integral threshold = 0.00e+00

  ==> Primary Basis <==

  Basis Set: 3-21G
    Blend: 3-21G
    Number of shells: 41
    Number of basis function: 61
    Number of Cartesian functions: 61
    Spherical Harmonics?: false
    Max angular momentum: 1

   => Loading Basis Set <=

    Name: (3-21G AUX)
    Role: JKFIT
    Keyword: DF_BASIS_SCF
    atoms 1, 6, 11            entry C          line   203 file /root/psi4conda/share/psi4/basis/def2-svp-jkfit.gbs 
    atoms 2, 9                entry O          line   323 file /root/psi4conda/share/psi4/basis/def2-svp-jkfit.gbs 
    atoms 3-5, 7-8, 10, 12-13 entry H          line    23 file /root/psi4conda/share/psi4/basis/def2-svp-jkfit.gbs 

  ==> Pre-Iterations <==

   -------------------------------------------------------
    Irrep   Nso     Nmo     Nalpha   Nbeta   Ndocc  Nsocc
   -------------------------------------------------------
     A         61      61       0       0       0       0
   -------------------------------------------------------
    Total      61      61      21      21      21       0
   -------------------------------------------------------

  ==> Integral Setup <==

  ==> DiskDFJK: Density-Fitted J/K Matrices <==

    J tasked:                  Yes
    K tasked:                  Yes
    wK tasked:                  No
    OpenMP threads:             40
    Integrals threads:          40
    Memory (MB):               375
    Algorithm:                Core
    Integral Cache:           NONE
    Schwarz Cutoff:          1E-12
    Fitting Condition:       1E-12

   => Auxiliary Basis Set <=

  Basis Set: (3-21G AUX)
    Blend: DEF2-SVP-JKFIT
    Number of shells: 173
    Number of basis function: 613
    Number of Cartesian functions: 613
    Spherical Harmonics?: false
    Max angular momentum: 4

  Minimum eigenvalue in the overlap matrix is 1.6498719909E-02.
  Using Symmetric Orthogonalization.

  SCF Guess: Superposition of Atomic Densities via on-the-fly atomic UHF.

  ==> Iterations <==

                           Total Energy        Delta E     RMS |[F,P]|

   @DF-RHF iter   0:  -267.94030618905254   -2.67940e+02   2.46329e-01 
   @DF-RHF iter   1:  -266.27328880442673    1.66702e+00   2.80019e-02 
   @DF-RHF iter   2:  -266.39484603176516   -1.21557e-01   2.22198e-02 DIIS
   @DF-RHF iter   3:  -266.44857662598514   -5.37306e-02   3.71466e-03 DIIS
   @DF-RHF iter   4:  -266.45644770524405   -7.87108e-03   1.77315e-03 DIIS
   @DF-RHF iter   5:  -266.45768211740432   -1.23441e-03   7.03347e-04 DIIS
   @DF-RHF iter   6:  -266.45785828064527   -1.76163e-04   2.59418e-04 DIIS
   @DF-RHF iter   7:  -266.45787370960790   -1.54290e-05   7.54951e-05 DIIS
   @DF-RHF iter   8:  -266.45787509941420   -1.38981e-06   1.56147e-05 DIIS
   @DF-RHF iter   9:  -266.45787516501593   -6.56017e-08   4.28101e-06 DIIS
   @DF-RHF iter  10:  -266.45787517275801   -7.74207e-09   2.19431e-06 DIIS
   @DF-RHF iter  11:  -266.45787517493363   -2.17563e-09   5.72115e-07 DIIS
   @DF-RHF iter  12:  -266.45787517562854   -6.94911e-10   2.20986e-07 DIIS
   @DF-RHF iter  13:  -266.45787517570989   -8.13429e-11   4.38798e-08 DIIS
   @DF-RHF iter  14:  -266.45787517571273   -2.84217e-12   2.25986e-08 DIIS
   @DF-RHF iter  15:  -266.45787517571250    2.27374e-13   5.23924e-09 DIIS

  ==> Post-Iterations <==

    Orbital Energies [Eh]
    ---------------------

    Doubly Occupied:                                                      

       1A    -20.450494     2A    -20.446091     3A    -11.274654  
       4A    -11.220797     5A    -11.165762     6A     -1.400829  
       7A     -1.359402     8A     -1.008474     9A     -0.931160  
      10A     -0.786186    11A     -0.686522    12A     -0.662293  
      13A     -0.633025    14A     -0.606971    15A     -0.599051  
      16A     -0.579355    17A     -0.541985    18A     -0.495103  
      19A     -0.485169    20A     -0.437300    21A     -0.401034  

    Virtual:                                                              

      22A      0.178211    23A      0.253847    24A      0.292757  
      25A      0.312071    26A      0.324244    27A      0.337020  
      28A      0.347074    29A      0.352860    30A      0.364578  
      31A      0.433525    32A      0.477320    33A      0.553385  
      34A      0.905925    35A      0.946323    36A      0.958672  
      37A      0.969040    38A      0.996102    39A      1.008095  
      40A      1.094903    41A      1.114193    42A      1.163313  
      43A      1.230026    44A      1.283600    45A      1.310543  
      46A      1.332905    47A      1.343845    48A      1.359840  
      49A      1.380394    50A      1.401320    51A      1.641066  
      52A      1.853633    53A      1.918869    54A      1.954769  
      55A      1.980210    56A      2.026505    57A      2.046571  
      58A      2.152653    59A      2.242576    60A      3.339917  
      61A      3.541455  

    Final Occupation by Irrep:
              A 
    DOCC [    21 ]

  Energy converged.

  @DF-RHF Final Energy:  -266.45787517571250

   => Energetics <=

    Nuclear Repulsion Energy =            182.0131922000067846
    One-Electron Energy =                -724.5988218326904189
    Two-Electron Energy =                 276.1277544569711608
    Total Energy =                       -266.4578751757125019



Properties will be evaluated at   0.000000,   0.000000,   0.000000 [a0]

Properties computed using the SCF density matrix

  Nuclear Dipole Moment: [e a0]
     X:     3.9590      Y:     1.4482      Z:     1.4514

  Electronic Dipole Moment: [e a0]
     X:    -3.1245      Y:    -1.3750      Z:    -1.4343

  Dipole Moment: [e a0]
     X:     0.8345      Y:     0.0732      Z:     0.0171     Total:     0.8378

  Dipole Moment: [D]
     X:     2.1210      Y:     0.1860      Z:     0.0435     Total:     2.1296


*** tstop() called on localhost.localdomain at Thu Feb 28 10:14:18 2019
Module time:
	user time   =      60.55 seconds =       1.01 minutes
	system time =       4.11 seconds =       0.07 minutes
	total time  =          3 seconds =       0.05 minutes
Total time:
	user time   =     339.91 seconds =       5.67 minutes
	system time =      22.97 seconds =       0.38 minutes
	total time  =         16 seconds =       0.27 minutes

*** tstart() called on localhost.localdomain
*** at Thu Feb 28 10:14:18 2019


  //>>>>>>>>>>>>>>>>>>>>>>>>>>>>>>>>>>>//
  //               DFMP2               //
  //<<<<<<<<<<<<<<<<<<<<<<<<<<<<<<<<<<<//

   => Loading Basis Set <=

    Name: (3-21G AUX)
    Role: RIFIT
    Keyword: DF_BASIS_MP2
    atoms 1, 6, 11            entry C          line   270 file /root/psi4conda/share/psi4/basis/def2-qzvpp-ri.gbs 
    atoms 2, 9                entry O          line   406 file /root/psi4conda/share/psi4/basis/def2-qzvpp-ri.gbs 
    atoms 3-5, 7-8, 10, 12-13 entry H          line    24 file /root/psi4conda/share/psi4/basis/def2-qzvpp-ri.gbs 

	 --------------------------------------------------------
	                          DF-MP2                         
	      2nd-Order Density-Fitted Moller-Plesset Theory     
	              RMP2 Wavefunction,  40 Threads             
	                                                         
	        Rob Parrish, Justin Turney, Andy Simmonett,      
	           Ed Hohenstein, and C. David Sherrill          
	 --------------------------------------------------------

   => Auxiliary Basis Set <=

  Basis Set: (3-21G AUX)
    Blend: DEF2-QZVPP-RI
    Number of shells: 293
    Number of basis function: 1153
    Number of Cartesian functions: 1523
    Spherical Harmonics?: true
    Max angular momentum: 5

	 --------------------------------------------------------
	                 NBF =    61, NAUX =  1153
	 --------------------------------------------------------
	   CLASS    FOCC     OCC    AOCC    AVIR     VIR    FVIR
	   PAIRS       5      21      16      40      40       0
	 --------------------------------------------------------

	-----------------------------------------------------------
	 ==================> DF-MP2 Energies <==================== 
	-----------------------------------------------------------
	 Reference Energy          =    -266.4578751757125019 [Eh]
	 Singles Energy            =      -0.0000000000000061 [Eh]
	 Same-Spin Energy          =      -0.1177312998157283 [Eh]
	 Opposite-Spin Energy      =      -0.3983534416233392 [Eh]
	 Correlation Energy        =      -0.5160847414390736 [Eh]
	 Total Energy              =    -266.9739599171516033 [Eh]
	-----------------------------------------------------------
	 ================> DF-SCS-MP2 Energies <================== 
	-----------------------------------------------------------
	 SCS Same-Spin Scale       =       0.3333333333333333 [-]
	 SCS Opposite-Spin Scale   =       1.2000000000000000 [-]
	 SCS Same-Spin Energy      =      -0.0392437666052428 [Eh]
	 SCS Opposite-Spin Energy  =      -0.4780241299480070 [Eh]
	 SCS Correlation Energy    =      -0.5172678965532559 [Eh]
	 SCS Total Energy          =    -266.9751430722657801 [Eh]
	-----------------------------------------------------------


*** tstop() called on localhost.localdomain at Thu Feb 28 10:14:19 2019
Module time:
	user time   =      33.28 seconds =       0.55 minutes
	system time =       1.85 seconds =       0.03 minutes
	total time  =          1 seconds =       0.02 minutes
Total time:
	user time   =     373.22 seconds =       6.22 minutes
	system time =      24.82 seconds =       0.41 minutes
	total time  =         17 seconds =       0.28 minutes
