  Threads set to 40 by Python driver.

*** tstart() called on localhost.localdomain
*** at Thu Feb 28 10:26:32 2019

   => Loading Basis Set <=

    Name: 3-21G
    Role: ORBITAL
    Keyword: BASIS
    atoms 1, 6, 11            entry C          line    68 file /root/psi4conda/share/psi4/basis/3-21g.gbs 
    atoms 2, 9                entry O          line    90 file /root/psi4conda/share/psi4/basis/3-21g.gbs 
    atoms 3-5, 7-8, 10, 12-13 entry H          line    21 file /root/psi4conda/share/psi4/basis/3-21g.gbs 


         ---------------------------------------------------------
                                   SCF
            by Justin Turney, Rob Parrish, Andy Simmonett
                             and Daniel Smith
                              RHF Reference
                       40 Threads,    500 MiB Core
         ---------------------------------------------------------

  ==> Geometry <==

    Molecular point group: c1
    Full point group: C1

    Geometry (in Angstrom), charge = 0, multiplicity = 1:

       Center              X                  Y                   Z               Mass       
    ------------   -----------------  -----------------  -----------------  -----------------
         C            0.006873732304    -0.525639604482     0.084751992814    12.000000000000
         O           -1.131628640783    -0.815790030632    -0.690711981793    15.994914619560
         H            0.709908415942    -0.733111942540     2.115331951379     1.007825032070
         H           -1.040183137066    -0.452015812376     1.957160604114     1.007825032070
         H            0.960538187338     2.419010549559    -1.031253748785     1.007825032070
         C            1.205998212570     1.381674778212    -0.806286058511    12.000000000000
         H            1.295271649370     0.825428788571    -1.745608103853     1.007825032070
         H            2.162357221207     1.351419296928    -0.274807722259     1.007825032070
         O            0.160393821078     0.877386070477     0.003575285038    15.994914619560
         H           -1.482041238083     0.044030983248    -0.943322804070     1.007825032070
         C           -0.180260228594    -0.970208126803     1.529981211609    12.000000000000
         H           -0.360355039586    -2.045524254294     1.567600197500     1.007825032070
         H            0.873574534811    -1.027373668038    -0.365784019912     1.007825032070

  Running in c1 symmetry.

  Rotational constants: A =      0.27298  B =      0.12540  C =      0.09652 [cm^-1]
  Rotational constants: A =   8183.67126  B =   3759.38021  C =   2893.56508 [MHz]
  Nuclear repulsion =  197.213243122381897

  Charge       = 0
  Multiplicity = 1
  Electrons    = 42
  Nalpha       = 21
  Nbeta        = 21

  ==> Algorithm <==

  SCF Algorithm Type is DF.
  DIIS enabled.
  MOM disabled.
  Fractional occupation disabled.
  Guess Type is SAD.
  Energy threshold   = 1.00e-08
  Density threshold  = 1.00e-08
  Integral threshold = 0.00e+00

  ==> Primary Basis <==

  Basis Set: 3-21G
    Blend: 3-21G
    Number of shells: 41
    Number of basis function: 61
    Number of Cartesian functions: 61
    Spherical Harmonics?: false
    Max angular momentum: 1

   => Loading Basis Set <=

    Name: (3-21G AUX)
    Role: JKFIT
    Keyword: DF_BASIS_SCF
    atoms 1, 6, 11            entry C          line   203 file /root/psi4conda/share/psi4/basis/def2-svp-jkfit.gbs 
    atoms 2, 9                entry O          line   323 file /root/psi4conda/share/psi4/basis/def2-svp-jkfit.gbs 
    atoms 3-5, 7-8, 10, 12-13 entry H          line    23 file /root/psi4conda/share/psi4/basis/def2-svp-jkfit.gbs 

  ==> Pre-Iterations <==

   -------------------------------------------------------
    Irrep   Nso     Nmo     Nalpha   Nbeta   Ndocc  Nsocc
   -------------------------------------------------------
     A         61      61       0       0       0       0
   -------------------------------------------------------
    Total      61      61      21      21      21       0
   -------------------------------------------------------

  ==> Integral Setup <==

  ==> DiskDFJK: Density-Fitted J/K Matrices <==

    J tasked:                  Yes
    K tasked:                  Yes
    wK tasked:                  No
    OpenMP threads:             40
    Integrals threads:          40
    Memory (MB):               375
    Algorithm:                Core
    Integral Cache:           NONE
    Schwarz Cutoff:          1E-12
    Fitting Condition:       1E-12

   => Auxiliary Basis Set <=

  Basis Set: (3-21G AUX)
    Blend: DEF2-SVP-JKFIT
    Number of shells: 173
    Number of basis function: 613
    Number of Cartesian functions: 613
    Spherical Harmonics?: false
    Max angular momentum: 4

  Minimum eigenvalue in the overlap matrix is 1.3108031132E-02.
  Using Symmetric Orthogonalization.

  SCF Guess: Superposition of Atomic Densities via on-the-fly atomic UHF.

  ==> Iterations <==

                           Total Energy        Delta E     RMS |[F,P]|

   @DF-RHF iter   0:  -268.12009845618468   -2.68120e+02   2.45820e-01 
   @DF-RHF iter   1:  -266.36792802562837    1.75217e+00   1.92507e-02 
   @DF-RHF iter   2:  -266.46259633506924   -9.46683e-02   1.27112e-02 DIIS
   @DF-RHF iter   3:  -266.47643352578058   -1.38372e-02   3.12781e-03 DIIS
   @DF-RHF iter   4:  -266.47897750383140   -2.54398e-03   7.46003e-04 DIIS
   @DF-RHF iter   5:  -266.47916387795601   -1.86374e-04   3.38866e-04 DIIS
   @DF-RHF iter   6:  -266.47918876415235   -2.48862e-05   8.53848e-05 DIIS
   @DF-RHF iter   7:  -266.47919069384540   -1.92969e-06   3.26525e-05 DIIS
   @DF-RHF iter   8:  -266.47919092744752   -2.33602e-07   5.16387e-06 DIIS
   @DF-RHF iter   9:  -266.47919093942744   -1.19799e-08   1.21361e-06 DIIS
   @DF-RHF iter  10:  -266.47919093988531   -4.57874e-10   4.56544e-07 DIIS
   @DF-RHF iter  11:  -266.47919093994489   -5.95719e-11   1.62089e-07 DIIS
   @DF-RHF iter  12:  -266.47919093995023   -5.34328e-12   1.69977e-08 DIIS
   @DF-RHF iter  13:  -266.47919093995034   -1.13687e-13   2.96197e-09 DIIS

  ==> Post-Iterations <==

    Orbital Energies [Eh]
    ---------------------

    Doubly Occupied:                                                      

       1A    -20.461263     2A    -20.432065     3A    -11.279673  
       4A    -11.228518     5A    -11.155006     6A     -1.418137  
       7A     -1.323214     8A     -1.016934     9A     -0.935635  
      10A     -0.826914    11A     -0.694191    12A     -0.676060  
      13A     -0.655624    14A     -0.604343    15A     -0.568305  
      16A     -0.552904    17A     -0.533734    18A     -0.517420  
      19A     -0.477777    20A     -0.434061    21A     -0.416183  

    Virtual:                                                              

      22A      0.264010    23A      0.297056    24A      0.304748  
      25A      0.321175    26A      0.327762    27A      0.340790  
      28A      0.347677    29A      0.369551    30A      0.379561  
      31A      0.444419    32A      0.464830    33A      0.553980  
      34A      0.916169    35A      0.922646    36A      0.947106  
      37A      0.978167    38A      0.996769    39A      1.022630  
      40A      1.072594    41A      1.136790    42A      1.180146  
      43A      1.249552    44A      1.300812    45A      1.306406  
      46A      1.318176    47A      1.352448    48A      1.369873  
      49A      1.377801    50A      1.428469    51A      1.777579  
      52A      1.908828    53A      1.928267    54A      1.950470  
      55A      2.096224    56A      2.119393    57A      2.157983  
      58A      2.346037    59A      2.449703    60A      3.366945  
      61A      3.672675  

    Final Occupation by Irrep:
              A 
    DOCC [    21 ]

  Energy converged.

  @DF-RHF Final Energy:  -266.47919093995034

   => Energetics <=

    Nuclear Repulsion Energy =            197.2132431223818969
    One-Electron Energy =                -754.9689419488811382
    Two-Electron Energy =                 291.2765078865489272
    Total Energy =                       -266.4791909399503425



Properties will be evaluated at   0.000000,   0.000000,   0.000000 [a0]

Properties computed using the SCF density matrix

  Nuclear Dipole Moment: [e a0]
     X:     2.9194      Y:     0.3583      Z:     1.1960

  Electronic Dipole Moment: [e a0]
     X:    -2.1693      Y:     0.0920      Z:    -1.3690

  Dipole Moment: [e a0]
     X:     0.7501      Y:     0.4503      Z:    -0.1729     Total:     0.8918

  Dipole Moment: [D]
     X:     1.9064      Y:     1.1446      Z:    -0.4396     Total:     2.2667


*** tstop() called on localhost.localdomain at Thu Feb 28 10:26:34 2019
Module time:
	user time   =      60.64 seconds =       1.01 minutes
	system time =       4.48 seconds =       0.07 minutes
	total time  =          2 seconds =       0.03 minutes
Total time:
	user time   =   16497.70 seconds =     274.96 minutes
	system time =    1096.65 seconds =      18.28 minutes
	total time  =        752 seconds =      12.53 minutes

*** tstart() called on localhost.localdomain
*** at Thu Feb 28 10:26:34 2019


  //>>>>>>>>>>>>>>>>>>>>>>>>>>>>>>>>>>>//
  //               DFMP2               //
  //<<<<<<<<<<<<<<<<<<<<<<<<<<<<<<<<<<<//

   => Loading Basis Set <=

    Name: (3-21G AUX)
    Role: RIFIT
    Keyword: DF_BASIS_MP2
    atoms 1, 6, 11            entry C          line   270 file /root/psi4conda/share/psi4/basis/def2-qzvpp-ri.gbs 
    atoms 2, 9                entry O          line   406 file /root/psi4conda/share/psi4/basis/def2-qzvpp-ri.gbs 
    atoms 3-5, 7-8, 10, 12-13 entry H          line    24 file /root/psi4conda/share/psi4/basis/def2-qzvpp-ri.gbs 

	 --------------------------------------------------------
	                          DF-MP2                         
	      2nd-Order Density-Fitted Moller-Plesset Theory     
	              RMP2 Wavefunction,  40 Threads             
	                                                         
	        Rob Parrish, Justin Turney, Andy Simmonett,      
	           Ed Hohenstein, and C. David Sherrill          
	 --------------------------------------------------------

   => Auxiliary Basis Set <=

  Basis Set: (3-21G AUX)
    Blend: DEF2-QZVPP-RI
    Number of shells: 293
    Number of basis function: 1153
    Number of Cartesian functions: 1523
    Spherical Harmonics?: true
    Max angular momentum: 5

	 --------------------------------------------------------
	                 NBF =    61, NAUX =  1153
	 --------------------------------------------------------
	   CLASS    FOCC     OCC    AOCC    AVIR     VIR    FVIR
	   PAIRS       5      21      16      40      40       0
	 --------------------------------------------------------

	-----------------------------------------------------------
	 ==================> DF-MP2 Energies <==================== 
	-----------------------------------------------------------
	 Reference Energy          =    -266.4791909399503425 [Eh]
	 Singles Energy            =      -0.0000000000000003 [Eh]
	 Same-Spin Energy          =      -0.1144287919708743 [Eh]
	 Opposite-Spin Energy      =      -0.3891210672416065 [Eh]
	 Correlation Energy        =      -0.5035498592124811 [Eh]
	 Total Energy              =    -266.9827407991627979 [Eh]
	-----------------------------------------------------------
	 ================> DF-SCS-MP2 Energies <================== 
	-----------------------------------------------------------
	 SCS Same-Spin Scale       =       0.3333333333333333 [-]
	 SCS Opposite-Spin Scale   =       1.2000000000000000 [-]
	 SCS Same-Spin Energy      =      -0.0381429306569581 [Eh]
	 SCS Opposite-Spin Energy  =      -0.4669452806899278 [Eh]
	 SCS Correlation Energy    =      -0.5050882113468862 [Eh]
	 SCS Total Energy          =    -266.9842791512972440 [Eh]
	-----------------------------------------------------------


*** tstop() called on localhost.localdomain at Thu Feb 28 10:26:36 2019
Module time:
	user time   =      33.98 seconds =       0.57 minutes
	system time =       2.32 seconds =       0.04 minutes
	total time  =          2 seconds =       0.03 minutes
Total time:
	user time   =   16531.72 seconds =     275.53 minutes
	system time =    1098.98 seconds =      18.32 minutes
	total time  =        754 seconds =      12.57 minutes
