  Threads set to 40 by Python driver.

*** tstart() called on localhost.localdomain
*** at Thu Feb 28 10:20:32 2019

   => Loading Basis Set <=

    Name: 3-21G
    Role: ORBITAL
    Keyword: BASIS
    atoms 1, 6, 11            entry C          line    68 file /root/psi4conda/share/psi4/basis/3-21g.gbs 
    atoms 2, 9                entry O          line    90 file /root/psi4conda/share/psi4/basis/3-21g.gbs 
    atoms 3-5, 7-8, 10, 12-13 entry H          line    21 file /root/psi4conda/share/psi4/basis/3-21g.gbs 


         ---------------------------------------------------------
                                   SCF
            by Justin Turney, Rob Parrish, Andy Simmonett
                             and Daniel Smith
                              RHF Reference
                       40 Threads,    500 MiB Core
         ---------------------------------------------------------

  ==> Geometry <==

    Molecular point group: c1
    Full point group: C1

    Geometry (in Angstrom), charge = 0, multiplicity = 1:

       Center              X                  Y                   Z               Mass       
    ------------   -----------------  -----------------  -----------------  -----------------
         C           -0.095473710424    -0.816706297217     0.067736323107    12.000000000000
         O           -1.089778405205    -0.825727867891    -0.659470895291    15.994914619560
         H            0.723066716912    -0.693666275367     2.081849735894     1.007825032070
         H           -1.049428835199    -0.463366676546     1.953503560939     1.007825032070
         H            1.078695558925     2.479213169478    -1.136563155589     1.007825032070
         C            1.218562211408     1.439667310114    -0.838594528645    12.000000000000
         H            1.321376323379     0.808567816529    -1.726888844394     1.007825032070
         H            2.114193350921     1.362101349502    -0.225018872582     1.007825032070
         O            0.129578512616     1.022854170901    -0.044211915535    15.994914619560
         H           -0.676774148950     0.990610137688    -0.585881737578     1.007825032070
         C           -0.185630797908    -1.000593765758     1.562944970843    12.000000000000
         H           -0.341320030549    -2.070617967405     1.727713648992     1.007825032070
         H            0.907111891117    -1.044970540029    -0.351998894950     1.007825032070

  Running in c1 symmetry.

  Rotational constants: A =      0.27604  B =      0.11268  C =      0.09165 [cm^-1]
  Rotational constants: A =   8275.36837  B =   3378.17415  C =   2747.68392 [MHz]
  Nuclear repulsion =  193.529290350332275

  Charge       = 0
  Multiplicity = 1
  Electrons    = 42
  Nalpha       = 21
  Nbeta        = 21

  ==> Algorithm <==

  SCF Algorithm Type is DF.
  DIIS enabled.
  MOM disabled.
  Fractional occupation disabled.
  Guess Type is SAD.
  Energy threshold   = 1.00e-08
  Density threshold  = 1.00e-08
  Integral threshold = 0.00e+00

  ==> Primary Basis <==

  Basis Set: 3-21G
    Blend: 3-21G
    Number of shells: 41
    Number of basis function: 61
    Number of Cartesian functions: 61
    Spherical Harmonics?: false
    Max angular momentum: 1

   => Loading Basis Set <=

    Name: (3-21G AUX)
    Role: JKFIT
    Keyword: DF_BASIS_SCF
    atoms 1, 6, 11            entry C          line   203 file /root/psi4conda/share/psi4/basis/def2-svp-jkfit.gbs 
    atoms 2, 9                entry O          line   323 file /root/psi4conda/share/psi4/basis/def2-svp-jkfit.gbs 
    atoms 3-5, 7-8, 10, 12-13 entry H          line    23 file /root/psi4conda/share/psi4/basis/def2-svp-jkfit.gbs 

  ==> Pre-Iterations <==

   -------------------------------------------------------
    Irrep   Nso     Nmo     Nalpha   Nbeta   Ndocc  Nsocc
   -------------------------------------------------------
     A         61      61       0       0       0       0
   -------------------------------------------------------
    Total      61      61      21      21      21       0
   -------------------------------------------------------

  ==> Integral Setup <==

  ==> DiskDFJK: Density-Fitted J/K Matrices <==

    J tasked:                  Yes
    K tasked:                  Yes
    wK tasked:                  No
    OpenMP threads:             40
    Integrals threads:          40
    Memory (MB):               375
    Algorithm:                Core
    Integral Cache:           NONE
    Schwarz Cutoff:          1E-12
    Fitting Condition:       1E-12

   => Auxiliary Basis Set <=

  Basis Set: (3-21G AUX)
    Blend: DEF2-SVP-JKFIT
    Number of shells: 173
    Number of basis function: 613
    Number of Cartesian functions: 613
    Spherical Harmonics?: false
    Max angular momentum: 4

  Minimum eigenvalue in the overlap matrix is 1.4418901158E-02.
  Using Symmetric Orthogonalization.

  SCF Guess: Superposition of Atomic Densities via on-the-fly atomic UHF.

  ==> Iterations <==

                           Total Energy        Delta E     RMS |[F,P]|

   @DF-RHF iter   0:  -268.21919927630501   -2.68219e+02   2.28430e-01 
   @DF-RHF iter   1:  -266.24575943022342    1.97344e+00   3.48560e-02 
   @DF-RHF iter   2:  -266.37156640706576   -1.25807e-01   2.28858e-02 DIIS
   @DF-RHF iter   3:  -266.42026110532578   -4.86947e-02   4.45869e-03 DIIS
   @DF-RHF iter   4:  -266.42514210557192   -4.88100e-03   1.43155e-03 DIIS
   @DF-RHF iter   5:  -266.42553031320580   -3.88208e-04   4.39026e-04 DIIS
   @DF-RHF iter   6:  -266.42558350140723   -5.31882e-05   1.91428e-04 DIIS
   @DF-RHF iter   7:  -266.42558781421570   -4.31281e-06   3.18895e-05 DIIS
   @DF-RHF iter   8:  -266.42558844997581   -6.35760e-07   1.41420e-05 DIIS
   @DF-RHF iter   9:  -266.42558852186704   -7.18912e-08   3.65959e-06 DIIS
   @DF-RHF iter  10:  -266.42558852849686   -6.62982e-09   1.29149e-06 DIIS
   @DF-RHF iter  11:  -266.42558852972019   -1.22333e-09   3.69057e-07 DIIS
   @DF-RHF iter  12:  -266.42558852989549   -1.75305e-10   1.30974e-07 DIIS
   @DF-RHF iter  13:  -266.42558852990919   -1.36993e-11   5.70189e-08 DIIS
   @DF-RHF iter  14:  -266.42558852991010   -9.09495e-13   1.36562e-08 DIIS
   @DF-RHF iter  15:  -266.42558852990993    1.70530e-13   4.52813e-09 DIIS

  ==> Post-Iterations <==

    Orbital Energies [Eh]
    ---------------------

    Doubly Occupied:                                                      

       1A    -20.495185     2A    -20.376779     3A    -11.275118  
       4A    -11.241394     5A    -11.156607     6A     -1.424697  
       7A     -1.335744     8A     -0.999479     9A     -0.958898  
      10A     -0.793092    11A     -0.722849    12A     -0.662032  
      13A     -0.655132    14A     -0.619083    15A     -0.571177  
      16A     -0.569562    17A     -0.526165    18A     -0.517634  
      19A     -0.505513    20A     -0.400359    21A     -0.364622  

    Virtual:                                                              

      22A      0.223529    23A      0.249187    24A      0.297364  
      25A      0.314229    26A      0.320667    27A      0.328326  
      28A      0.342276    29A      0.361200    30A      0.364505  
      31A      0.424367    32A      0.474055    33A      0.576400  
      34A      0.921209    35A      0.932337    36A      0.936643  
      37A      0.966644    38A      1.011928    39A      1.023237  
      40A      1.106277    41A      1.137000    42A      1.192463  
      43A      1.225789    44A      1.270762    45A      1.297486  
      46A      1.340980    47A      1.356579    48A      1.367173  
      49A      1.380460    50A      1.438063    51A      1.764150  
      52A      1.855680    53A      1.949800    54A      1.958781  
      55A      2.052014    56A      2.090228    57A      2.100844  
      58A      2.194029    59A      2.427376    60A      3.391430  
      61A      3.718732  

    Final Occupation by Irrep:
              A 
    DOCC [    21 ]

  Energy converged.

  @DF-RHF Final Energy:  -266.42558852990993

   => Energetics <=

    Nuclear Repulsion Energy =            193.5292903503322748
    One-Electron Energy =                -747.5675165785776244
    Two-Electron Energy =                 287.6126376983353907
    Total Energy =                       -266.4255885299099305



Properties will be evaluated at   0.000000,   0.000000,   0.000000 [a0]

Properties computed using the SCF density matrix

  Nuclear Dipole Moment: [e a0]
     X:     3.8174      Y:     1.2833      Z:     1.6247

  Electronic Dipole Moment: [e a0]
     X:    -2.6066      Y:    -0.5431      Z:    -1.5657

  Dipole Moment: [e a0]
     X:     1.2107      Y:     0.7402      Z:     0.0591     Total:     1.4203

  Dipole Moment: [D]
     X:     3.0774      Y:     1.8815      Z:     0.1501     Total:     3.6101


*** tstop() called on localhost.localdomain at Thu Feb 28 10:20:35 2019
Module time:
	user time   =      60.59 seconds =       1.01 minutes
	system time =       3.85 seconds =       0.06 minutes
	total time  =          3 seconds =       0.05 minutes
Total time:
	user time   =    8609.09 seconds =     143.48 minutes
	system time =     570.62 seconds =       9.51 minutes
	total time  =        393 seconds =       6.55 minutes

*** tstart() called on localhost.localdomain
*** at Thu Feb 28 10:20:35 2019


  //>>>>>>>>>>>>>>>>>>>>>>>>>>>>>>>>>>>//
  //               DFMP2               //
  //<<<<<<<<<<<<<<<<<<<<<<<<<<<<<<<<<<<//

   => Loading Basis Set <=

    Name: (3-21G AUX)
    Role: RIFIT
    Keyword: DF_BASIS_MP2
    atoms 1, 6, 11            entry C          line   270 file /root/psi4conda/share/psi4/basis/def2-qzvpp-ri.gbs 
    atoms 2, 9                entry O          line   406 file /root/psi4conda/share/psi4/basis/def2-qzvpp-ri.gbs 
    atoms 3-5, 7-8, 10, 12-13 entry H          line    24 file /root/psi4conda/share/psi4/basis/def2-qzvpp-ri.gbs 

	 --------------------------------------------------------
	                          DF-MP2                         
	      2nd-Order Density-Fitted Moller-Plesset Theory     
	              RMP2 Wavefunction,  40 Threads             
	                                                         
	        Rob Parrish, Justin Turney, Andy Simmonett,      
	           Ed Hohenstein, and C. David Sherrill          
	 --------------------------------------------------------

   => Auxiliary Basis Set <=

  Basis Set: (3-21G AUX)
    Blend: DEF2-QZVPP-RI
    Number of shells: 293
    Number of basis function: 1153
    Number of Cartesian functions: 1523
    Spherical Harmonics?: true
    Max angular momentum: 5

	 --------------------------------------------------------
	                 NBF =    61, NAUX =  1153
	 --------------------------------------------------------
	   CLASS    FOCC     OCC    AOCC    AVIR     VIR    FVIR
	   PAIRS       5      21      16      40      40       0
	 --------------------------------------------------------

	-----------------------------------------------------------
	 ==================> DF-MP2 Energies <==================== 
	-----------------------------------------------------------
	 Reference Energy          =    -266.4255885299099305 [Eh]
	 Singles Energy            =      -0.0000000000000007 [Eh]
	 Same-Spin Energy          =      -0.1210807772313952 [Eh]
	 Opposite-Spin Energy      =      -0.3990891283137782 [Eh]
	 Correlation Energy        =      -0.5201699055451742 [Eh]
	 Total Energy              =    -266.9457584354551045 [Eh]
	-----------------------------------------------------------
	 ================> DF-SCS-MP2 Energies <================== 
	-----------------------------------------------------------
	 SCS Same-Spin Scale       =       0.3333333333333333 [-]
	 SCS Opposite-Spin Scale   =       1.2000000000000000 [-]
	 SCS Same-Spin Energy      =      -0.0403602590771317 [Eh]
	 SCS Opposite-Spin Energy  =      -0.4789069539765338 [Eh]
	 SCS Correlation Energy    =      -0.5192672130536663 [Eh]
	 SCS Total Energy          =    -266.9448557429635684 [Eh]
	-----------------------------------------------------------


*** tstop() called on localhost.localdomain at Thu Feb 28 10:20:36 2019
Module time:
	user time   =      32.96 seconds =       0.55 minutes
	system time =       2.19 seconds =       0.04 minutes
	total time  =          1 seconds =       0.02 minutes
Total time:
	user time   =    8642.08 seconds =     144.03 minutes
	system time =     572.81 seconds =       9.55 minutes
	total time  =        394 seconds =       6.57 minutes
