  Threads set to 40 by Python driver.

*** tstart() called on localhost.localdomain
*** at Thu Feb 28 10:17:26 2019

   => Loading Basis Set <=

    Name: 3-21G
    Role: ORBITAL
    Keyword: BASIS
    atoms 1, 6, 11            entry C          line    68 file /root/psi4conda/share/psi4/basis/3-21g.gbs 
    atoms 2, 9                entry O          line    90 file /root/psi4conda/share/psi4/basis/3-21g.gbs 
    atoms 3-5, 7-8, 10, 12-13 entry H          line    21 file /root/psi4conda/share/psi4/basis/3-21g.gbs 


         ---------------------------------------------------------
                                   SCF
            by Justin Turney, Rob Parrish, Andy Simmonett
                             and Daniel Smith
                              RHF Reference
                       40 Threads,    500 MiB Core
         ---------------------------------------------------------

  ==> Geometry <==

    Molecular point group: c1
    Full point group: C1

    Geometry (in Angstrom), charge = 0, multiplicity = 1:

       Center              X                  Y                   Z               Mass       
    ------------   -----------------  -----------------  -----------------  -----------------
         C           -0.147910349714    -0.983777739600     0.060349750125    12.000000000000
         O           -1.114669442002    -0.916894443634    -0.660216774695    15.994914619560
         H            0.714199442159    -0.632437034556     1.997710310355     1.007825032070
         H           -1.065696832263    -0.466235070163     1.923766543091     1.007825032070
         H            1.217354654531     2.513355128845    -1.239580006928     1.007825032070
         C            1.256549425668     1.487139269928    -0.865774846663    12.000000000000
         H            1.291939816140     0.796043782071    -1.715601655805     1.007825032070
         H            2.164018560095     1.367697261099    -0.274338863304     1.007825032070
         O            0.169876914831     1.207776199557    -0.011325808936    15.994914619560
         H           -0.648098606046     1.219314481327    -0.520717735027     1.007825032070
         C           -0.203914950582    -1.024792354080     1.561471977050    12.000000000000
         H           -0.312658994346    -2.072806400519     1.858722864369     1.007825032070
         H            0.861089818166    -1.132849213486    -0.374214011178     1.007825032070

  Running in c1 symmetry.

  Rotational constants: A =      0.26016  B =      0.10063  C =      0.08396 [cm^-1]
  Rotational constants: A =   7799.46219  B =   3016.82430  C =   2517.16264 [MHz]
  Nuclear repulsion =  187.463596400144326

  Charge       = 0
  Multiplicity = 1
  Electrons    = 42
  Nalpha       = 21
  Nbeta        = 21

  ==> Algorithm <==

  SCF Algorithm Type is DF.
  DIIS enabled.
  MOM disabled.
  Fractional occupation disabled.
  Guess Type is SAD.
  Energy threshold   = 1.00e-08
  Density threshold  = 1.00e-08
  Integral threshold = 0.00e+00

  ==> Primary Basis <==

  Basis Set: 3-21G
    Blend: 3-21G
    Number of shells: 41
    Number of basis function: 61
    Number of Cartesian functions: 61
    Spherical Harmonics?: false
    Max angular momentum: 1

   => Loading Basis Set <=

    Name: (3-21G AUX)
    Role: JKFIT
    Keyword: DF_BASIS_SCF
    atoms 1, 6, 11            entry C          line   203 file /root/psi4conda/share/psi4/basis/def2-svp-jkfit.gbs 
    atoms 2, 9                entry O          line   323 file /root/psi4conda/share/psi4/basis/def2-svp-jkfit.gbs 
    atoms 3-5, 7-8, 10, 12-13 entry H          line    23 file /root/psi4conda/share/psi4/basis/def2-svp-jkfit.gbs 

  ==> Pre-Iterations <==

   -------------------------------------------------------
    Irrep   Nso     Nmo     Nalpha   Nbeta   Ndocc  Nsocc
   -------------------------------------------------------
     A         61      61       0       0       0       0
   -------------------------------------------------------
    Total      61      61      21      21      21       0
   -------------------------------------------------------

  ==> Integral Setup <==

  ==> DiskDFJK: Density-Fitted J/K Matrices <==

    J tasked:                  Yes
    K tasked:                  Yes
    wK tasked:                  No
    OpenMP threads:             40
    Integrals threads:          40
    Memory (MB):               375
    Algorithm:                Core
    Integral Cache:           NONE
    Schwarz Cutoff:          1E-12
    Fitting Condition:       1E-12

   => Auxiliary Basis Set <=

  Basis Set: (3-21G AUX)
    Blend: DEF2-SVP-JKFIT
    Number of shells: 173
    Number of basis function: 613
    Number of Cartesian functions: 613
    Spherical Harmonics?: false
    Max angular momentum: 4

  Minimum eigenvalue in the overlap matrix is 1.5926015971E-02.
  Using Symmetric Orthogonalization.

  SCF Guess: Superposition of Atomic Densities via on-the-fly atomic UHF.

  ==> Iterations <==

                           Total Energy        Delta E     RMS |[F,P]|

   @DF-RHF iter   0:  -268.15000020147323   -2.68150e+02   2.50181e-01 
   @DF-RHF iter   1:  -266.27799141838517    1.87201e+00   2.49062e-02 
   @DF-RHF iter   2:  -266.39622459430961   -1.18233e-01   2.61822e-02 DIIS
   @DF-RHF iter   3:  -266.44178475249385   -4.55602e-02   3.94400e-03 DIIS
   @DF-RHF iter   4:  -266.44874472401716   -6.95997e-03   1.95759e-03 DIIS
   @DF-RHF iter   5:  -266.44993500786239   -1.19028e-03   7.07586e-04 DIIS
   @DF-RHF iter   6:  -266.45013768381978   -2.02676e-04   3.14601e-04 DIIS
   @DF-RHF iter   7:  -266.45015802063403   -2.03368e-05   8.03590e-05 DIIS
   @DF-RHF iter   8:  -266.45016124893903   -3.22830e-06   2.77394e-05 DIIS
   @DF-RHF iter   9:  -266.45016175603985   -5.07101e-07   1.75965e-05 DIIS
   @DF-RHF iter  10:  -266.45016187974915   -1.23709e-07   5.17583e-06 DIIS
   @DF-RHF iter  11:  -266.45016190055298   -2.08038e-08   1.31081e-06 DIIS
   @DF-RHF iter  12:  -266.45016190191109   -1.35810e-09   3.07122e-07 DIIS
   @DF-RHF iter  13:  -266.45016190195372   -4.26326e-11   9.14089e-08 DIIS
   @DF-RHF iter  14:  -266.45016190195565   -1.93268e-12   2.88085e-08 DIIS
   @DF-RHF iter  15:  -266.45016190195588   -2.27374e-13   7.63607e-09 DIIS

  ==> Post-Iterations <==

    Orbital Energies [Eh]
    ---------------------

    Doubly Occupied:                                                      

       1A    -20.461506     2A    -20.423295     3A    -11.271420  
       4A    -11.226567     5A    -11.161296     6A     -1.393829  
       7A     -1.365635     8A     -1.003181     9A     -0.938813  
      10A     -0.783521    11A     -0.697175    12A     -0.654562  
      13A     -0.642255    14A     -0.610600    15A     -0.594155  
      16A     -0.573103    17A     -0.536165    18A     -0.500190  
      19A     -0.490816    20A     -0.428042    21A     -0.387886  

    Virtual:                                                              

      22A      0.194251    23A      0.252136    24A      0.295117  
      25A      0.313481    26A      0.326705    27A      0.339030  
      28A      0.342780    29A      0.359416    30A      0.367400  
      31A      0.431947    32A      0.480630    33A      0.563992  
      34A      0.926631    35A      0.942526    36A      0.958781  
      37A      0.970026    38A      1.006465    39A      1.017493  
      40A      1.111693    41A      1.124942    42A      1.176341  
      43A      1.235195    44A      1.280949    45A      1.307912  
      46A      1.338939    47A      1.350818    48A      1.364288  
      49A      1.382633    50A      1.419714    51A      1.667022  
      52A      1.844244    53A      1.933084    54A      1.953007  
      55A      2.014194    56A      2.068504    57A      2.084505  
      58A      2.158211    59A      2.353478    60A      3.365727  
      61A      3.632789  

    Final Occupation by Irrep:
              A 
    DOCC [    21 ]

  Energy converged.

  @DF-RHF Final Energy:  -266.45016190195588

   => Energetics <=

    Nuclear Repulsion Energy =            187.4635964001443256
    One-Electron Energy =                -735.5394941997003571
    Two-Electron Energy =                 281.6257358976001797
    Total Energy =                       -266.4501619019558802



Properties will be evaluated at   0.000000,   0.000000,   0.000000 [a0]

Properties computed using the SCF density matrix

  Nuclear Dipole Moment: [e a0]
     X:     3.9536      Y:     1.4939      Z:     1.5490

  Electronic Dipole Moment: [e a0]
     X:    -3.0074      Y:    -1.1481      Z:    -1.5152

  Dipole Moment: [e a0]
     X:     0.9462      Y:     0.3459      Z:     0.0338     Total:     1.0080

  Dipole Moment: [D]
     X:     2.4050      Y:     0.8791      Z:     0.0860     Total:     2.5621


*** tstop() called on localhost.localdomain at Thu Feb 28 10:17:28 2019
Module time:
	user time   =      61.23 seconds =       1.02 minutes
	system time =       4.13 seconds =       0.07 minutes
	total time  =          2 seconds =       0.03 minutes
Total time:
	user time   =    4525.84 seconds =      75.43 minutes
	system time =     295.83 seconds =       4.93 minutes
	total time  =        206 seconds =       3.43 minutes

*** tstart() called on localhost.localdomain
*** at Thu Feb 28 10:17:28 2019


  //>>>>>>>>>>>>>>>>>>>>>>>>>>>>>>>>>>>//
  //               DFMP2               //
  //<<<<<<<<<<<<<<<<<<<<<<<<<<<<<<<<<<<//

   => Loading Basis Set <=

    Name: (3-21G AUX)
    Role: RIFIT
    Keyword: DF_BASIS_MP2
    atoms 1, 6, 11            entry C          line   270 file /root/psi4conda/share/psi4/basis/def2-qzvpp-ri.gbs 
    atoms 2, 9                entry O          line   406 file /root/psi4conda/share/psi4/basis/def2-qzvpp-ri.gbs 
    atoms 3-5, 7-8, 10, 12-13 entry H          line    24 file /root/psi4conda/share/psi4/basis/def2-qzvpp-ri.gbs 

	 --------------------------------------------------------
	                          DF-MP2                         
	      2nd-Order Density-Fitted Moller-Plesset Theory     
	              RMP2 Wavefunction,  40 Threads             
	                                                         
	        Rob Parrish, Justin Turney, Andy Simmonett,      
	           Ed Hohenstein, and C. David Sherrill          
	 --------------------------------------------------------

   => Auxiliary Basis Set <=

  Basis Set: (3-21G AUX)
    Blend: DEF2-QZVPP-RI
    Number of shells: 293
    Number of basis function: 1153
    Number of Cartesian functions: 1523
    Spherical Harmonics?: true
    Max angular momentum: 5

	 --------------------------------------------------------
	                 NBF =    61, NAUX =  1153
	 --------------------------------------------------------
	   CLASS    FOCC     OCC    AOCC    AVIR     VIR    FVIR
	   PAIRS       5      21      16      40      40       0
	 --------------------------------------------------------

	-----------------------------------------------------------
	 ==================> DF-MP2 Energies <==================== 
	-----------------------------------------------------------
	 Reference Energy          =    -266.4501619019558802 [Eh]
	 Singles Energy            =      -0.0000000000000114 [Eh]
	 Same-Spin Energy          =      -0.1188773855949603 [Eh]
	 Opposite-Spin Energy      =      -0.3987921673957712 [Eh]
	 Correlation Energy        =      -0.5176695529907429 [Eh]
	 Total Energy              =    -266.9678314549466336 [Eh]
	-----------------------------------------------------------
	 ================> DF-SCS-MP2 Energies <================== 
	-----------------------------------------------------------
	 SCS Same-Spin Scale       =       0.3333333333333333 [-]
	 SCS Opposite-Spin Scale   =       1.2000000000000000 [-]
	 SCS Same-Spin Energy      =      -0.0396257951983201 [Eh]
	 SCS Opposite-Spin Energy  =      -0.4785506008749254 [Eh]
	 SCS Correlation Energy    =      -0.5181763960732569 [Eh]
	 SCS Total Energy          =    -266.9683382980291526 [Eh]
	-----------------------------------------------------------


*** tstop() called on localhost.localdomain at Thu Feb 28 10:17:30 2019
Module time:
	user time   =      32.98 seconds =       0.55 minutes
	system time =       2.04 seconds =       0.03 minutes
	total time  =          2 seconds =       0.03 minutes
Total time:
	user time   =    4558.86 seconds =      75.98 minutes
	system time =     297.87 seconds =       4.96 minutes
	total time  =        208 seconds =       3.47 minutes
