  Threads set to 40 by Python driver.

*** tstart() called on localhost.localdomain
*** at Thu Feb 28 10:27:02 2019

   => Loading Basis Set <=

    Name: 3-21G
    Role: ORBITAL
    Keyword: BASIS
    atoms 1, 6, 11            entry C          line    68 file /root/psi4conda/share/psi4/basis/3-21g.gbs 
    atoms 2, 9                entry O          line    90 file /root/psi4conda/share/psi4/basis/3-21g.gbs 
    atoms 3-5, 7-8, 10, 12-13 entry H          line    21 file /root/psi4conda/share/psi4/basis/3-21g.gbs 


         ---------------------------------------------------------
                                   SCF
            by Justin Turney, Rob Parrish, Andy Simmonett
                             and Daniel Smith
                              RHF Reference
                       40 Threads,    500 MiB Core
         ---------------------------------------------------------

  ==> Geometry <==

    Molecular point group: c1
    Full point group: C1

    Geometry (in Angstrom), charge = 0, multiplicity = 1:

       Center              X                  Y                   Z               Mass       
    ------------   -----------------  -----------------  -----------------  -----------------
         C            0.003340237351    -0.510460380701     0.079012114991    12.000000000000
         O           -1.131542420714    -0.834211545122    -0.695237028900    15.994914619560
         H            0.712422461103    -0.733096309199     2.101641644084     1.007825032070
         H           -1.036217706703    -0.439373340724     1.951519538905     1.007825032070
         H            0.978316622016     2.416376644943    -1.020773883288     1.007825032070
         C            1.206124162625     1.373285586451    -0.804923712470    12.000000000000
         H            1.264511969875     0.819107940019    -1.747465239768     1.007825032070
         H            2.171511882086     1.319407510214    -0.291662667234     1.007825032070
         O            0.168171433450     0.884602623141     0.022987927094    15.994914619560
         H           -1.550331919149     0.005251520141    -0.907930671265     1.007825032070
         C           -0.180758125334    -0.958945202714     1.516636790956    12.000000000000
         H           -0.368661959877    -2.033014681099     1.543037516460     1.007825032070
         H            0.869215941629    -1.009917923443    -0.374314567697     1.007825032070

  Running in c1 symmetry.

  Rotational constants: A =      0.27244  B =      0.12606  C =      0.09691 [cm^-1]
  Rotational constants: A =   8167.68203  B =   3779.21742  C =   2905.32528 [MHz]
  Nuclear repulsion =  197.409280745611937

  Charge       = 0
  Multiplicity = 1
  Electrons    = 42
  Nalpha       = 21
  Nbeta        = 21

  ==> Algorithm <==

  SCF Algorithm Type is DF.
  DIIS enabled.
  MOM disabled.
  Fractional occupation disabled.
  Guess Type is SAD.
  Energy threshold   = 1.00e-08
  Density threshold  = 1.00e-08
  Integral threshold = 0.00e+00

  ==> Primary Basis <==

  Basis Set: 3-21G
    Blend: 3-21G
    Number of shells: 41
    Number of basis function: 61
    Number of Cartesian functions: 61
    Spherical Harmonics?: false
    Max angular momentum: 1

   => Loading Basis Set <=

    Name: (3-21G AUX)
    Role: JKFIT
    Keyword: DF_BASIS_SCF
    atoms 1, 6, 11            entry C          line   203 file /root/psi4conda/share/psi4/basis/def2-svp-jkfit.gbs 
    atoms 2, 9                entry O          line   323 file /root/psi4conda/share/psi4/basis/def2-svp-jkfit.gbs 
    atoms 3-5, 7-8, 10, 12-13 entry H          line    23 file /root/psi4conda/share/psi4/basis/def2-svp-jkfit.gbs 

  ==> Pre-Iterations <==

   -------------------------------------------------------
    Irrep   Nso     Nmo     Nalpha   Nbeta   Ndocc  Nsocc
   -------------------------------------------------------
     A         61      61       0       0       0       0
   -------------------------------------------------------
    Total      61      61      21      21      21       0
   -------------------------------------------------------

  ==> Integral Setup <==

  ==> DiskDFJK: Density-Fitted J/K Matrices <==

    J tasked:                  Yes
    K tasked:                  Yes
    wK tasked:                  No
    OpenMP threads:             40
    Integrals threads:          40
    Memory (MB):               375
    Algorithm:                Core
    Integral Cache:           NONE
    Schwarz Cutoff:          1E-12
    Fitting Condition:       1E-12

   => Auxiliary Basis Set <=

  Basis Set: (3-21G AUX)
    Blend: DEF2-SVP-JKFIT
    Number of shells: 173
    Number of basis function: 613
    Number of Cartesian functions: 613
    Spherical Harmonics?: false
    Max angular momentum: 4

  Minimum eigenvalue in the overlap matrix is 1.2915652990E-02.
  Using Symmetric Orthogonalization.

  SCF Guess: Superposition of Atomic Densities via on-the-fly atomic UHF.

  ==> Iterations <==

                           Total Energy        Delta E     RMS |[F,P]|

   @DF-RHF iter   0:  -268.08012584785700   -2.68080e+02   2.18905e-01 
   @DF-RHF iter   1:  -266.36486139158831    1.71526e+00   1.98833e-02 
   @DF-RHF iter   2:  -266.46268843320735   -9.78270e-02   8.89679e-03 DIIS
   @DF-RHF iter   3:  -266.47758190940812   -1.48935e-02   3.57766e-03 DIIS
   @DF-RHF iter   4:  -266.48021228641011   -2.63038e-03   6.65723e-04 DIIS
   @DF-RHF iter   5:  -266.48039744405423   -1.85158e-04   2.66469e-04 DIIS
   @DF-RHF iter   6:  -266.48042005799613   -2.26139e-05   8.42674e-05 DIIS
   @DF-RHF iter   7:  -266.48042227900970   -2.22101e-06   4.54931e-05 DIIS
   @DF-RHF iter   8:  -266.48042254113710   -2.62127e-07   4.73063e-06 DIIS
   @DF-RHF iter   9:  -266.48042255362060   -1.24835e-08   1.01490e-06 DIIS
   @DF-RHF iter  10:  -266.48042255404584   -4.25246e-10   3.19016e-07 DIIS
   @DF-RHF iter  11:  -266.48042255409337   -4.75211e-11   1.62970e-07 DIIS
   @DF-RHF iter  12:  -266.48042255409871   -5.34328e-12   1.90013e-08 DIIS
   @DF-RHF iter  13:  -266.48042255409894   -2.27374e-13   6.69552e-09 DIIS

  ==> Post-Iterations <==

    Orbital Energies [Eh]
    ---------------------

    Doubly Occupied:                                                      

       1A    -20.461947     2A    -20.433899     3A    -11.278184  
       4A    -11.227941     5A    -11.153175     6A     -1.418130  
       7A     -1.326011     8A     -1.018092     9A     -0.935173  
      10A     -0.827665    11A     -0.695785    12A     -0.676582  
      13A     -0.655963    14A     -0.602665    15A     -0.568478  
      16A     -0.552879    17A     -0.533544    18A     -0.517376  
      19A     -0.478363    20A     -0.434484    21A     -0.417309  

    Virtual:                                                              

      22A      0.264242    23A      0.296054    24A      0.306092  
      25A      0.320167    26A      0.328951    27A      0.341959  
      28A      0.348045    29A      0.370329    30A      0.381403  
      31A      0.446982    32A      0.469307    33A      0.551448  
      34A      0.920158    35A      0.923595    36A      0.947058  
      37A      0.980451    38A      1.000805    39A      1.026113  
      40A      1.073164    41A      1.134910    42A      1.179317  
      43A      1.252090    44A      1.300220    45A      1.307096  
      46A      1.317458    47A      1.353827    48A      1.371270  
      49A      1.378944    50A      1.432607    51A      1.780064  
      52A      1.917310    53A      1.928244    54A      1.948799  
      55A      2.096266    56A      2.115866    57A      2.160620  
      58A      2.358017    59A      2.440338    60A      3.364337  
      61A      3.677899  

    Final Occupation by Irrep:
              A 
    DOCC [    21 ]

  Energy converged.

  @DF-RHF Final Energy:  -266.48042255409894

   => Energetics <=

    Nuclear Repulsion Energy =            197.4092807456119374
    One-Electron Energy =                -755.3521148405571921
    Two-Electron Energy =                 291.4624115408463467
    Total Energy =                       -266.4804225540989364



Properties will be evaluated at   0.000000,   0.000000,   0.000000 [a0]

Properties computed using the SCF density matrix

  Nuclear Dipole Moment: [e a0]
     X:     2.8460      Y:     0.3234      Z:     1.1724

  Electronic Dipole Moment: [e a0]
     X:    -2.1581      Y:     0.1335      Z:    -1.3509

  Dipole Moment: [e a0]
     X:     0.6879      Y:     0.4570      Z:    -0.1785     Total:     0.8449

  Dipole Moment: [D]
     X:     1.7484      Y:     1.1615      Z:    -0.4537     Total:     2.1475


*** tstop() called on localhost.localdomain at Thu Feb 28 10:27:04 2019
Module time:
	user time   =      59.74 seconds =       1.00 minutes
	system time =       4.29 seconds =       0.07 minutes
	total time  =          2 seconds =       0.03 minutes
Total time:
	user time   =   17151.20 seconds =     285.85 minutes
	system time =    1142.90 seconds =      19.05 minutes
	total time  =        782 seconds =      13.03 minutes

*** tstart() called on localhost.localdomain
*** at Thu Feb 28 10:27:04 2019


  //>>>>>>>>>>>>>>>>>>>>>>>>>>>>>>>>>>>//
  //               DFMP2               //
  //<<<<<<<<<<<<<<<<<<<<<<<<<<<<<<<<<<<//

   => Loading Basis Set <=

    Name: (3-21G AUX)
    Role: RIFIT
    Keyword: DF_BASIS_MP2
    atoms 1, 6, 11            entry C          line   270 file /root/psi4conda/share/psi4/basis/def2-qzvpp-ri.gbs 
    atoms 2, 9                entry O          line   406 file /root/psi4conda/share/psi4/basis/def2-qzvpp-ri.gbs 
    atoms 3-5, 7-8, 10, 12-13 entry H          line    24 file /root/psi4conda/share/psi4/basis/def2-qzvpp-ri.gbs 

	 --------------------------------------------------------
	                          DF-MP2                         
	      2nd-Order Density-Fitted Moller-Plesset Theory     
	              RMP2 Wavefunction,  40 Threads             
	                                                         
	        Rob Parrish, Justin Turney, Andy Simmonett,      
	           Ed Hohenstein, and C. David Sherrill          
	 --------------------------------------------------------

   => Auxiliary Basis Set <=

  Basis Set: (3-21G AUX)
    Blend: DEF2-QZVPP-RI
    Number of shells: 293
    Number of basis function: 1153
    Number of Cartesian functions: 1523
    Spherical Harmonics?: true
    Max angular momentum: 5

	 --------------------------------------------------------
	                 NBF =    61, NAUX =  1153
	 --------------------------------------------------------
	   CLASS    FOCC     OCC    AOCC    AVIR     VIR    FVIR
	   PAIRS       5      21      16      40      40       0
	 --------------------------------------------------------

	-----------------------------------------------------------
	 ==================> DF-MP2 Energies <==================== 
	-----------------------------------------------------------
	 Reference Energy          =    -266.4804225540989364 [Eh]
	 Singles Energy            =      -0.0000000000000004 [Eh]
	 Same-Spin Energy          =      -0.1144379796737020 [Eh]
	 Opposite-Spin Energy      =      -0.3889830410461628 [Eh]
	 Correlation Energy        =      -0.5034210207198653 [Eh]
	 Total Energy              =    -266.9838435748188203 [Eh]
	-----------------------------------------------------------
	 ================> DF-SCS-MP2 Energies <================== 
	-----------------------------------------------------------
	 SCS Same-Spin Scale       =       0.3333333333333333 [-]
	 SCS Opposite-Spin Scale   =       1.2000000000000000 [-]
	 SCS Same-Spin Energy      =      -0.0381459932245673 [Eh]
	 SCS Opposite-Spin Energy  =      -0.4667796492553953 [Eh]
	 SCS Correlation Energy    =      -0.5049256424799631 [Eh]
	 SCS Total Energy          =    -266.9853481965789115 [Eh]
	-----------------------------------------------------------


*** tstop() called on localhost.localdomain at Thu Feb 28 10:27:06 2019
Module time:
	user time   =      33.61 seconds =       0.56 minutes
	system time =       2.18 seconds =       0.04 minutes
	total time  =          2 seconds =       0.03 minutes
Total time:
	user time   =   17184.84 seconds =     286.41 minutes
	system time =    1145.08 seconds =      19.08 minutes
	total time  =        784 seconds =      13.07 minutes
