  Threads set to 40 by Python driver.

*** tstart() called on localhost.localdomain
*** at Thu Feb 28 10:23:47 2019

   => Loading Basis Set <=

    Name: 3-21G
    Role: ORBITAL
    Keyword: BASIS
    atoms 1, 6, 11            entry C          line    68 file /root/psi4conda/share/psi4/basis/3-21g.gbs 
    atoms 2, 9                entry O          line    90 file /root/psi4conda/share/psi4/basis/3-21g.gbs 
    atoms 3-5, 7-8, 10, 12-13 entry H          line    21 file /root/psi4conda/share/psi4/basis/3-21g.gbs 


         ---------------------------------------------------------
                                   SCF
            by Justin Turney, Rob Parrish, Andy Simmonett
                             and Daniel Smith
                              RHF Reference
                       40 Threads,    500 MiB Core
         ---------------------------------------------------------

  ==> Geometry <==

    Molecular point group: c1
    Full point group: C1

    Geometry (in Angstrom), charge = 0, multiplicity = 1:

       Center              X                  Y                   Z               Mass       
    ------------   -----------------  -----------------  -----------------  -----------------
         C           -0.015016236640    -0.693984312179     0.100909381099    12.000000000000
         O           -1.103680484787    -0.754776494915    -0.678373318033    15.994914619560
         H            0.713580229060    -0.717474682305     2.116343333920     1.007825032070
         H           -1.047122664456    -0.458808109648     1.947380567547     1.007825032070
         H            0.998070550072     2.456957465753    -1.087263876210     1.007825032070
         C            1.205152175937     1.413807835273    -0.823369230874    12.000000000000
         H            1.330118188561     0.827917621395    -1.741263683580     1.007825032070
         H            2.122354957607     1.372590280533    -0.237838056648     1.007825032070
         O            0.116118862403     0.926248656849    -0.051058540451    15.994914619560
         H           -1.012616510622     0.277302537278    -0.763792440813     1.007825032070
         C           -0.181282802617    -0.999021090901     1.562194394486    12.000000000000
         H           -0.353894282271    -2.071143893485     1.683908291688     1.007825032070
         H            0.910587669654    -1.084371254908    -0.339436569773     1.007825032070

  Running in c1 symmetry.

  Rotational constants: A =      0.27765  B =      0.12000  C =      0.09515 [cm^-1]
  Rotational constants: A =   8323.68769  B =   3597.47379  C =   2852.65155 [MHz]
  Nuclear repulsion =  195.860010042731943

  Charge       = 0
  Multiplicity = 1
  Electrons    = 42
  Nalpha       = 21
  Nbeta        = 21

  ==> Algorithm <==

  SCF Algorithm Type is DF.
  DIIS enabled.
  MOM disabled.
  Fractional occupation disabled.
  Guess Type is SAD.
  Energy threshold   = 1.00e-08
  Density threshold  = 1.00e-08
  Integral threshold = 0.00e+00

  ==> Primary Basis <==

  Basis Set: 3-21G
    Blend: 3-21G
    Number of shells: 41
    Number of basis function: 61
    Number of Cartesian functions: 61
    Spherical Harmonics?: false
    Max angular momentum: 1

   => Loading Basis Set <=

    Name: (3-21G AUX)
    Role: JKFIT
    Keyword: DF_BASIS_SCF
    atoms 1, 6, 11            entry C          line   203 file /root/psi4conda/share/psi4/basis/def2-svp-jkfit.gbs 
    atoms 2, 9                entry O          line   323 file /root/psi4conda/share/psi4/basis/def2-svp-jkfit.gbs 
    atoms 3-5, 7-8, 10, 12-13 entry H          line    23 file /root/psi4conda/share/psi4/basis/def2-svp-jkfit.gbs 

  ==> Pre-Iterations <==

   -------------------------------------------------------
    Irrep   Nso     Nmo     Nalpha   Nbeta   Ndocc  Nsocc
   -------------------------------------------------------
     A         61      61       0       0       0       0
   -------------------------------------------------------
    Total      61      61      21      21      21       0
   -------------------------------------------------------

  ==> Integral Setup <==

  ==> DiskDFJK: Density-Fitted J/K Matrices <==

    J tasked:                  Yes
    K tasked:                  Yes
    wK tasked:                  No
    OpenMP threads:             40
    Integrals threads:          40
    Memory (MB):               375
    Algorithm:                Core
    Integral Cache:           NONE
    Schwarz Cutoff:          1E-12
    Fitting Condition:       1E-12

   => Auxiliary Basis Set <=

  Basis Set: (3-21G AUX)
    Blend: DEF2-SVP-JKFIT
    Number of shells: 173
    Number of basis function: 613
    Number of Cartesian functions: 613
    Spherical Harmonics?: false
    Max angular momentum: 4

  Minimum eigenvalue in the overlap matrix is 1.3332225364E-02.
  Using Symmetric Orthogonalization.

  SCF Guess: Superposition of Atomic Densities via on-the-fly atomic UHF.

  ==> Iterations <==

                           Total Energy        Delta E     RMS |[F,P]|

   @DF-RHF iter   0:  -267.89564713701429   -2.67896e+02   2.31707e-01 
   @DF-RHF iter   1:  -266.29731653154369    1.59833e+00   2.73120e-02 
   @DF-RHF iter   2:  -266.40827938108634   -1.10963e-01   1.43815e-02 DIIS
   @DF-RHF iter   3:  -266.42569305158122   -1.74137e-02   3.55089e-03 DIIS
   @DF-RHF iter   4:  -266.42960724495236   -3.91419e-03   9.79428e-04 DIIS
   @DF-RHF iter   5:  -266.42998233484190   -3.75090e-04   3.91174e-04 DIIS
   @DF-RHF iter   6:  -266.43004477798769   -6.24431e-05   1.87927e-04 DIIS
   @DF-RHF iter   7:  -266.43005216890492   -7.39092e-06   5.30204e-05 DIIS
   @DF-RHF iter   8:  -266.43005309671673   -9.27812e-07   9.14670e-06 DIIS
   @DF-RHF iter   9:  -266.43005316229164   -6.55749e-08   2.45095e-06 DIIS
   @DF-RHF iter  10:  -266.43005316572209   -3.43044e-09   6.15970e-07 DIIS
   @DF-RHF iter  11:  -266.43005316597606   -2.53976e-10   4.05263e-07 DIIS
   @DF-RHF iter  12:  -266.43005316600772   -3.16618e-11   7.29368e-08 DIIS
   @DF-RHF iter  13:  -266.43005316601005   -2.33058e-12   1.78467e-08 DIIS
   @DF-RHF iter  14:  -266.43005316600988    1.70530e-13   4.35652e-09 DIIS

  ==> Post-Iterations <==

    Orbital Energies [Eh]
    ---------------------

    Doubly Occupied:                                                      

       1A    -20.461319     2A    -20.433368     3A    -11.300677  
       4A    -11.225491     5A    -11.168160     6A     -1.426098  
       7A     -1.308657     8A     -1.023981     9A     -0.926941  
      10A     -0.824917    11A     -0.700584    12A     -0.671676  
      13A     -0.636314    14A     -0.610708    15A     -0.584014  
      16A     -0.563979    17A     -0.535385    18A     -0.524380  
      19A     -0.452641    20A     -0.430965    21A     -0.422777  

    Virtual:                                                              

      22A      0.237373    23A      0.261863    24A      0.299157  
      25A      0.318158    26A      0.332883    27A      0.337692  
      28A      0.345171    29A      0.358371    30A      0.367868  
      31A      0.444410    32A      0.454438    33A      0.524945  
      34A      0.905655    35A      0.925641    36A      0.944011  
      37A      0.966536    38A      0.968510    39A      1.006504  
      40A      1.032817    41A      1.126623    42A      1.173728  
      43A      1.218150    44A      1.270295    45A      1.302271  
      46A      1.312174    47A      1.338543    48A      1.360289  
      49A      1.368787    50A      1.425650    51A      1.767528  
      52A      1.921089    53A      1.951008    54A      1.982639  
      55A      2.046490    56A      2.090690    57A      2.154519  
      58A      2.303422    59A      2.445384    60A      3.313974  
      61A      3.734144  

    Final Occupation by Irrep:
              A 
    DOCC [    21 ]

  Energy converged.

  @DF-RHF Final Energy:  -266.43005316600988

   => Energetics <=

    Nuclear Repulsion Energy =            195.8600100427319433
    One-Electron Energy =                -752.1140632183364687
    Two-Electron Energy =                 289.8240000095946698
    Total Energy =                       -266.4300531660098841



Properties will be evaluated at   0.000000,   0.000000,   0.000000 [a0]

Properties computed using the SCF density matrix

  Nuclear Dipole Moment: [e a0]
     X:     3.4274      Y:     0.5661      Z:     1.4759

  Electronic Dipole Moment: [e a0]
     X:    -2.3809      Y:    -0.3733      Z:    -1.3723

  Dipole Moment: [e a0]
     X:     1.0465      Y:     0.1928      Z:     0.1036     Total:     1.0691

  Dipole Moment: [D]
     X:     2.6600      Y:     0.4899      Z:     0.2633     Total:     2.7175


*** tstop() called on localhost.localdomain at Thu Feb 28 10:23:50 2019
Module time:
	user time   =      60.12 seconds =       1.00 minutes
	system time =       3.85 seconds =       0.06 minutes
	total time  =          3 seconds =       0.05 minutes
Total time:
	user time   =   12905.12 seconds =     215.09 minutes
	system time =     850.66 seconds =      14.18 minutes
	total time  =        588 seconds =       9.80 minutes

*** tstart() called on localhost.localdomain
*** at Thu Feb 28 10:23:50 2019


  //>>>>>>>>>>>>>>>>>>>>>>>>>>>>>>>>>>>//
  //               DFMP2               //
  //<<<<<<<<<<<<<<<<<<<<<<<<<<<<<<<<<<<//

   => Loading Basis Set <=

    Name: (3-21G AUX)
    Role: RIFIT
    Keyword: DF_BASIS_MP2
    atoms 1, 6, 11            entry C          line   270 file /root/psi4conda/share/psi4/basis/def2-qzvpp-ri.gbs 
    atoms 2, 9                entry O          line   406 file /root/psi4conda/share/psi4/basis/def2-qzvpp-ri.gbs 
    atoms 3-5, 7-8, 10, 12-13 entry H          line    24 file /root/psi4conda/share/psi4/basis/def2-qzvpp-ri.gbs 

	 --------------------------------------------------------
	                          DF-MP2                         
	      2nd-Order Density-Fitted Moller-Plesset Theory     
	              RMP2 Wavefunction,  40 Threads             
	                                                         
	        Rob Parrish, Justin Turney, Andy Simmonett,      
	           Ed Hohenstein, and C. David Sherrill          
	 --------------------------------------------------------

   => Auxiliary Basis Set <=

  Basis Set: (3-21G AUX)
    Blend: DEF2-QZVPP-RI
    Number of shells: 293
    Number of basis function: 1153
    Number of Cartesian functions: 1523
    Spherical Harmonics?: true
    Max angular momentum: 5

	 --------------------------------------------------------
	                 NBF =    61, NAUX =  1153
	 --------------------------------------------------------
	   CLASS    FOCC     OCC    AOCC    AVIR     VIR    FVIR
	   PAIRS       5      21      16      40      40       0
	 --------------------------------------------------------

	-----------------------------------------------------------
	 ==================> DF-MP2 Energies <==================== 
	-----------------------------------------------------------
	 Reference Energy          =    -266.4300531660098841 [Eh]
	 Singles Energy            =      -0.0000000000000014 [Eh]
	 Same-Spin Energy          =      -0.1191840019027167 [Eh]
	 Opposite-Spin Energy      =      -0.3982533643355392 [Eh]
	 Correlation Energy        =      -0.5174373662382573 [Eh]
	 Total Energy              =    -266.9474905322481391 [Eh]
	-----------------------------------------------------------
	 ================> DF-SCS-MP2 Energies <================== 
	-----------------------------------------------------------
	 SCS Same-Spin Scale       =       0.3333333333333333 [-]
	 SCS Opposite-Spin Scale   =       1.2000000000000000 [-]
	 SCS Same-Spin Energy      =      -0.0397280006342389 [Eh]
	 SCS Opposite-Spin Energy  =      -0.4779040372026470 [Eh]
	 SCS Correlation Energy    =      -0.5176320378368873 [Eh]
	 SCS Total Energy          =    -266.9476852038467882 [Eh]
	-----------------------------------------------------------


*** tstop() called on localhost.localdomain at Thu Feb 28 10:23:52 2019
Module time:
	user time   =      32.72 seconds =       0.55 minutes
	system time =       2.09 seconds =       0.03 minutes
	total time  =          2 seconds =       0.03 minutes
Total time:
	user time   =   12937.87 seconds =     215.63 minutes
	system time =     852.76 seconds =      14.21 minutes
	total time  =        590 seconds =       9.83 minutes
