  Threads set to 40 by Python driver.

*** tstart() called on localhost.localdomain
*** at Thu Feb 28 10:18:26 2019

   => Loading Basis Set <=

    Name: 3-21G
    Role: ORBITAL
    Keyword: BASIS
    atoms 1, 6, 11            entry C          line    68 file /root/psi4conda/share/psi4/basis/3-21g.gbs 
    atoms 2, 9                entry O          line    90 file /root/psi4conda/share/psi4/basis/3-21g.gbs 
    atoms 3-5, 7-8, 10, 12-13 entry H          line    21 file /root/psi4conda/share/psi4/basis/3-21g.gbs 


         ---------------------------------------------------------
                                   SCF
            by Justin Turney, Rob Parrish, Andy Simmonett
                             and Daniel Smith
                              RHF Reference
                       40 Threads,    500 MiB Core
         ---------------------------------------------------------

  ==> Geometry <==

    Molecular point group: c1
    Full point group: C1

    Geometry (in Angstrom), charge = 0, multiplicity = 1:

       Center              X                  Y                   Z               Mass       
    ------------   -----------------  -----------------  -----------------  -----------------
         C           -0.133322790374    -0.930294713810     0.061100013642    12.000000000000
         O           -1.105746887591    -0.888502088147    -0.660144842772    15.994914619560
         H            0.721951376717    -0.652501903032     2.022316941333     1.007825032070
         H           -1.055852487416    -0.460495867765     1.937203692176     1.007825032070
         H            1.175984801919     2.503780399648    -1.205200444544     1.007825032070
         C            1.244064198261     1.471130705010    -0.855848919985    12.000000000000
         H            1.304754623452     0.799484657084    -1.719535556981     1.007825032070
         H            2.147468943845     1.364747196520    -0.256245974180     1.007825032070
         O            0.156248685734     1.145750459498    -0.021604018757    15.994914619560
         H           -0.660161360518     1.162854280018    -0.535848826939     1.007825032070
         C           -0.196756139193    -1.014640398194     1.561580859341    12.000000000000
         H           -0.323865034625    -2.071627154368     1.816291360771     1.007825032070
         H            0.876278620191    -1.087452038327    -0.369668719751     1.007825032070

  Running in c1 symmetry.

  Rotational constants: A =      0.26512  B =      0.10454  C =      0.08650 [cm^-1]
  Rotational constants: A =   7948.15006  B =   3134.01147  C =   2593.32479 [MHz]
  Nuclear repulsion =  189.413137247304775

  Charge       = 0
  Multiplicity = 1
  Electrons    = 42
  Nalpha       = 21
  Nbeta        = 21

  ==> Algorithm <==

  SCF Algorithm Type is DF.
  DIIS enabled.
  MOM disabled.
  Fractional occupation disabled.
  Guess Type is SAD.
  Energy threshold   = 1.00e-08
  Density threshold  = 1.00e-08
  Integral threshold = 0.00e+00

  ==> Primary Basis <==

  Basis Set: 3-21G
    Blend: 3-21G
    Number of shells: 41
    Number of basis function: 61
    Number of Cartesian functions: 61
    Spherical Harmonics?: false
    Max angular momentum: 1

   => Loading Basis Set <=

    Name: (3-21G AUX)
    Role: JKFIT
    Keyword: DF_BASIS_SCF
    atoms 1, 6, 11            entry C          line   203 file /root/psi4conda/share/psi4/basis/def2-svp-jkfit.gbs 
    atoms 2, 9                entry O          line   323 file /root/psi4conda/share/psi4/basis/def2-svp-jkfit.gbs 
    atoms 3-5, 7-8, 10, 12-13 entry H          line    23 file /root/psi4conda/share/psi4/basis/def2-svp-jkfit.gbs 

  ==> Pre-Iterations <==

   -------------------------------------------------------
    Irrep   Nso     Nmo     Nalpha   Nbeta   Ndocc  Nsocc
   -------------------------------------------------------
     A         61      61       0       0       0       0
   -------------------------------------------------------
    Total      61      61      21      21      21       0
   -------------------------------------------------------

  ==> Integral Setup <==

  ==> DiskDFJK: Density-Fitted J/K Matrices <==

    J tasked:                  Yes
    K tasked:                  Yes
    wK tasked:                  No
    OpenMP threads:             40
    Integrals threads:          40
    Memory (MB):               375
    Algorithm:                Core
    Integral Cache:           NONE
    Schwarz Cutoff:          1E-12
    Fitting Condition:       1E-12

   => Auxiliary Basis Set <=

  Basis Set: (3-21G AUX)
    Blend: DEF2-SVP-JKFIT
    Number of shells: 173
    Number of basis function: 613
    Number of Cartesian functions: 613
    Spherical Harmonics?: false
    Max angular momentum: 4

  Minimum eigenvalue in the overlap matrix is 1.5531208147E-02.
  Using Symmetric Orthogonalization.

  SCF Guess: Superposition of Atomic Densities via on-the-fly atomic UHF.

  ==> Iterations <==

                           Total Energy        Delta E     RMS |[F,P]|

   @DF-RHF iter   0:  -268.07732103559016   -2.68077e+02   2.49644e-01 
   @DF-RHF iter   1:  -266.28921143609813    1.78811e+00   3.31683e-02 
   @DF-RHF iter   2:  -266.40330877882360   -1.14097e-01   1.55380e-02 DIIS
   @DF-RHF iter   3:  -266.43738840116748   -3.40796e-02   4.11593e-03 DIIS
   @DF-RHF iter   4:  -266.44368660466216   -6.29820e-03   1.47109e-03 DIIS
   @DF-RHF iter   5:  -266.44448783609249   -8.01231e-04   6.77905e-04 DIIS
   @DF-RHF iter   6:  -266.44462062743338   -1.32791e-04   2.44407e-04 DIIS
   @DF-RHF iter   7:  -266.44463905935294   -1.84319e-05   6.39589e-05 DIIS
   @DF-RHF iter   8:  -266.44464236417997   -3.30483e-06   2.43935e-05 DIIS
   @DF-RHF iter   9:  -266.44464286862478   -5.04445e-07   8.57097e-06 DIIS
   @DF-RHF iter  10:  -266.44464295211458   -8.34898e-08   5.26902e-06 DIIS
   @DF-RHF iter  11:  -266.44464296674732   -1.46327e-08   1.61796e-06 DIIS
   @DF-RHF iter  12:  -266.44464296824754   -1.50021e-09   2.78857e-07 DIIS
   @DF-RHF iter  13:  -266.44464296830506   -5.75255e-11   6.40185e-08 DIIS
   @DF-RHF iter  14:  -266.44464296830648   -1.42109e-12   1.77266e-08 DIIS
   @DF-RHF iter  15:  -266.44464296830665   -1.70530e-13   6.29390e-09 DIIS

  ==> Post-Iterations <==

    Orbital Energies [Eh]
    ---------------------

    Doubly Occupied:                                                      

       1A    -20.468660     2A    -20.411238     3A    -11.271319  
       4A    -11.229909     5A    -11.159750     6A     -1.397563  
       7A     -1.362102     8A     -1.001649     9A     -0.943389  
      10A     -0.784408    11A     -0.703170    12A     -0.653412  
      13A     -0.645735    14A     -0.615454    15A     -0.588027  
      16A     -0.571385    17A     -0.533683    18A     -0.503852  
      19A     -0.494774    20A     -0.421343    21A     -0.381545  

    Virtual:                                                              

      22A      0.202636    23A      0.251558    24A      0.295975  
      25A      0.313694    26A      0.325782    27A      0.336976  
      28A      0.342386    29A      0.361625    30A      0.366300  
      31A      0.430023    32A      0.480246    33A      0.568463  
      34A      0.929017    35A      0.940315    36A      0.955232  
      37A      0.969357    38A      1.008848    39A      1.020596  
      40A      1.115002    41A      1.130823    42A      1.181995  
      43A      1.235039    44A      1.278577    45A      1.305762  
      46A      1.340061    47A      1.355220    48A      1.365737  
      49A      1.381713    50A      1.426742    51A      1.695176  
      52A      1.841498    53A      1.939991    54A      1.951019  
      55A      2.028493    56A      2.074435    57A      2.092738  
      58A      2.164501    59A      2.388321    60A      3.378590  
      61A      3.668506  

    Final Occupation by Irrep:
              A 
    DOCC [    21 ]

  Energy converged.

  @DF-RHF Final Energy:  -266.44464296830665

   => Energetics <=

    Nuclear Repulsion Energy =            189.4131372473047747
    One-Electron Energy =                -739.4308257422777615
    Two-Electron Energy =                 283.5730455266663057
    Total Energy =                       -266.4446429683066526



Properties will be evaluated at   0.000000,   0.000000,   0.000000 [a0]

Properties computed using the SCF density matrix

  Nuclear Dipole Moment: [e a0]
     X:     3.9202      Y:     1.4626      Z:     1.5804

  Electronic Dipole Moment: [e a0]
     X:    -2.9159      Y:    -1.0004      Z:    -1.5361

  Dipole Moment: [e a0]
     X:     1.0043      Y:     0.4622      Z:     0.0443     Total:     1.1064

  Dipole Moment: [D]
     X:     2.5526      Y:     1.1748      Z:     0.1125     Total:     2.8122


*** tstop() called on localhost.localdomain at Thu Feb 28 10:18:29 2019
Module time:
	user time   =      59.95 seconds =       1.00 minutes
	system time =       4.50 seconds =       0.07 minutes
	total time  =          3 seconds =       0.05 minutes
Total time:
	user time   =    5854.10 seconds =      97.57 minutes
	system time =     385.62 seconds =       6.43 minutes
	total time  =        267 seconds =       4.45 minutes

*** tstart() called on localhost.localdomain
*** at Thu Feb 28 10:18:29 2019


  //>>>>>>>>>>>>>>>>>>>>>>>>>>>>>>>>>>>//
  //               DFMP2               //
  //<<<<<<<<<<<<<<<<<<<<<<<<<<<<<<<<<<<//

   => Loading Basis Set <=

    Name: (3-21G AUX)
    Role: RIFIT
    Keyword: DF_BASIS_MP2
    atoms 1, 6, 11            entry C          line   270 file /root/psi4conda/share/psi4/basis/def2-qzvpp-ri.gbs 
    atoms 2, 9                entry O          line   406 file /root/psi4conda/share/psi4/basis/def2-qzvpp-ri.gbs 
    atoms 3-5, 7-8, 10, 12-13 entry H          line    24 file /root/psi4conda/share/psi4/basis/def2-qzvpp-ri.gbs 

	 --------------------------------------------------------
	                          DF-MP2                         
	      2nd-Order Density-Fitted Moller-Plesset Theory     
	              RMP2 Wavefunction,  40 Threads             
	                                                         
	        Rob Parrish, Justin Turney, Andy Simmonett,      
	           Ed Hohenstein, and C. David Sherrill          
	 --------------------------------------------------------

   => Auxiliary Basis Set <=

  Basis Set: (3-21G AUX)
    Blend: DEF2-QZVPP-RI
    Number of shells: 293
    Number of basis function: 1153
    Number of Cartesian functions: 1523
    Spherical Harmonics?: true
    Max angular momentum: 5

	 --------------------------------------------------------
	                 NBF =    61, NAUX =  1153
	 --------------------------------------------------------
	   CLASS    FOCC     OCC    AOCC    AVIR     VIR    FVIR
	   PAIRS       5      21      16      40      40       0
	 --------------------------------------------------------

	-----------------------------------------------------------
	 ==================> DF-MP2 Energies <==================== 
	-----------------------------------------------------------
	 Reference Energy          =    -266.4446429683066526 [Eh]
	 Singles Energy            =      -0.0000000000000034 [Eh]
	 Same-Spin Energy          =      -0.1194657951736220 [Eh]
	 Opposite-Spin Energy      =      -0.3988907861572960 [Eh]
	 Correlation Energy        =      -0.5183565813309213 [Eh]
	 Total Energy              =    -266.9629995496375727 [Eh]
	-----------------------------------------------------------
	 ================> DF-SCS-MP2 Energies <================== 
	-----------------------------------------------------------
	 SCS Same-Spin Scale       =       0.3333333333333333 [-]
	 SCS Opposite-Spin Scale   =       1.2000000000000000 [-]
	 SCS Same-Spin Energy      =      -0.0398219317245407 [Eh]
	 SCS Opposite-Spin Energy  =      -0.4786689433887551 [Eh]
	 SCS Correlation Energy    =      -0.5184908751132992 [Eh]
	 SCS Total Energy          =    -266.9631338434199392 [Eh]
	-----------------------------------------------------------


*** tstop() called on localhost.localdomain at Thu Feb 28 10:18:31 2019
Module time:
	user time   =      33.83 seconds =       0.56 minutes
	system time =       1.91 seconds =       0.03 minutes
	total time  =          2 seconds =       0.03 minutes
Total time:
	user time   =    5887.96 seconds =      98.13 minutes
	system time =     387.54 seconds =       6.46 minutes
	total time  =        269 seconds =       4.48 minutes
