  Threads set to 40 by Python driver.

*** tstart() called on localhost.localdomain
*** at Thu Feb 28 10:19:22 2019

   => Loading Basis Set <=

    Name: 3-21G
    Role: ORBITAL
    Keyword: BASIS
    atoms 1, 6, 11            entry C          line    68 file /root/psi4conda/share/psi4/basis/3-21g.gbs 
    atoms 2, 9                entry O          line    90 file /root/psi4conda/share/psi4/basis/3-21g.gbs 
    atoms 3-5, 7-8, 10, 12-13 entry H          line    21 file /root/psi4conda/share/psi4/basis/3-21g.gbs 


         ---------------------------------------------------------
                                   SCF
            by Justin Turney, Rob Parrish, Andy Simmonett
                             and Daniel Smith
                              RHF Reference
                       40 Threads,    500 MiB Core
         ---------------------------------------------------------

  ==> Geometry <==

    Molecular point group: c1
    Full point group: C1

    Geometry (in Angstrom), charge = 0, multiplicity = 1:

       Center              X                  Y                   Z               Mass       
    ------------   -----------------  -----------------  -----------------  -----------------
         C           -0.117938298612    -0.878857687090     0.062912966772    12.000000000000
         O           -1.097948214703    -0.861546409308    -0.659666050119    15.994914619560
         H            0.724669692962    -0.671073909630     2.048034515247     1.007825032070
         H           -1.051169796834    -0.460529857447     1.947286198024     1.007825032070
         H            1.133952883812     2.493548949738    -1.173864471824     1.007825032070
         C            1.232482169726     1.456636690945    -0.847476365814    12.000000000000
         H            1.313850958314     0.803019819311    -1.722655602632     1.007825032070
         H            2.132089837323     1.363212792753    -0.240811253352     1.007825032070
         O            0.144282976618     1.089354581124    -0.031734900703    15.994914619560
         H           -0.669784961551     1.099555058775    -0.553524147503     1.007825032070
         C           -0.191243231591    -1.007079240159     1.561973141456    12.000000000000
         H           -0.332140002675    -2.071178450728     1.775270920029     1.007825032070
         H            0.890308236523    -1.060431038277    -0.363185951099     1.007825032070

  Running in c1 symmetry.

  Rotational constants: A =      0.27000  B =      0.10821  C =      0.08885 [cm^-1]
  Rotational constants: A =   8094.41648  B =   3243.92210  C =   2663.61363 [MHz]
  Nuclear repulsion =  191.261419004910238

  Charge       = 0
  Multiplicity = 1
  Electrons    = 42
  Nalpha       = 21
  Nbeta        = 21

  ==> Algorithm <==

  SCF Algorithm Type is DF.
  DIIS enabled.
  MOM disabled.
  Fractional occupation disabled.
  Guess Type is SAD.
  Energy threshold   = 1.00e-08
  Density threshold  = 1.00e-08
  Integral threshold = 0.00e+00

  ==> Primary Basis <==

  Basis Set: 3-21G
    Blend: 3-21G
    Number of shells: 41
    Number of basis function: 61
    Number of Cartesian functions: 61
    Spherical Harmonics?: false
    Max angular momentum: 1

   => Loading Basis Set <=

    Name: (3-21G AUX)
    Role: JKFIT
    Keyword: DF_BASIS_SCF
    atoms 1, 6, 11            entry C          line   203 file /root/psi4conda/share/psi4/basis/def2-svp-jkfit.gbs 
    atoms 2, 9                entry O          line   323 file /root/psi4conda/share/psi4/basis/def2-svp-jkfit.gbs 
    atoms 3-5, 7-8, 10, 12-13 entry H          line    23 file /root/psi4conda/share/psi4/basis/def2-svp-jkfit.gbs 

  ==> Pre-Iterations <==

   -------------------------------------------------------
    Irrep   Nso     Nmo     Nalpha   Nbeta   Ndocc  Nsocc
   -------------------------------------------------------
     A         61      61       0       0       0       0
   -------------------------------------------------------
    Total      61      61      21      21      21       0
   -------------------------------------------------------

  ==> Integral Setup <==

  ==> DiskDFJK: Density-Fitted J/K Matrices <==

    J tasked:                  Yes
    K tasked:                  Yes
    wK tasked:                  No
    OpenMP threads:             40
    Integrals threads:          40
    Memory (MB):               375
    Algorithm:                Core
    Integral Cache:           NONE
    Schwarz Cutoff:          1E-12
    Fitting Condition:       1E-12

   => Auxiliary Basis Set <=

  Basis Set: (3-21G AUX)
    Blend: DEF2-SVP-JKFIT
    Number of shells: 173
    Number of basis function: 613
    Number of Cartesian functions: 613
    Spherical Harmonics?: false
    Max angular momentum: 4

  Minimum eigenvalue in the overlap matrix is 1.5074564104E-02.
  Using Symmetric Orthogonalization.

  SCF Guess: Superposition of Atomic Densities via on-the-fly atomic UHF.

  ==> Iterations <==

                           Total Energy        Delta E     RMS |[F,P]|

   @DF-RHF iter   0:  -268.41655007721209   -2.68417e+02   2.94939e-01 
   @DF-RHF iter   1:  -266.27950454880431    2.13705e+00   4.38250e-02 
   @DF-RHF iter   2:  -266.39454345793433   -1.15039e-01   2.04643e-02 DIIS
   @DF-RHF iter   3:  -266.43186445346282   -3.73210e-02   4.69062e-03 DIIS
   @DF-RHF iter   4:  -266.43647585213330   -4.61140e-03   1.35952e-03 DIIS
   @DF-RHF iter   5:  -266.43724215783806   -7.66306e-04   5.85855e-04 DIIS
   @DF-RHF iter   6:  -266.43743266679792   -1.90509e-04   2.77836e-04 DIIS
   @DF-RHF iter   7:  -266.43745641619176   -2.37494e-05   8.94300e-05 DIIS
   @DF-RHF iter   8:  -266.43746006932008   -3.65313e-06   2.33450e-05 DIIS
   @DF-RHF iter   9:  -266.43746039910951   -3.29789e-07   1.07510e-05 DIIS
   @DF-RHF iter  10:  -266.43746045568071   -5.65712e-08   3.38911e-06 DIIS
   @DF-RHF iter  11:  -266.43746046779347   -1.21128e-08   9.94723e-07 DIIS
   @DF-RHF iter  12:  -266.43746046872479   -9.31323e-10   2.91197e-07 DIIS
   @DF-RHF iter  13:  -266.43746046876305   -3.82556e-11   6.95431e-08 DIIS
   @DF-RHF iter  14:  -266.43746046876493   -1.87583e-12   2.74644e-08 DIIS
   @DF-RHF iter  15:  -266.43746046876481    1.13687e-13   7.93255e-09 DIIS

  ==> Post-Iterations <==

    Orbital Energies [Eh]
    ---------------------

    Doubly Occupied:                                                      

       1A    -20.478444     2A    -20.397146     3A    -11.272185  
       4A    -11.234241     5A    -11.158232     6A     -1.406717  
       7A     -1.353286     8A     -1.000261     9A     -0.949300  
      10A     -0.786869    11A     -0.710619    12A     -0.655836  
      13A     -0.648285    14A     -0.619185    15A     -0.580622  
      16A     -0.570386    17A     -0.530650    18A     -0.509049  
      19A     -0.499499    20A     -0.412936    21A     -0.374342  

    Virtual:                                                              

      22A      0.211804    23A      0.250722    24A      0.296661  
      25A      0.313654    26A      0.323999    27A      0.333784  
      28A      0.342414    29A      0.363239    30A      0.364553  
      31A      0.427247    32A      0.478477    33A      0.572580  
      34A      0.927736    35A      0.937405    36A      0.948558  
      37A      0.968473    38A      1.010665    39A      1.022516  
      40A      1.114459    41A      1.135361    42A      1.187732  
      43A      1.232565    44A      1.275433    45A      1.302838  
      46A      1.340757    47A      1.358692    48A      1.366124  
      49A      1.380816    50A      1.432942    51A      1.728759  
      52A      1.841469    53A      1.947002    54A      1.950460  
      55A      2.041057    56A      2.080394    57A      2.097315  
      58A      2.174033    59A      2.411998    60A      3.388125  
      61A      3.696922  

    Final Occupation by Irrep:
              A 
    DOCC [    21 ]

  Energy converged.

  @DF-RHF Final Energy:  -266.43746046876481

   => Energetics <=

    Nuclear Repulsion Energy =            191.2614190049102376
    One-Electron Energy =                -743.1015751239342535
    Two-Electron Energy =                 285.4026956502591474
    Total Energy =                       -266.4374604687648116



Properties will be evaluated at   0.000000,   0.000000,   0.000000 [a0]

Properties computed using the SCF density matrix

  Nuclear Dipole Moment: [e a0]
     X:     3.8782      Y:     1.4037      Z:     1.6059

  Electronic Dipole Moment: [e a0]
     X:    -2.7986      Y:    -0.8178      Z:    -1.5537

  Dipole Moment: [e a0]
     X:     1.0796      Y:     0.5859      Z:     0.0521     Total:     1.2294

  Dipole Moment: [D]
     X:     2.7441      Y:     1.4891      Z:     0.1325     Total:     3.1249


*** tstop() called on localhost.localdomain at Thu Feb 28 10:19:25 2019
Module time:
	user time   =      61.52 seconds =       1.03 minutes
	system time =       4.67 seconds =       0.08 minutes
	total time  =          3 seconds =       0.05 minutes
Total time:
	user time   =    7083.71 seconds =     118.06 minutes
	system time =     470.16 seconds =       7.84 minutes
	total time  =        323 seconds =       5.38 minutes

*** tstart() called on localhost.localdomain
*** at Thu Feb 28 10:19:25 2019


  //>>>>>>>>>>>>>>>>>>>>>>>>>>>>>>>>>>>//
  //               DFMP2               //
  //<<<<<<<<<<<<<<<<<<<<<<<<<<<<<<<<<<<//

   => Loading Basis Set <=

    Name: (3-21G AUX)
    Role: RIFIT
    Keyword: DF_BASIS_MP2
    atoms 1, 6, 11            entry C          line   270 file /root/psi4conda/share/psi4/basis/def2-qzvpp-ri.gbs 
    atoms 2, 9                entry O          line   406 file /root/psi4conda/share/psi4/basis/def2-qzvpp-ri.gbs 
    atoms 3-5, 7-8, 10, 12-13 entry H          line    24 file /root/psi4conda/share/psi4/basis/def2-qzvpp-ri.gbs 

	 --------------------------------------------------------
	                          DF-MP2                         
	      2nd-Order Density-Fitted Moller-Plesset Theory     
	              RMP2 Wavefunction,  40 Threads             
	                                                         
	        Rob Parrish, Justin Turney, Andy Simmonett,      
	           Ed Hohenstein, and C. David Sherrill          
	 --------------------------------------------------------

   => Auxiliary Basis Set <=

  Basis Set: (3-21G AUX)
    Blend: DEF2-QZVPP-RI
    Number of shells: 293
    Number of basis function: 1153
    Number of Cartesian functions: 1523
    Spherical Harmonics?: true
    Max angular momentum: 5

	 --------------------------------------------------------
	                 NBF =    61, NAUX =  1153
	 --------------------------------------------------------
	   CLASS    FOCC     OCC    AOCC    AVIR     VIR    FVIR
	   PAIRS       5      21      16      40      40       0
	 --------------------------------------------------------

	-----------------------------------------------------------
	 ==================> DF-MP2 Energies <==================== 
	-----------------------------------------------------------
	 Reference Energy          =    -266.4374604687648116 [Eh]
	 Singles Energy            =      -0.0000000000000041 [Eh]
	 Same-Spin Energy          =      -0.1201386409861217 [Eh]
	 Opposite-Spin Energy      =      -0.3989980209697436 [Eh]
	 Correlation Energy        =      -0.5191366619558694 [Eh]
	 Total Energy              =    -266.9565971307206951 [Eh]
	-----------------------------------------------------------
	 ================> DF-SCS-MP2 Energies <================== 
	-----------------------------------------------------------
	 SCS Same-Spin Scale       =       0.3333333333333333 [-]
	 SCS Opposite-Spin Scale   =       1.2000000000000000 [-]
	 SCS Same-Spin Energy      =      -0.0400462136620406 [Eh]
	 SCS Opposite-Spin Energy  =      -0.4787976251636923 [Eh]
	 SCS Correlation Energy    =      -0.5188438388257369 [Eh]
	 SCS Total Energy          =    -266.9563043075905284 [Eh]
	-----------------------------------------------------------


*** tstop() called on localhost.localdomain at Thu Feb 28 10:19:27 2019
Module time:
	user time   =      33.44 seconds =       0.56 minutes
	system time =       1.85 seconds =       0.03 minutes
	total time  =          2 seconds =       0.03 minutes
Total time:
	user time   =    7117.19 seconds =     118.62 minutes
	system time =     472.01 seconds =       7.87 minutes
	total time  =        325 seconds =       5.42 minutes
