  Threads set to 40 by Python driver.

*** tstart() called on localhost.localdomain
*** at Thu Feb 28 10:14:41 2019

   => Loading Basis Set <=

    Name: 3-21G
    Role: ORBITAL
    Keyword: BASIS
    atoms 1, 6, 11            entry C          line    68 file /root/psi4conda/share/psi4/basis/3-21g.gbs 
    atoms 2, 9                entry O          line    90 file /root/psi4conda/share/psi4/basis/3-21g.gbs 
    atoms 3-5, 7-8, 10, 12-13 entry H          line    21 file /root/psi4conda/share/psi4/basis/3-21g.gbs 


         ---------------------------------------------------------
                                   SCF
            by Justin Turney, Rob Parrish, Andy Simmonett
                             and Daniel Smith
                              RHF Reference
                       40 Threads,    500 MiB Core
         ---------------------------------------------------------

  ==> Geometry <==

    Molecular point group: c1
    Full point group: C1

    Geometry (in Angstrom), charge = 0, multiplicity = 1:

       Center              X                  Y                   Z               Mass       
    ------------   -----------------  -----------------  -----------------  -----------------
         C           -0.182618898910    -1.110992684652     0.064238395346    12.000000000000
         O           -1.137579552671    -0.992494597765    -0.659536313592    15.994914619560
         H            0.656120832476    -0.563561131974     1.950519144841     1.007825032070
         H           -1.131353739072    -0.541999178479     1.892857992467     1.007825032070
         H            1.296692202324     2.530924199151    -1.342748366363     1.007825032070
         C            1.285721435335     1.531349436764    -0.898808971471    12.000000000000
         H            1.247880893897     0.785342105538    -1.700393401773     1.007825032070
         H            2.208591494073     1.393920524498    -0.335352520015     1.007825032070
         O            0.217663694853     1.374845082176     0.014840119283    15.994914619560
         H           -0.610701295340     1.347519427758    -0.472729287205     1.007825032070
         C           -0.232811151397    -1.060691333770     1.562541983759    12.000000000000
         H           -0.248573292032    -2.087582485733     1.942216037968     1.007825032070
         H            0.818664707316    -1.308388949224    -0.370403989080     1.007825032070

  Running in c1 symmetry.

  Rotational constants: A =      0.24936  B =      0.09071  C =      0.07723 [cm^-1]
  Rotational constants: A =   7475.49436  B =   2719.45384  C =   2315.29073 [MHz]
  Nuclear repulsion =  182.669831991397530

  Charge       = 0
  Multiplicity = 1
  Electrons    = 42
  Nalpha       = 21
  Nbeta        = 21

  ==> Algorithm <==

  SCF Algorithm Type is DF.
  DIIS enabled.
  MOM disabled.
  Fractional occupation disabled.
  Guess Type is SAD.
  Energy threshold   = 1.00e-08
  Density threshold  = 1.00e-08
  Integral threshold = 0.00e+00

  ==> Primary Basis <==

  Basis Set: 3-21G
    Blend: 3-21G
    Number of shells: 41
    Number of basis function: 61
    Number of Cartesian functions: 61
    Spherical Harmonics?: false
    Max angular momentum: 1

   => Loading Basis Set <=

    Name: (3-21G AUX)
    Role: JKFIT
    Keyword: DF_BASIS_SCF
    atoms 1, 6, 11            entry C          line   203 file /root/psi4conda/share/psi4/basis/def2-svp-jkfit.gbs 
    atoms 2, 9                entry O          line   323 file /root/psi4conda/share/psi4/basis/def2-svp-jkfit.gbs 
    atoms 3-5, 7-8, 10, 12-13 entry H          line    23 file /root/psi4conda/share/psi4/basis/def2-svp-jkfit.gbs 

  ==> Pre-Iterations <==

   -------------------------------------------------------
    Irrep   Nso     Nmo     Nalpha   Nbeta   Ndocc  Nsocc
   -------------------------------------------------------
     A         61      61       0       0       0       0
   -------------------------------------------------------
    Total      61      61      21      21      21       0
   -------------------------------------------------------

  ==> Integral Setup <==

  ==> DiskDFJK: Density-Fitted J/K Matrices <==

    J tasked:                  Yes
    K tasked:                  Yes
    wK tasked:                  No
    OpenMP threads:             40
    Integrals threads:          40
    Memory (MB):               375
    Algorithm:                Core
    Integral Cache:           NONE
    Schwarz Cutoff:          1E-12
    Fitting Condition:       1E-12

   => Auxiliary Basis Set <=

  Basis Set: (3-21G AUX)
    Blend: DEF2-SVP-JKFIT
    Number of shells: 173
    Number of basis function: 613
    Number of Cartesian functions: 613
    Spherical Harmonics?: false
    Max angular momentum: 4

  Minimum eigenvalue in the overlap matrix is 1.6466541058E-02.
  Using Symmetric Orthogonalization.

  SCF Guess: Superposition of Atomic Densities via on-the-fly atomic UHF.

  ==> Iterations <==

                           Total Energy        Delta E     RMS |[F,P]|

   @DF-RHF iter   0:  -267.85730896417516   -2.67857e+02   2.03266e-01 
   @DF-RHF iter   1:  -266.29071001437592    1.56660e+00   3.92648e-02 
   @DF-RHF iter   2:  -266.41081158480694   -1.20102e-01   1.90244e-02 DIIS
   @DF-RHF iter   3:  -266.45255968306697   -4.17481e-02   3.90575e-03 DIIS
   @DF-RHF iter   4:  -266.45666241694352   -4.10273e-03   1.44373e-03 DIIS
   @DF-RHF iter   5:  -266.45717757658485   -5.15160e-04   6.13577e-04 DIIS
   @DF-RHF iter   6:  -266.45731502795763   -1.37451e-04   2.56314e-04 DIIS
   @DF-RHF iter   7:  -266.45734617910546   -3.11511e-05   1.02562e-04 DIIS
   @DF-RHF iter   8:  -266.45735463640278   -8.45730e-06   4.75890e-05 DIIS
   @DF-RHF iter   9:  -266.45735616597898   -1.52958e-06   1.03981e-05 DIIS
   @DF-RHF iter  10:  -266.45735628990508   -1.23926e-07   4.15316e-06 DIIS
   @DF-RHF iter  11:  -266.45735629577956   -5.87448e-09   1.05623e-06 DIIS
   @DF-RHF iter  12:  -266.45735629647959   -7.00027e-10   3.21633e-07 DIIS
   @DF-RHF iter  13:  -266.45735629652535   -4.57590e-11   6.84511e-08 DIIS
   @DF-RHF iter  14:  -266.45735629652796   -2.61480e-12   1.10869e-08 DIIS
   @DF-RHF iter  15:  -266.45735629652756    3.97904e-13   5.98491e-09 DIIS

  ==> Post-Iterations <==

    Orbital Energies [Eh]
    ---------------------

    Doubly Occupied:                                                      

       1A    -20.451462     2A    -20.443950     3A    -11.274134  
       4A    -11.221365     5A    -11.165194     6A     -1.399648  
       7A     -1.360447     8A     -1.007717     9A     -0.931889  
      10A     -0.785638    11A     -0.687542    12A     -0.661331  
      13A     -0.634007    14A     -0.606049    15A     -0.599714  
      16A     -0.578618    17A     -0.541271    18A     -0.495479  
      19A     -0.485498    20A     -0.436833    21A     -0.399683  

    Virtual:                                                              

      22A      0.179693    23A      0.253551    24A      0.292868  
      25A      0.312177    26A      0.324964    27A      0.337687  
      28A      0.346563    29A      0.353608    30A      0.365256  
      31A      0.433423    32A      0.477908    33A      0.554372  
      34A      0.908628    35A      0.945949    36A      0.959245  
      37A      0.969194    38A      0.997623    39A      1.009116  
      40A      1.096564    41A      1.115160    42A      1.164895  
      43A      1.231102    44A      1.283400    45A      1.310509  
      46A      1.333451    47A      1.344506    48A      1.360424  
      49A      1.381427    50A      1.403350    51A      1.640797  
      52A      1.852515    53A      1.920319    54A      1.955982  
      55A      1.982152    56A      2.036328    57A      2.050579  
      58A      2.152384    59A      2.253941    60A      3.341294  
      61A      3.550545  

    Final Occupation by Irrep:
              A 
    DOCC [    21 ]

  Energy converged.

  @DF-RHF Final Energy:  -266.45735629652756

   => Energetics <=

    Nuclear Repulsion Energy =            182.6698319913975297
    One-Electron Energy =                -725.9194423144356278
    Two-Electron Energy =                 276.7922540265104772
    Total Energy =                       -266.4573562965275642



Properties will be evaluated at   0.000000,   0.000000,   0.000000 [a0]

Properties computed using the SCF density matrix

  Nuclear Dipole Moment: [e a0]
     X:     3.9679      Y:     1.4607      Z:     1.4631

  Electronic Dipole Moment: [e a0]
     X:    -3.1206      Y:    -1.3566      Z:    -1.4465

  Dipole Moment: [e a0]
     X:     0.8473      Y:     0.1041      Z:     0.0166     Total:     0.8539

  Dipole Moment: [D]
     X:     2.1537      Y:     0.2646      Z:     0.0421     Total:     2.1703


*** tstop() called on localhost.localdomain at Thu Feb 28 10:14:44 2019
Module time:
	user time   =      60.88 seconds =       1.01 minutes
	system time =       3.88 seconds =       0.06 minutes
	total time  =          3 seconds =       0.05 minutes
Total time:
	user time   =     914.28 seconds =      15.24 minutes
	system time =      59.20 seconds =       0.99 minutes
	total time  =         42 seconds =       0.70 minutes

*** tstart() called on localhost.localdomain
*** at Thu Feb 28 10:14:44 2019


  //>>>>>>>>>>>>>>>>>>>>>>>>>>>>>>>>>>>//
  //               DFMP2               //
  //<<<<<<<<<<<<<<<<<<<<<<<<<<<<<<<<<<<//

   => Loading Basis Set <=

    Name: (3-21G AUX)
    Role: RIFIT
    Keyword: DF_BASIS_MP2
    atoms 1, 6, 11            entry C          line   270 file /root/psi4conda/share/psi4/basis/def2-qzvpp-ri.gbs 
    atoms 2, 9                entry O          line   406 file /root/psi4conda/share/psi4/basis/def2-qzvpp-ri.gbs 
    atoms 3-5, 7-8, 10, 12-13 entry H          line    24 file /root/psi4conda/share/psi4/basis/def2-qzvpp-ri.gbs 

	 --------------------------------------------------------
	                          DF-MP2                         
	      2nd-Order Density-Fitted Moller-Plesset Theory     
	              RMP2 Wavefunction,  40 Threads             
	                                                         
	        Rob Parrish, Justin Turney, Andy Simmonett,      
	           Ed Hohenstein, and C. David Sherrill          
	 --------------------------------------------------------

   => Auxiliary Basis Set <=

  Basis Set: (3-21G AUX)
    Blend: DEF2-QZVPP-RI
    Number of shells: 293
    Number of basis function: 1153
    Number of Cartesian functions: 1523
    Spherical Harmonics?: true
    Max angular momentum: 5

	 --------------------------------------------------------
	                 NBF =    61, NAUX =  1153
	 --------------------------------------------------------
	   CLASS    FOCC     OCC    AOCC    AVIR     VIR    FVIR
	   PAIRS       5      21      16      40      40       0
	 --------------------------------------------------------

	-----------------------------------------------------------
	 ==================> DF-MP2 Energies <==================== 
	-----------------------------------------------------------
	 Reference Energy          =    -266.4573562965275642 [Eh]
	 Singles Energy            =      -0.0000000000000011 [Eh]
	 Same-Spin Energy          =      -0.1178395853521153 [Eh]
	 Opposite-Spin Energy      =      -0.3984239237301028 [Eh]
	 Correlation Energy        =      -0.5162635090822192 [Eh]
	 Total Energy              =    -266.9736198056097578 [Eh]
	-----------------------------------------------------------
	 ================> DF-SCS-MP2 Energies <================== 
	-----------------------------------------------------------
	 SCS Same-Spin Scale       =       0.3333333333333333 [-]
	 SCS Opposite-Spin Scale   =       1.2000000000000000 [-]
	 SCS Same-Spin Energy      =      -0.0392798617840384 [Eh]
	 SCS Opposite-Spin Energy  =      -0.4781087084761234 [Eh]
	 SCS Correlation Energy    =      -0.5173885702601628 [Eh]
	 SCS Total Energy          =    -266.9747448667877165 [Eh]
	-----------------------------------------------------------


*** tstop() called on localhost.localdomain at Thu Feb 28 10:14:45 2019
Module time:
	user time   =      33.62 seconds =       0.56 minutes
	system time =       2.20 seconds =       0.04 minutes
	total time  =          1 seconds =       0.02 minutes
Total time:
	user time   =     947.93 seconds =      15.80 minutes
	system time =      61.40 seconds =       1.02 minutes
	total time  =         43 seconds =       0.72 minutes
