  Threads set to 40 by Python driver.

*** tstart() called on localhost.localdomain
*** at Thu Feb 28 10:20:15 2019

   => Loading Basis Set <=

    Name: 3-21G
    Role: ORBITAL
    Keyword: BASIS
    atoms 1, 6, 11            entry C          line    68 file /root/psi4conda/share/psi4/basis/3-21g.gbs 
    atoms 2, 9                entry O          line    90 file /root/psi4conda/share/psi4/basis/3-21g.gbs 
    atoms 3-5, 7-8, 10, 12-13 entry H          line    21 file /root/psi4conda/share/psi4/basis/3-21g.gbs 


         ---------------------------------------------------------
                                   SCF
            by Justin Turney, Rob Parrish, Andy Simmonett
                             and Daniel Smith
                              RHF Reference
                       40 Threads,    500 MiB Core
         ---------------------------------------------------------

  ==> Geometry <==

    Molecular point group: c1
    Full point group: C1

    Geometry (in Angstrom), charge = 0, multiplicity = 1:

       Center              X                  Y                   Z               Mass       
    ------------   -----------------  -----------------  -----------------  -----------------
         C           -0.101591882699    -0.831935391420     0.066129200604    12.000000000000
         O           -1.091530259949    -0.834998571609    -0.659353123922    15.994914619560
         H            0.723928392140    -0.688182522579     2.073373575146     1.007825032070
         H           -1.049568374536    -0.462633006194     1.952768840173     1.007825032070
         H            1.092614373823     2.482961405780    -1.145612655531     1.007825032070
         C            1.221946725530     1.443765170674    -0.840617861099    12.000000000000
         H            1.319928716149     0.807053740981    -1.725729353816     1.007825032070
         H            2.118394378810     1.362360432457    -0.228462734402     1.007825032070
         O            0.133299004825     1.039007471751    -0.041196491766    15.994914619560
         H           -0.675675008567     1.022958707058    -0.576544330172     1.007825032070
         C           -0.186918554083    -1.001891037267     1.562660896455    12.000000000000
         H           -0.339088276021    -2.070771209205     1.738908981697     1.007825032070
         H            0.903025211060    -1.047124263854    -0.355103332611     1.007825032070

  Running in c1 symmetry.

  Rotational constants: A =      0.27457  B =      0.11158  C =      0.09097 [cm^-1]
  Rotational constants: A =   8231.35035  B =   3345.02213  C =   2727.18978 [MHz]
  Nuclear repulsion =  192.971850801496430

  Charge       = 0
  Multiplicity = 1
  Electrons    = 42
  Nalpha       = 21
  Nbeta        = 21

  ==> Algorithm <==

  SCF Algorithm Type is DF.
  DIIS enabled.
  MOM disabled.
  Fractional occupation disabled.
  Guess Type is SAD.
  Energy threshold   = 1.00e-08
  Density threshold  = 1.00e-08
  Integral threshold = 0.00e+00

  ==> Primary Basis <==

  Basis Set: 3-21G
    Blend: 3-21G
    Number of shells: 41
    Number of basis function: 61
    Number of Cartesian functions: 61
    Spherical Harmonics?: false
    Max angular momentum: 1

   => Loading Basis Set <=

    Name: (3-21G AUX)
    Role: JKFIT
    Keyword: DF_BASIS_SCF
    atoms 1, 6, 11            entry C          line   203 file /root/psi4conda/share/psi4/basis/def2-svp-jkfit.gbs 
    atoms 2, 9                entry O          line   323 file /root/psi4conda/share/psi4/basis/def2-svp-jkfit.gbs 
    atoms 3-5, 7-8, 10, 12-13 entry H          line    23 file /root/psi4conda/share/psi4/basis/def2-svp-jkfit.gbs 

  ==> Pre-Iterations <==

   -------------------------------------------------------
    Irrep   Nso     Nmo     Nalpha   Nbeta   Ndocc  Nsocc
   -------------------------------------------------------
     A         61      61       0       0       0       0
   -------------------------------------------------------
    Total      61      61      21      21      21       0
   -------------------------------------------------------

  ==> Integral Setup <==

  ==> DiskDFJK: Density-Fitted J/K Matrices <==

    J tasked:                  Yes
    K tasked:                  Yes
    wK tasked:                  No
    OpenMP threads:             40
    Integrals threads:          40
    Memory (MB):               375
    Algorithm:                Core
    Integral Cache:           NONE
    Schwarz Cutoff:          1E-12
    Fitting Condition:       1E-12

   => Auxiliary Basis Set <=

  Basis Set: (3-21G AUX)
    Blend: DEF2-SVP-JKFIT
    Number of shells: 173
    Number of basis function: 613
    Number of Cartesian functions: 613
    Spherical Harmonics?: false
    Max angular momentum: 4

  Minimum eigenvalue in the overlap matrix is 1.4589245217E-02.
  Using Symmetric Orthogonalization.

  SCF Guess: Superposition of Atomic Densities via on-the-fly atomic UHF.

  ==> Iterations <==

                           Total Energy        Delta E     RMS |[F,P]|

   @DF-RHF iter   0:  -267.79805571640327   -2.67798e+02   1.70175e-01 
   @DF-RHF iter   1:  -266.28788438529955    1.51017e+00   3.37552e-02 
   @DF-RHF iter   2:  -266.39779087377872   -1.09906e-01   1.28757e-02 DIIS
   @DF-RHF iter   3:  -266.42424148965517   -2.64506e-02   2.69756e-03 DIIS
   @DF-RHF iter   4:  -266.42819946710273   -3.95798e-03   1.77893e-03 DIIS
   @DF-RHF iter   5:  -266.42869934072468   -4.99874e-04   7.18044e-04 DIIS
   @DF-RHF iter   6:  -266.42884009725526   -1.40757e-04   2.83988e-04 DIIS
   @DF-RHF iter   7:  -266.42886478275301   -2.46855e-05   7.74683e-05 DIIS
   @DF-RHF iter   8:  -266.42886752233090   -2.73958e-06   1.77504e-05 DIIS
   @DF-RHF iter   9:  -266.42886779910367   -2.76773e-07   5.67623e-06 DIIS
   @DF-RHF iter  10:  -266.42886784238385   -4.32802e-08   3.66865e-06 DIIS
   @DF-RHF iter  11:  -266.42886784836094   -5.97709e-09   7.58020e-07 DIIS
   @DF-RHF iter  12:  -266.42886784884604   -4.85102e-10   1.71972e-07 DIIS
   @DF-RHF iter  13:  -266.42886784887548   -2.94449e-11   6.50759e-08 DIIS
   @DF-RHF iter  14:  -266.42886784887628   -7.95808e-13   1.81057e-08 DIIS
   @DF-RHF iter  15:  -266.42886784887622    5.68434e-14   4.75447e-09 DIIS

  ==> Post-Iterations <==

    Orbital Energies [Eh]
    ---------------------

    Doubly Occupied:                                                      

       1A    -20.490571     2A    -20.382019     3A    -11.274118  
       4A    -11.239428     5A    -11.156925     6A     -1.419635  
       7A     -1.340817     8A     -0.999459     9A     -0.956288  
      10A     -0.791149    11A     -0.719464    12A     -0.660364  
      13A     -0.652850    14A     -0.619664    15A     -0.572946  
      16A     -0.570176    17A     -0.527227    18A     -0.515444  
      19A     -0.504164    20A     -0.403606    21A     -0.366976  

    Virtual:                                                              

      22A      0.220748    23A      0.249608    24A      0.297215  
      25A      0.313918    26A      0.321595    27A      0.329860  
      28A      0.342363    29A      0.361990    30A      0.364508  
      31A      0.424769    32A      0.475443    33A      0.575763  
      34A      0.923477    35A      0.933790    36A      0.939840  
      37A      0.967236    38A      1.011791    39A      1.023273  
      40A      1.109483    41A      1.137078    42A      1.191923  
      43A      1.227848    44A      1.271931    45A      1.299020  
      46A      1.341051    47A      1.358195    48A      1.366723  
      49A      1.380465    50A      1.437222    51A      1.757368  
      52A      1.849539    53A      1.949159    54A      1.956105  
      55A      2.050236    56A      2.087410    57A      2.099776  
      58A      2.188047    59A      2.424962    60A      3.392120  
      61A      3.714711  

    Final Occupation by Irrep:
              A 
    DOCC [    21 ]

  Energy converged.

  @DF-RHF Final Energy:  -266.42886784887622

   => Energetics <=

    Nuclear Repulsion Energy =            192.9718508014964300
    One-Electron Energy =                -746.4748571010475189
    Two-Electron Energy =                 287.0741384506748659
    Total Energy =                       -266.4288678488762230



Properties will be evaluated at   0.000000,   0.000000,   0.000000 [a0]

Properties computed using the SCF density matrix

  Nuclear Dipole Moment: [e a0]
     X:     3.8330      Y:     1.3196      Z:     1.6218

  Electronic Dipole Moment: [e a0]
     X:    -2.6598      Y:    -0.6156      Z:    -1.5647

  Dipole Moment: [e a0]
     X:     1.1732      Y:     0.7040      Z:     0.0572     Total:     1.3694

  Dipole Moment: [D]
     X:     2.9819      Y:     1.7895      Z:     0.1453     Total:     3.4807


*** tstop() called on localhost.localdomain at Thu Feb 28 10:20:18 2019
Module time:
	user time   =      61.26 seconds =       1.02 minutes
	system time =       3.76 seconds =       0.06 minutes
	total time  =          3 seconds =       0.05 minutes
Total time:
	user time   =    8227.33 seconds =     137.12 minutes
	system time =     546.17 seconds =       9.10 minutes
	total time  =        376 seconds =       6.27 minutes

*** tstart() called on localhost.localdomain
*** at Thu Feb 28 10:20:18 2019


  //>>>>>>>>>>>>>>>>>>>>>>>>>>>>>>>>>>>//
  //               DFMP2               //
  //<<<<<<<<<<<<<<<<<<<<<<<<<<<<<<<<<<<//

   => Loading Basis Set <=

    Name: (3-21G AUX)
    Role: RIFIT
    Keyword: DF_BASIS_MP2
    atoms 1, 6, 11            entry C          line   270 file /root/psi4conda/share/psi4/basis/def2-qzvpp-ri.gbs 
    atoms 2, 9                entry O          line   406 file /root/psi4conda/share/psi4/basis/def2-qzvpp-ri.gbs 
    atoms 3-5, 7-8, 10, 12-13 entry H          line    24 file /root/psi4conda/share/psi4/basis/def2-qzvpp-ri.gbs 

	 --------------------------------------------------------
	                          DF-MP2                         
	      2nd-Order Density-Fitted Moller-Plesset Theory     
	              RMP2 Wavefunction,  40 Threads             
	                                                         
	        Rob Parrish, Justin Turney, Andy Simmonett,      
	           Ed Hohenstein, and C. David Sherrill          
	 --------------------------------------------------------

   => Auxiliary Basis Set <=

  Basis Set: (3-21G AUX)
    Blend: DEF2-QZVPP-RI
    Number of shells: 293
    Number of basis function: 1153
    Number of Cartesian functions: 1523
    Spherical Harmonics?: true
    Max angular momentum: 5

	 --------------------------------------------------------
	                 NBF =    61, NAUX =  1153
	 --------------------------------------------------------
	   CLASS    FOCC     OCC    AOCC    AVIR     VIR    FVIR
	   PAIRS       5      21      16      40      40       0
	 --------------------------------------------------------

	-----------------------------------------------------------
	 ==================> DF-MP2 Energies <==================== 
	-----------------------------------------------------------
	 Reference Energy          =    -266.4288678488762230 [Eh]
	 Singles Energy            =      -0.0000000000000025 [Eh]
	 Same-Spin Energy          =      -0.1208351054570129 [Eh]
	 Opposite-Spin Energy      =      -0.3990686476331444 [Eh]
	 Correlation Energy        =      -0.5199037530901598 [Eh]
	 Total Energy              =    -266.9487716019663708 [Eh]
	-----------------------------------------------------------
	 ================> DF-SCS-MP2 Energies <================== 
	-----------------------------------------------------------
	 SCS Same-Spin Scale       =       0.3333333333333333 [-]
	 SCS Opposite-Spin Scale   =       1.2000000000000000 [-]
	 SCS Same-Spin Energy      =      -0.0402783684856710 [Eh]
	 SCS Opposite-Spin Energy  =      -0.4788823771597733 [Eh]
	 SCS Correlation Energy    =      -0.5191607456454467 [Eh]
	 SCS Total Energy          =    -266.9480285945216451 [Eh]
	-----------------------------------------------------------


*** tstop() called on localhost.localdomain at Thu Feb 28 10:20:19 2019
Module time:
	user time   =      32.89 seconds =       0.55 minutes
	system time =       2.39 seconds =       0.04 minutes
	total time  =          1 seconds =       0.02 minutes
Total time:
	user time   =    8260.24 seconds =     137.67 minutes
	system time =     548.56 seconds =       9.14 minutes
	total time  =        377 seconds =       6.28 minutes
