  Threads set to 40 by Python driver.

*** tstart() called on localhost.localdomain
*** at Thu Feb 28 10:18:13 2019

   => Loading Basis Set <=

    Name: 3-21G
    Role: ORBITAL
    Keyword: BASIS
    atoms 1, 6, 11            entry C          line    68 file /root/psi4conda/share/psi4/basis/3-21g.gbs 
    atoms 2, 9                entry O          line    90 file /root/psi4conda/share/psi4/basis/3-21g.gbs 
    atoms 3-5, 7-8, 10, 12-13 entry H          line    21 file /root/psi4conda/share/psi4/basis/3-21g.gbs 


         ---------------------------------------------------------
                                   SCF
            by Justin Turney, Rob Parrish, Andy Simmonett
                             and Daniel Smith
                              RHF Reference
                       40 Threads,    500 MiB Core
         ---------------------------------------------------------

  ==> Geometry <==

    Molecular point group: c1
    Full point group: C1

    Geometry (in Angstrom), charge = 0, multiplicity = 1:

       Center              X                  Y                   Z               Mass       
    ------------   -----------------  -----------------  -----------------  -----------------
         C           -0.136604172966    -0.942011402853     0.060846278083    12.000000000000
         O           -1.107621923867    -0.894584142239    -0.660211904909    15.994914619560
         H            0.720752403670    -0.648221119030     2.016733331995     1.007825032070
         H           -1.057482905751    -0.461091023634     1.934464453511     1.007825032070
         H            1.185198126044     2.505969522370    -1.212493572274     1.007825032070
         C            1.246750050573     1.474541358887    -0.857895154208    12.000000000000
         H            1.302294484563     0.798755022348    -1.718768269914     1.007825032070
         H            2.151026354834     1.365258043826    -0.259997815561     1.007825032070
         O            0.159071859068     1.158933973938    -0.019341372699    15.994914619560
         H           -0.657652819342     1.175733854789    -0.532389426779     1.007825032070
         C           -0.198170155921    -1.016644797240     1.561536391635    12.000000000000
         H           -0.321727063540    -2.071772338146     1.825683365265     1.007825032070
         H            0.873030611874    -1.095783148075    -0.370850288957     1.007825032070

  Running in c1 symmetry.

  Rotational constants: A =      0.26403  B =      0.10370  C =      0.08596 [cm^-1]
  Rotational constants: A =   7915.34626  B =   3108.75539  C =   2577.02053 [MHz]
  Nuclear repulsion =  188.990968921352732

  Charge       = 0
  Multiplicity = 1
  Electrons    = 42
  Nalpha       = 21
  Nbeta        = 21

  ==> Algorithm <==

  SCF Algorithm Type is DF.
  DIIS enabled.
  MOM disabled.
  Fractional occupation disabled.
  Guess Type is SAD.
  Energy threshold   = 1.00e-08
  Density threshold  = 1.00e-08
  Integral threshold = 0.00e+00

  ==> Primary Basis <==

  Basis Set: 3-21G
    Blend: 3-21G
    Number of shells: 41
    Number of basis function: 61
    Number of Cartesian functions: 61
    Spherical Harmonics?: false
    Max angular momentum: 1

   => Loading Basis Set <=

    Name: (3-21G AUX)
    Role: JKFIT
    Keyword: DF_BASIS_SCF
    atoms 1, 6, 11            entry C          line   203 file /root/psi4conda/share/psi4/basis/def2-svp-jkfit.gbs 
    atoms 2, 9                entry O          line   323 file /root/psi4conda/share/psi4/basis/def2-svp-jkfit.gbs 
    atoms 3-5, 7-8, 10, 12-13 entry H          line    23 file /root/psi4conda/share/psi4/basis/def2-svp-jkfit.gbs 

  ==> Pre-Iterations <==

   -------------------------------------------------------
    Irrep   Nso     Nmo     Nalpha   Nbeta   Ndocc  Nsocc
   -------------------------------------------------------
     A         61      61       0       0       0       0
   -------------------------------------------------------
    Total      61      61      21      21      21       0
   -------------------------------------------------------

  ==> Integral Setup <==

  ==> DiskDFJK: Density-Fitted J/K Matrices <==

    J tasked:                  Yes
    K tasked:                  Yes
    wK tasked:                  No
    OpenMP threads:             40
    Integrals threads:          40
    Memory (MB):               375
    Algorithm:                Core
    Integral Cache:           NONE
    Schwarz Cutoff:          1E-12
    Fitting Condition:       1E-12

   => Auxiliary Basis Set <=

  Basis Set: (3-21G AUX)
    Blend: DEF2-SVP-JKFIT
    Number of shells: 173
    Number of basis function: 613
    Number of Cartesian functions: 613
    Spherical Harmonics?: false
    Max angular momentum: 4

  Minimum eigenvalue in the overlap matrix is 1.5624600929E-02.
  Using Symmetric Orthogonalization.

  SCF Guess: Superposition of Atomic Densities via on-the-fly atomic UHF.

  ==> Iterations <==

                           Total Energy        Delta E     RMS |[F,P]|

   @DF-RHF iter   0:  -268.26335157920738   -2.68263e+02   2.26471e-01 
   @DF-RHF iter   1:  -266.28345502444711    1.97990e+00   4.43122e-02 
   @DF-RHF iter   2:  -266.39836921170161   -1.14914e-01   2.48797e-02 DIIS
   @DF-RHF iter   3:  -266.43956009762331   -4.11909e-02   4.93363e-03 DIIS
   @DF-RHF iter   4:  -266.44494947290218   -5.38938e-03   1.51046e-03 DIIS
   @DF-RHF iter   5:  -266.44577046372621   -8.20991e-04   8.61063e-04 DIIS
   @DF-RHF iter   6:  -266.44597572229480   -2.05259e-04   2.59062e-04 DIIS
   @DF-RHF iter   7:  -266.44599961155097   -2.38893e-05   9.03047e-05 DIIS
   @DF-RHF iter   8:  -266.44600399177881   -4.38023e-06   2.59676e-05 DIIS
   @DF-RHF iter   9:  -266.44600459304581   -6.01267e-07   9.84659e-06 DIIS
   @DF-RHF iter  10:  -266.44600470443197   -1.11386e-07   9.26919e-06 DIIS
   @DF-RHF iter  11:  -266.44600471833621   -1.39042e-08   1.27884e-06 DIIS
   @DF-RHF iter  12:  -266.44600471925776   -9.21546e-10   3.32276e-07 DIIS
   @DF-RHF iter  13:  -266.44600471930579   -4.80327e-11   7.03838e-08 DIIS
   @DF-RHF iter  14:  -266.44600471930738   -1.59162e-12   3.31110e-08 DIIS
   @DF-RHF iter  15:  -266.44600471930755   -1.70530e-13   8.26699e-09 DIIS

  ==> Post-Iterations <==

    Orbital Energies [Eh]
    ---------------------

    Doubly Occupied:                                                      

       1A    -20.466863     2A    -20.414085     3A    -11.271262  
       4A    -11.229090     5A    -11.160090     6A     -1.396238  
       7A     -1.363377     8A     -1.001980     9A     -0.942271  
      10A     -0.784087    11A     -0.701732    12A     -0.653414  
      13A     -0.645057    14A     -0.614399    15A     -0.589502  
      16A     -0.571711    17A     -0.534273    18A     -0.502920  
      19A     -0.493824    20A     -0.422978    21A     -0.383024  

    Virtual:                                                              

      22A      0.200698    23A      0.251704    24A      0.295805  
      25A      0.313684    26A      0.326066    27A      0.337554  
      28A      0.342407    29A      0.361165    30A      0.366630  
      31A      0.430540    32A      0.480450    33A      0.567496  
      34A      0.928834    35A      0.940858    36A      0.956285  
      37A      0.969523    38A      1.008376    39A      1.020006  
      40A      1.114600    41A      1.129546    42A      1.180712  
      43A      1.235261    44A      1.279175    45A      1.306294  
      46A      1.339863    47A      1.354260    48A      1.365508  
      49A      1.381951    50A      1.425227    51A      1.688249  
      52A      1.841979    53A      1.938393    54A      1.951393  
      55A      2.025453    56A      2.073186    57A      2.091259  
      58A      2.162902    59A      2.381543    60A      3.375947  
      61A      3.661062  

    Final Occupation by Irrep:
              A 
    DOCC [    21 ]

  Energy converged.

  @DF-RHF Final Energy:  -266.44600471930755

   => Energetics <=

    Nuclear Repulsion Energy =            188.9909689213527315
    One-Electron Energy =                -738.5895907178662583
    Two-Electron Energy =                 283.1526170772059459
    Total Energy =                       -266.4460047193075525



Properties will be evaluated at   0.000000,   0.000000,   0.000000 [a0]

Properties computed using the SCF density matrix

  Nuclear Dipole Moment: [e a0]
     X:     3.9285      Y:     1.4720      Z:     1.5739

  Electronic Dipole Moment: [e a0]
     X:    -2.9384      Y:    -1.0363      Z:    -1.5318

  Dipole Moment: [e a0]
     X:     0.9901      Y:     0.4357      Z:     0.0421     Total:     1.0826

  Dipole Moment: [D]
     X:     2.5166      Y:     1.1075      Z:     0.1071     Total:     2.7516


*** tstop() called on localhost.localdomain at Thu Feb 28 10:18:16 2019
Module time:
	user time   =      60.39 seconds =       1.01 minutes
	system time =       4.49 seconds =       0.07 minutes
	total time  =          3 seconds =       0.05 minutes
Total time:
	user time   =    5570.83 seconds =      92.85 minutes
	system time =     366.35 seconds =       6.11 minutes
	total time  =        254 seconds =       4.23 minutes

*** tstart() called on localhost.localdomain
*** at Thu Feb 28 10:18:16 2019


  //>>>>>>>>>>>>>>>>>>>>>>>>>>>>>>>>>>>//
  //               DFMP2               //
  //<<<<<<<<<<<<<<<<<<<<<<<<<<<<<<<<<<<//

   => Loading Basis Set <=

    Name: (3-21G AUX)
    Role: RIFIT
    Keyword: DF_BASIS_MP2
    atoms 1, 6, 11            entry C          line   270 file /root/psi4conda/share/psi4/basis/def2-qzvpp-ri.gbs 
    atoms 2, 9                entry O          line   406 file /root/psi4conda/share/psi4/basis/def2-qzvpp-ri.gbs 
    atoms 3-5, 7-8, 10, 12-13 entry H          line    24 file /root/psi4conda/share/psi4/basis/def2-qzvpp-ri.gbs 

	 --------------------------------------------------------
	                          DF-MP2                         
	      2nd-Order Density-Fitted Moller-Plesset Theory     
	              RMP2 Wavefunction,  40 Threads             
	                                                         
	        Rob Parrish, Justin Turney, Andy Simmonett,      
	           Ed Hohenstein, and C. David Sherrill          
	 --------------------------------------------------------

   => Auxiliary Basis Set <=

  Basis Set: (3-21G AUX)
    Blend: DEF2-QZVPP-RI
    Number of shells: 293
    Number of basis function: 1153
    Number of Cartesian functions: 1523
    Spherical Harmonics?: true
    Max angular momentum: 5

	 --------------------------------------------------------
	                 NBF =    61, NAUX =  1153
	 --------------------------------------------------------
	   CLASS    FOCC     OCC    AOCC    AVIR     VIR    FVIR
	   PAIRS       5      21      16      40      40       0
	 --------------------------------------------------------

	-----------------------------------------------------------
	 ==================> DF-MP2 Energies <==================== 
	-----------------------------------------------------------
	 Reference Energy          =    -266.4460047193075525 [Eh]
	 Singles Energy            =      -0.0000000000000037 [Eh]
	 Same-Spin Energy          =      -0.1193268829455383 [Eh]
	 Opposite-Spin Energy      =      -0.3988664820650691 [Eh]
	 Correlation Energy        =      -0.5181933650106111 [Eh]
	 Total Energy              =    -266.9641980843181841 [Eh]
	-----------------------------------------------------------
	 ================> DF-SCS-MP2 Energies <================== 
	-----------------------------------------------------------
	 SCS Same-Spin Scale       =       0.3333333333333333 [-]
	 SCS Opposite-Spin Scale   =       1.2000000000000000 [-]
	 SCS Same-Spin Energy      =      -0.0397756276485128 [Eh]
	 SCS Opposite-Spin Energy  =      -0.4786397784780829 [Eh]
	 SCS Correlation Energy    =      -0.5184154061265993 [Eh]
	 SCS Total Energy          =    -266.9644201254341738 [Eh]
	-----------------------------------------------------------


*** tstop() called on localhost.localdomain at Thu Feb 28 10:18:18 2019
Module time:
	user time   =      33.90 seconds =       0.57 minutes
	system time =       2.20 seconds =       0.04 minutes
	total time  =          2 seconds =       0.03 minutes
Total time:
	user time   =    5604.78 seconds =      93.41 minutes
	system time =     368.55 seconds =       6.14 minutes
	total time  =        256 seconds =       4.27 minutes
