  Threads set to 40 by Python driver.

*** tstart() called on localhost.localdomain
*** at Thu Feb 28 10:29:07 2019

   => Loading Basis Set <=

    Name: 3-21G
    Role: ORBITAL
    Keyword: BASIS
    atoms 1, 6, 11            entry C          line    68 file /root/psi4conda/share/psi4/basis/3-21g.gbs 
    atoms 2, 9                entry O          line    90 file /root/psi4conda/share/psi4/basis/3-21g.gbs 
    atoms 3-5, 7-8, 10, 12-13 entry H          line    21 file /root/psi4conda/share/psi4/basis/3-21g.gbs 


         ---------------------------------------------------------
                                   SCF
            by Justin Turney, Rob Parrish, Andy Simmonett
                             and Daniel Smith
                              RHF Reference
                       40 Threads,    500 MiB Core
         ---------------------------------------------------------

  ==> Geometry <==

    Molecular point group: c1
    Full point group: C1

    Geometry (in Angstrom), charge = 0, multiplicity = 1:

       Center              X                  Y                   Z               Mass       
    ------------   -----------------  -----------------  -----------------  -----------------
         C           -0.000445492537    -0.497441935769     0.080743265014    12.000000000000
         O           -1.089809789053    -0.838025059643    -0.742492236783    15.994914619560
         H            0.690952365527    -0.723130679117     2.102746780151     1.007825032070
         H           -1.043807584638    -0.395859475255     1.952184235543     1.007825032070
         H            1.039332461847     2.427191904724    -0.946431135659     1.007825032070
         C            1.179440772097     1.353529546706    -0.830841065018    12.000000000000
         H            1.077785629660     0.872718539525    -1.808781233681     1.007825032070
         H            2.183340939914     1.165595949069    -0.434397463691     1.007825032070
         O            0.193610715840     0.893633066863     0.072601582458    15.994914619560
         H           -1.803142837429    -0.227258824675    -0.528706212213     1.007825032070
         C           -0.202424186129    -0.939065651699     1.515147841256    12.000000000000
         H           -0.411633610373    -2.008473926993     1.548999813973     1.007825032070
         H            0.862637576093    -1.005317599728    -0.363283748263     1.007825032070

  Running in c1 symmetry.

  Rotational constants: A =      0.27006  B =      0.12773  C =      0.09779 [cm^-1]
  Rotational constants: A =   8096.19098  B =   3829.21952  C =   2931.75435 [MHz]
  Nuclear repulsion =  197.659273006342289

  Charge       = 0
  Multiplicity = 1
  Electrons    = 42
  Nalpha       = 21
  Nbeta        = 21

  ==> Algorithm <==

  SCF Algorithm Type is DF.
  DIIS enabled.
  MOM disabled.
  Fractional occupation disabled.
  Guess Type is SAD.
  Energy threshold   = 1.00e-08
  Density threshold  = 1.00e-08
  Integral threshold = 0.00e+00

  ==> Primary Basis <==

  Basis Set: 3-21G
    Blend: 3-21G
    Number of shells: 41
    Number of basis function: 61
    Number of Cartesian functions: 61
    Spherical Harmonics?: false
    Max angular momentum: 1

   => Loading Basis Set <=

    Name: (3-21G AUX)
    Role: JKFIT
    Keyword: DF_BASIS_SCF
    atoms 1, 6, 11            entry C          line   203 file /root/psi4conda/share/psi4/basis/def2-svp-jkfit.gbs 
    atoms 2, 9                entry O          line   323 file /root/psi4conda/share/psi4/basis/def2-svp-jkfit.gbs 
    atoms 3-5, 7-8, 10, 12-13 entry H          line    23 file /root/psi4conda/share/psi4/basis/def2-svp-jkfit.gbs 

  ==> Pre-Iterations <==

   -------------------------------------------------------
    Irrep   Nso     Nmo     Nalpha   Nbeta   Ndocc  Nsocc
   -------------------------------------------------------
     A         61      61       0       0       0       0
   -------------------------------------------------------
    Total      61      61      21      21      21       0
   -------------------------------------------------------

  ==> Integral Setup <==

  ==> DiskDFJK: Density-Fitted J/K Matrices <==

    J tasked:                  Yes
    K tasked:                  Yes
    wK tasked:                  No
    OpenMP threads:             40
    Integrals threads:          40
    Memory (MB):               375
    Algorithm:                Core
    Integral Cache:           NONE
    Schwarz Cutoff:          1E-12
    Fitting Condition:       1E-12

   => Auxiliary Basis Set <=

  Basis Set: (3-21G AUX)
    Blend: DEF2-SVP-JKFIT
    Number of shells: 173
    Number of basis function: 613
    Number of Cartesian functions: 613
    Spherical Harmonics?: false
    Max angular momentum: 4

  Minimum eigenvalue in the overlap matrix is 1.2900417625E-02.
  Using Symmetric Orthogonalization.

  SCF Guess: Superposition of Atomic Densities via on-the-fly atomic UHF.

  ==> Iterations <==

                           Total Energy        Delta E     RMS |[F,P]|

   @DF-RHF iter   0:  -268.11632224837922   -2.68116e+02   2.01073e-01 
   @DF-RHF iter   1:  -266.36726207416478    1.74906e+00   3.06739e-02 
   @DF-RHF iter   2:  -266.46569709352241   -9.84350e-02   1.19136e-02 DIIS
   @DF-RHF iter   3:  -266.48071354093696   -1.50164e-02   4.01873e-03 DIIS
   @DF-RHF iter   4:  -266.48319746378269   -2.48392e-03   7.88328e-04 DIIS
   @DF-RHF iter   5:  -266.48336424801647   -1.66784e-04   3.24280e-04 DIIS
   @DF-RHF iter   6:  -266.48338491849427   -2.06705e-05   8.62862e-05 DIIS
   @DF-RHF iter   7:  -266.48338674198538   -1.82349e-06   2.54671e-05 DIIS
   @DF-RHF iter   8:  -266.48338697217918   -2.30194e-07   6.21869e-06 DIIS
   @DF-RHF iter   9:  -266.48338698144698   -9.26781e-09   1.93511e-06 DIIS
   @DF-RHF iter  10:  -266.48338698167981   -2.32831e-10   3.53214e-07 DIIS
   @DF-RHF iter  11:  -266.48338698170198   -2.21689e-11   5.52626e-08 DIIS
   @DF-RHF iter  12:  -266.48338698170386   -1.87583e-12   2.14136e-08 DIIS
   @DF-RHF iter  13:  -266.48338698170352    3.41061e-13   2.80448e-09 DIIS

  ==> Post-Iterations <==

    Orbital Energies [Eh]
    ---------------------

    Doubly Occupied:                                                      

       1A    -20.454886     2A    -20.442396     3A    -11.276983  
       4A    -11.220531     5A    -11.156636     6A     -1.413834  
       7A     -1.331134     8A     -1.019214     9A     -0.928706  
      10A     -0.834604    11A     -0.695215    12A     -0.671176  
      13A     -0.650794    14A     -0.598161    15A     -0.584004  
      16A     -0.546023    17A     -0.534268    18A     -0.519612  
      19A     -0.465504    20A     -0.438375    21A     -0.423099  

    Virtual:                                                              

      22A      0.267418    23A      0.285088    24A      0.311387  
      25A      0.320978    26A      0.334923    27A      0.342816  
      28A      0.350018    29A      0.367840    30A      0.386565  
      31A      0.446840    32A      0.480316    33A      0.548207  
      34A      0.925451    35A      0.935388    36A      0.948594  
      37A      0.982419    38A      1.001357    39A      1.016633  
      40A      1.060717    41A      1.138609    42A      1.186943  
      43A      1.255110    44A      1.295277    45A      1.312887  
      46A      1.320624    47A      1.353635    48A      1.367102  
      49A      1.391011    50A      1.449448    51A      1.781926  
      52A      1.914155    53A      1.947955    54A      1.964541  
      55A      2.076123    56A      2.103240    57A      2.174709  
      58A      2.378695    59A      2.430516    60A      3.376233  
      61A      3.660733  

    Final Occupation by Irrep:
              A 
    DOCC [    21 ]

  Energy converged.

  @DF-RHF Final Energy:  -266.48338698170352

   => Energetics <=

    Nuclear Repulsion Energy =            197.6592730063422891
    One-Electron Energy =                -755.8750117302799936
    Two-Electron Energy =                 291.7323517422341297
    Total Energy =                       -266.4833869817035179



Properties will be evaluated at   0.000000,   0.000000,   0.000000 [a0]

Properties computed using the SCF density matrix

  Nuclear Dipole Moment: [e a0]
     X:     2.4289      Y:     0.0991      Z:     1.4239

  Electronic Dipole Moment: [e a0]
     X:    -2.0183      Y:     0.1514      Z:    -1.3289

  Dipole Moment: [e a0]
     X:     0.4106      Y:     0.2505      Z:     0.0951     Total:     0.4903

  Dipole Moment: [D]
     X:     1.0436      Y:     0.6368      Z:     0.2416     Total:     1.2462


*** tstop() called on localhost.localdomain at Thu Feb 28 10:29:10 2019
Module time:
	user time   =      62.22 seconds =       1.04 minutes
	system time =       4.39 seconds =       0.07 minutes
	total time  =          3 seconds =       0.05 minutes
Total time:
	user time   =   19886.23 seconds =     331.44 minutes
	system time =    1326.99 seconds =      22.12 minutes
	total time  =        908 seconds =      15.13 minutes

*** tstart() called on localhost.localdomain
*** at Thu Feb 28 10:29:10 2019


  //>>>>>>>>>>>>>>>>>>>>>>>>>>>>>>>>>>>//
  //               DFMP2               //
  //<<<<<<<<<<<<<<<<<<<<<<<<<<<<<<<<<<<//

   => Loading Basis Set <=

    Name: (3-21G AUX)
    Role: RIFIT
    Keyword: DF_BASIS_MP2
    atoms 1, 6, 11            entry C          line   270 file /root/psi4conda/share/psi4/basis/def2-qzvpp-ri.gbs 
    atoms 2, 9                entry O          line   406 file /root/psi4conda/share/psi4/basis/def2-qzvpp-ri.gbs 
    atoms 3-5, 7-8, 10, 12-13 entry H          line    24 file /root/psi4conda/share/psi4/basis/def2-qzvpp-ri.gbs 

	 --------------------------------------------------------
	                          DF-MP2                         
	      2nd-Order Density-Fitted Moller-Plesset Theory     
	              RMP2 Wavefunction,  40 Threads             
	                                                         
	        Rob Parrish, Justin Turney, Andy Simmonett,      
	           Ed Hohenstein, and C. David Sherrill          
	 --------------------------------------------------------

   => Auxiliary Basis Set <=

  Basis Set: (3-21G AUX)
    Blend: DEF2-QZVPP-RI
    Number of shells: 293
    Number of basis function: 1153
    Number of Cartesian functions: 1523
    Spherical Harmonics?: true
    Max angular momentum: 5

	 --------------------------------------------------------
	                 NBF =    61, NAUX =  1153
	 --------------------------------------------------------
	   CLASS    FOCC     OCC    AOCC    AVIR     VIR    FVIR
	   PAIRS       5      21      16      40      40       0
	 --------------------------------------------------------

	-----------------------------------------------------------
	 ==================> DF-MP2 Energies <==================== 
	-----------------------------------------------------------
	 Reference Energy          =    -266.4833869817035179 [Eh]
	 Singles Energy            =      -0.0000000000000002 [Eh]
	 Same-Spin Energy          =      -0.1146837675266630 [Eh]
	 Opposite-Spin Energy      =      -0.3894159620534967 [Eh]
	 Correlation Energy        =      -0.5040997295801599 [Eh]
	 Total Energy              =    -266.9874867112836796 [Eh]
	-----------------------------------------------------------
	 ================> DF-SCS-MP2 Energies <================== 
	-----------------------------------------------------------
	 SCS Same-Spin Scale       =       0.3333333333333333 [-]
	 SCS Opposite-Spin Scale   =       1.2000000000000000 [-]
	 SCS Same-Spin Energy      =      -0.0382279225088877 [Eh]
	 SCS Opposite-Spin Energy  =      -0.4672991544641960 [Eh]
	 SCS Correlation Energy    =      -0.5055270769730839 [Eh]
	 SCS Total Energy          =    -266.9889140586765848 [Eh]
	-----------------------------------------------------------


*** tstop() called on localhost.localdomain at Thu Feb 28 10:29:11 2019
Module time:
	user time   =      35.05 seconds =       0.58 minutes
	system time =       1.85 seconds =       0.03 minutes
	total time  =          1 seconds =       0.02 minutes
Total time:
	user time   =   19921.31 seconds =     332.02 minutes
	system time =    1328.84 seconds =      22.15 minutes
	total time  =        909 seconds =      15.15 minutes
