  Threads set to 40 by Python driver.

*** tstart() called on localhost.localdomain
*** at Thu Feb 28 10:17:17 2019

   => Loading Basis Set <=

    Name: 3-21G
    Role: ORBITAL
    Keyword: BASIS
    atoms 1, 6, 11            entry C          line    68 file /root/psi4conda/share/psi4/basis/3-21g.gbs 
    atoms 2, 9                entry O          line    90 file /root/psi4conda/share/psi4/basis/3-21g.gbs 
    atoms 3-5, 7-8, 10, 12-13 entry H          line    21 file /root/psi4conda/share/psi4/basis/3-21g.gbs 


         ---------------------------------------------------------
                                   SCF
            by Justin Turney, Rob Parrish, Andy Simmonett
                             and Daniel Smith
                              RHF Reference
                       40 Threads,    500 MiB Core
         ---------------------------------------------------------

  ==> Geometry <==

    Molecular point group: c1
    Full point group: C1

    Geometry (in Angstrom), charge = 0, multiplicity = 1:

       Center              X                  Y                   Z               Mass       
    ------------   -----------------  -----------------  -----------------  -----------------
         C           -0.149865432428    -0.991149298763     0.060333147772    12.000000000000
         O           -1.115966104641    -0.920963764744    -0.660175934962    15.994914619560
         H            0.712609548765    -0.629516201510     1.994533085096     1.007825032070
         H           -1.067620336080    -0.467767432912     1.921778559489     1.007825032070
         H            1.222900664457     2.514592160621    -1.244583996870     1.007825032070
         C            1.258308326507     1.489443318053    -0.867279531743    12.000000000000
         H            1.289827026571     0.795535790097    -1.714964378390     1.007825032070
         H            2.166373267837     1.368260744089    -0.277067215823     1.007825032070
         O            0.171939951677     1.216707183745    -0.009911234737    15.994914619560
         H           -0.646283146673     1.226799507125    -0.518645672812     1.007825032070
         C           -0.205062310385    -1.026384814618     1.561471068271    12.000000000000
         H           -0.310740839928    -2.073106205613     1.864366450118     1.007825032070
         H            0.858916079250    -1.140574407753    -0.374643330982     1.007825032070

  Running in c1 symmetry.

  Rotational constants: A =      0.25949  B =      0.10008  C =      0.08360 [cm^-1]
  Rotational constants: A =   7779.29509  B =   3000.27941  C =   2506.29832 [MHz]
  Nuclear repulsion =  187.190752035306645

  Charge       = 0
  Multiplicity = 1
  Electrons    = 42
  Nalpha       = 21
  Nbeta        = 21

  ==> Algorithm <==

  SCF Algorithm Type is DF.
  DIIS enabled.
  MOM disabled.
  Fractional occupation disabled.
  Guess Type is SAD.
  Energy threshold   = 1.00e-08
  Density threshold  = 1.00e-08
  Integral threshold = 0.00e+00

  ==> Primary Basis <==

  Basis Set: 3-21G
    Blend: 3-21G
    Number of shells: 41
    Number of basis function: 61
    Number of Cartesian functions: 61
    Spherical Harmonics?: false
    Max angular momentum: 1

   => Loading Basis Set <=

    Name: (3-21G AUX)
    Role: JKFIT
    Keyword: DF_BASIS_SCF
    atoms 1, 6, 11            entry C          line   203 file /root/psi4conda/share/psi4/basis/def2-svp-jkfit.gbs 
    atoms 2, 9                entry O          line   323 file /root/psi4conda/share/psi4/basis/def2-svp-jkfit.gbs 
    atoms 3-5, 7-8, 10, 12-13 entry H          line    23 file /root/psi4conda/share/psi4/basis/def2-svp-jkfit.gbs 

  ==> Pre-Iterations <==

   -------------------------------------------------------
    Irrep   Nso     Nmo     Nalpha   Nbeta   Ndocc  Nsocc
   -------------------------------------------------------
     A         61      61       0       0       0       0
   -------------------------------------------------------
    Total      61      61      21      21      21       0
   -------------------------------------------------------

  ==> Integral Setup <==

  ==> DiskDFJK: Density-Fitted J/K Matrices <==

    J tasked:                  Yes
    K tasked:                  Yes
    wK tasked:                  No
    OpenMP threads:             40
    Integrals threads:          40
    Memory (MB):               375
    Algorithm:                Core
    Integral Cache:           NONE
    Schwarz Cutoff:          1E-12
    Fitting Condition:       1E-12

   => Auxiliary Basis Set <=

  Basis Set: (3-21G AUX)
    Blend: DEF2-SVP-JKFIT
    Number of shells: 173
    Number of basis function: 613
    Number of Cartesian functions: 613
    Spherical Harmonics?: false
    Max angular momentum: 4

  Minimum eigenvalue in the overlap matrix is 1.5973350474E-02.
  Using Symmetric Orthogonalization.

  SCF Guess: Superposition of Atomic Densities via on-the-fly atomic UHF.

  ==> Iterations <==

                           Total Energy        Delta E     RMS |[F,P]|

   @DF-RHF iter   0:  -268.19464467732428   -2.68195e+02   2.52684e-01 
   @DF-RHF iter   1:  -266.31136900640297    1.88328e+00   3.44943e-02 
   @DF-RHF iter   2:  -266.41054754542904   -9.91785e-02   2.33004e-02 DIIS
   @DF-RHF iter   3:  -266.44638900308507   -3.58415e-02   3.43962e-03 DIIS
   @DF-RHF iter   4:  -266.45021638528704   -3.82738e-03   1.24821e-03 DIIS
   @DF-RHF iter   5:  -266.45067285365121   -4.56468e-04   3.96374e-04 DIIS
   @DF-RHF iter   6:  -266.45077502796772   -1.02174e-04   2.32268e-04 DIIS
   @DF-RHF iter   7:  -266.45078728619779   -1.22582e-05   5.75169e-05 DIIS
   @DF-RHF iter   8:  -266.45078924379754   -1.95760e-06   1.65384e-05 DIIS
   @DF-RHF iter   9:  -266.45078937282057   -1.29023e-07   5.01304e-06 DIIS
   @DF-RHF iter  10:  -266.45078939400787   -2.11873e-08   2.17487e-06 DIIS
   @DF-RHF iter  11:  -266.45078939940453   -5.39666e-09   1.04759e-06 DIIS
   @DF-RHF iter  12:  -266.45078940035478   -9.50251e-10   1.72045e-07 DIIS
   @DF-RHF iter  13:  -266.45078940040031   -4.55316e-11   7.32302e-08 DIIS
   @DF-RHF iter  14:  -266.45078940040202   -1.70530e-12   1.54132e-08 DIIS
   @DF-RHF iter  15:  -266.45078940040219   -1.70530e-13   4.50157e-09 DIIS

  ==> Post-Iterations <==

    Orbital Energies [Eh]
    ---------------------

    Doubly Occupied:                                                      

       1A    -20.460703     2A    -20.424777     3A    -11.271498  
       4A    -11.226179     5A    -11.161509     6A     -1.393757  
       7A     -1.365692     8A     -1.003400     9A     -0.938282  
      10A     -0.783504    11A     -0.696455    12A     -0.654878  
      13A     -0.641736    14A     -0.609958    15A     -0.594882  
      16A     -0.573379    17A     -0.536473    18A     -0.499790  
      19A     -0.490350    20A     -0.428817    21A     -0.388682  

    Virtual:                                                              

      22A      0.193199    23A      0.252204    24A      0.294985  
      25A      0.313423    26A      0.326757    27A      0.339175  
      28A      0.342918    29A      0.359093    30A      0.367462  
      31A      0.432125    32A      0.480587    33A      0.563376  
      34A      0.925990    35A      0.942784    36A      0.959050  
      37A      0.970091    38A      1.006084    39A      1.017003  
      40A      1.110959    41A      1.124179    42A      1.175612  
      43A      1.235081    44A      1.281206    45A      1.308158  
      46A      1.338724    47A      1.350247    48A      1.364047  
      49A      1.382725    50A      1.418738    51A      1.663914  
      52A      1.844690    53A      1.932212    54A      1.953319  
      55A      2.012156    56A      2.067589    57A      2.083051  
      58A      2.157523    59A      2.347977    60A      3.363883  
      61A      3.627661  

    Final Occupation by Irrep:
              A 
    DOCC [    21 ]

  Energy converged.

  @DF-RHF Final Energy:  -266.45078940040219

   => Energetics <=

    Nuclear Repulsion Energy =            187.1907520353066445
    One-Electron Energy =                -734.9936808459053736
    Two-Electron Energy =                 281.3521394101965143
    Total Energy =                       -266.4507894004021864



Properties will be evaluated at   0.000000,   0.000000,   0.000000 [a0]

Properties computed using the SCF density matrix

  Nuclear Dipole Moment: [e a0]
     X:     3.9572      Y:     1.4960      Z:     1.5443

  Electronic Dipole Moment: [e a0]
     X:    -3.0178      Y:    -1.1652      Z:    -1.5120

  Dipole Moment: [e a0]
     X:     0.9394      Y:     0.3307      Z:     0.0323     Total:     0.9964

  Dipole Moment: [D]
     X:     2.3877      Y:     0.8406      Z:     0.0821     Total:     2.5327


*** tstop() called on localhost.localdomain at Thu Feb 28 10:17:20 2019
Module time:
	user time   =      62.44 seconds =       1.04 minutes
	system time =       3.86 seconds =       0.06 minutes
	total time  =          3 seconds =       0.05 minutes
Total time:
	user time   =    4337.24 seconds =      72.29 minutes
	system time =     283.78 seconds =       4.73 minutes
	total time  =        198 seconds =       3.30 minutes

*** tstart() called on localhost.localdomain
*** at Thu Feb 28 10:17:20 2019


  //>>>>>>>>>>>>>>>>>>>>>>>>>>>>>>>>>>>//
  //               DFMP2               //
  //<<<<<<<<<<<<<<<<<<<<<<<<<<<<<<<<<<<//

   => Loading Basis Set <=

    Name: (3-21G AUX)
    Role: RIFIT
    Keyword: DF_BASIS_MP2
    atoms 1, 6, 11            entry C          line   270 file /root/psi4conda/share/psi4/basis/def2-qzvpp-ri.gbs 
    atoms 2, 9                entry O          line   406 file /root/psi4conda/share/psi4/basis/def2-qzvpp-ri.gbs 
    atoms 3-5, 7-8, 10, 12-13 entry H          line    24 file /root/psi4conda/share/psi4/basis/def2-qzvpp-ri.gbs 

	 --------------------------------------------------------
	                          DF-MP2                         
	      2nd-Order Density-Fitted Moller-Plesset Theory     
	              RMP2 Wavefunction,  40 Threads             
	                                                         
	        Rob Parrish, Justin Turney, Andy Simmonett,      
	           Ed Hohenstein, and C. David Sherrill          
	 --------------------------------------------------------

   => Auxiliary Basis Set <=

  Basis Set: (3-21G AUX)
    Blend: DEF2-QZVPP-RI
    Number of shells: 293
    Number of basis function: 1153
    Number of Cartesian functions: 1523
    Spherical Harmonics?: true
    Max angular momentum: 5

	 --------------------------------------------------------
	                 NBF =    61, NAUX =  1153
	 --------------------------------------------------------
	   CLASS    FOCC     OCC    AOCC    AVIR     VIR    FVIR
	   PAIRS       5      21      16      40      40       0
	 --------------------------------------------------------

	-----------------------------------------------------------
	 ==================> DF-MP2 Energies <==================== 
	-----------------------------------------------------------
	 Reference Energy          =    -266.4507894004021864 [Eh]
	 Singles Energy            =      -0.0000000000000009 [Eh]
	 Same-Spin Energy          =      -0.1188045773664572 [Eh]
	 Opposite-Spin Energy      =      -0.3987787580276375 [Eh]
	 Correlation Energy        =      -0.5175833353940956 [Eh]
	 Total Energy              =    -266.9683727357962653 [Eh]
	-----------------------------------------------------------
	 ================> DF-SCS-MP2 Energies <================== 
	-----------------------------------------------------------
	 SCS Same-Spin Scale       =       0.3333333333333333 [-]
	 SCS Opposite-Spin Scale   =       1.2000000000000000 [-]
	 SCS Same-Spin Energy      =      -0.0396015257888191 [Eh]
	 SCS Opposite-Spin Energy  =      -0.4785345096331650 [Eh]
	 SCS Correlation Energy    =      -0.5181360354219849 [Eh]
	 SCS Total Energy          =    -266.9689254358241897 [Eh]
	-----------------------------------------------------------


*** tstop() called on localhost.localdomain at Thu Feb 28 10:17:21 2019
Module time:
	user time   =      33.90 seconds =       0.57 minutes
	system time =       2.04 seconds =       0.03 minutes
	total time  =          1 seconds =       0.02 minutes
Total time:
	user time   =    4371.16 seconds =      72.85 minutes
	system time =     285.82 seconds =       4.76 minutes
	total time  =        199 seconds =       3.32 minutes
