  Threads set to 40 by Python driver.

*** tstart() called on localhost.localdomain
*** at Thu Feb 28 10:28:24 2019

   => Loading Basis Set <=

    Name: 3-21G
    Role: ORBITAL
    Keyword: BASIS
    atoms 1, 6, 11            entry C          line    68 file /root/psi4conda/share/psi4/basis/3-21g.gbs 
    atoms 2, 9                entry O          line    90 file /root/psi4conda/share/psi4/basis/3-21g.gbs 
    atoms 3-5, 7-8, 10, 12-13 entry H          line    21 file /root/psi4conda/share/psi4/basis/3-21g.gbs 


         ---------------------------------------------------------
                                   SCF
            by Justin Turney, Rob Parrish, Andy Simmonett
                             and Daniel Smith
                              RHF Reference
                       40 Threads,    500 MiB Core
         ---------------------------------------------------------

  ==> Geometry <==

    Molecular point group: c1
    Full point group: C1

    Geometry (in Angstrom), charge = 0, multiplicity = 1:

       Center              X                  Y                   Z               Mass       
    ------------   -----------------  -----------------  -----------------  -----------------
         C           -0.000923628822    -0.499618230806     0.077883507752    12.000000000000
         O           -1.105970130308    -0.843093335519    -0.727117444806    15.994914619560
         H            0.705723865573    -0.726772798271     2.095860306357     1.007825032070
         H           -1.033881456165    -0.406780563194     1.953520521911     1.007825032070
         H            1.023708845264     2.423019396803    -0.972183551254     1.007825032070
         C            1.192640144141     1.358400026329    -0.817433582850    12.000000000000
         H            1.149726263219     0.846515593652    -1.783878153491     1.007825032070
         H            2.183126030498     1.215426173505    -0.372556058495     1.007825032070
         O            0.181461805102     0.893229533918     0.055650372222    15.994914619560
         H           -1.739603821368    -0.124064896986    -0.642253230521     1.007825032070
         C           -0.190827075510    -0.943237183325     1.512807040006    12.000000000000
         H           -0.395577361234    -2.013669399148     1.543032916381     1.007825032070
         H            0.861976563266    -1.003775523923    -0.371911246973     1.007825032070

  Running in c1 symmetry.

  Rotational constants: A =      0.27013  B =      0.12726  C =      0.09760 [cm^-1]
  Rotational constants: A =   8098.22912  B =   3815.01549  C =   2925.87854 [MHz]
  Nuclear repulsion =  197.575886185698494

  Charge       = 0
  Multiplicity = 1
  Electrons    = 42
  Nalpha       = 21
  Nbeta        = 21

  ==> Algorithm <==

  SCF Algorithm Type is DF.
  DIIS enabled.
  MOM disabled.
  Fractional occupation disabled.
  Guess Type is SAD.
  Energy threshold   = 1.00e-08
  Density threshold  = 1.00e-08
  Integral threshold = 0.00e+00

  ==> Primary Basis <==

  Basis Set: 3-21G
    Blend: 3-21G
    Number of shells: 41
    Number of basis function: 61
    Number of Cartesian functions: 61
    Spherical Harmonics?: false
    Max angular momentum: 1

   => Loading Basis Set <=

    Name: (3-21G AUX)
    Role: JKFIT
    Keyword: DF_BASIS_SCF
    atoms 1, 6, 11            entry C          line   203 file /root/psi4conda/share/psi4/basis/def2-svp-jkfit.gbs 
    atoms 2, 9                entry O          line   323 file /root/psi4conda/share/psi4/basis/def2-svp-jkfit.gbs 
    atoms 3-5, 7-8, 10, 12-13 entry H          line    23 file /root/psi4conda/share/psi4/basis/def2-svp-jkfit.gbs 

  ==> Pre-Iterations <==

   -------------------------------------------------------
    Irrep   Nso     Nmo     Nalpha   Nbeta   Ndocc  Nsocc
   -------------------------------------------------------
     A         61      61       0       0       0       0
   -------------------------------------------------------
    Total      61      61      21      21      21       0
   -------------------------------------------------------

  ==> Integral Setup <==

  ==> DiskDFJK: Density-Fitted J/K Matrices <==

    J tasked:                  Yes
    K tasked:                  Yes
    wK tasked:                  No
    OpenMP threads:             40
    Integrals threads:          40
    Memory (MB):               375
    Algorithm:                Core
    Integral Cache:           NONE
    Schwarz Cutoff:          1E-12
    Fitting Condition:       1E-12

   => Auxiliary Basis Set <=

  Basis Set: (3-21G AUX)
    Blend: DEF2-SVP-JKFIT
    Number of shells: 173
    Number of basis function: 613
    Number of Cartesian functions: 613
    Spherical Harmonics?: false
    Max angular momentum: 4

  Minimum eigenvalue in the overlap matrix is 1.2851256963E-02.
  Using Symmetric Orthogonalization.

  SCF Guess: Superposition of Atomic Densities via on-the-fly atomic UHF.

  ==> Iterations <==

                           Total Energy        Delta E     RMS |[F,P]|

   @DF-RHF iter   0:  -268.13212869590700   -2.68132e+02   2.85458e-01 
   @DF-RHF iter   1:  -266.36170894978358    1.77042e+00   2.13859e-02 
   @DF-RHF iter   2:  -266.46439244209216   -1.02683e-01   1.03792e-02 DIIS
   @DF-RHF iter   3:  -266.47952093548582   -1.51285e-02   4.19263e-03 DIIS
   @DF-RHF iter   4:  -266.48236326083401   -2.84233e-03   6.57307e-04 DIIS
   @DF-RHF iter   5:  -266.48253984659698   -1.76586e-04   2.18850e-04 DIIS
   @DF-RHF iter   6:  -266.48255924177488   -1.93952e-05   5.00649e-05 DIIS
   @DF-RHF iter   7:  -266.48256062775033   -1.38598e-06   2.48761e-05 DIIS
   @DF-RHF iter   8:  -266.48256076537547   -1.37625e-07   4.88893e-06 DIIS
   @DF-RHF iter   9:  -266.48256077415562   -8.78015e-09   7.93961e-07 DIIS
   @DF-RHF iter  10:  -266.48256077442198   -2.66368e-10   3.17586e-07 DIIS
   @DF-RHF iter  11:  -266.48256077444773   -2.57501e-11   7.14199e-08 DIIS
   @DF-RHF iter  12:  -266.48256077444984   -2.10321e-12   1.47788e-08 DIIS
   @DF-RHF iter  13:  -266.48256077444995   -1.13687e-13   2.36514e-09 DIIS

  ==> Post-Iterations <==

    Orbital Energies [Eh]
    ---------------------

    Doubly Occupied:                                                      

       1A    -20.457989     2A    -20.439505     3A    -11.277099  
       4A    -11.223269     5A    -11.154623     6A     -1.415236  
       7A     -1.329778     8A     -1.018846     9A     -0.931008  
      10A     -0.832435    11A     -0.696173    12A     -0.672044  
      13A     -0.652516    14A     -0.598648    15A     -0.579035  
      16A     -0.549858    17A     -0.534168    18A     -0.518695  
      19A     -0.470669    20A     -0.435093    21A     -0.422419  

    Virtual:                                                              

      22A      0.266485    23A      0.289198    24A      0.310618  
      25A      0.320202    26A      0.333020    27A      0.343960  
      28A      0.347275    29A      0.368897    30A      0.384458  
      31A      0.448303    32A      0.476653    33A      0.547260  
      34A      0.923929    35A      0.931278    36A      0.947893  
      37A      0.982548    38A      1.002708    39A      1.019722  
      40A      1.064836    41A      1.137354    42A      1.184440  
      43A      1.254417    44A      1.297224    45A      1.311005  
      46A      1.318919    47A      1.354515    48A      1.369054  
      49A      1.388082    50A      1.443974    51A      1.781364  
      52A      1.919643    53A      1.938273    54A      1.955942  
      55A      2.083930    56A      2.106701    57A      2.166428  
      58A      2.382232    59A      2.428280    60A      3.370350  
      61A      3.663477  

    Final Occupation by Irrep:
              A 
    DOCC [    21 ]

  Energy converged.

  @DF-RHF Final Energy:  -266.48256077444995

   => Energetics <=

    Nuclear Repulsion Energy =            197.5758861856984936
    One-Electron Energy =                -755.6986816259211537
    Two-Electron Energy =                 291.6402346657727662
    Total Energy =                       -266.4825607744499507



Properties will be evaluated at   0.000000,   0.000000,   0.000000 [a0]

Properties computed using the SCF density matrix

  Nuclear Dipole Moment: [e a0]
     X:     2.5785      Y:     0.1970      Z:     1.3558

  Electronic Dipole Moment: [e a0]
     X:    -2.0824      Y:     0.1504      Z:    -1.3492

  Dipole Moment: [e a0]
     X:     0.4961      Y:     0.3474      Z:     0.0066     Total:     0.6057

  Dipole Moment: [D]
     X:     1.2609      Y:     0.8830      Z:     0.0167     Total:     1.5394


*** tstop() called on localhost.localdomain at Thu Feb 28 10:28:27 2019
Module time:
	user time   =      62.56 seconds =       1.04 minutes
	system time =       4.07 seconds =       0.07 minutes
	total time  =          3 seconds =       0.05 minutes
Total time:
	user time   =   18941.20 seconds =     315.69 minutes
	system time =    1263.38 seconds =      21.06 minutes
	total time  =        865 seconds =      14.42 minutes

*** tstart() called on localhost.localdomain
*** at Thu Feb 28 10:28:27 2019


  //>>>>>>>>>>>>>>>>>>>>>>>>>>>>>>>>>>>//
  //               DFMP2               //
  //<<<<<<<<<<<<<<<<<<<<<<<<<<<<<<<<<<<//

   => Loading Basis Set <=

    Name: (3-21G AUX)
    Role: RIFIT
    Keyword: DF_BASIS_MP2
    atoms 1, 6, 11            entry C          line   270 file /root/psi4conda/share/psi4/basis/def2-qzvpp-ri.gbs 
    atoms 2, 9                entry O          line   406 file /root/psi4conda/share/psi4/basis/def2-qzvpp-ri.gbs 
    atoms 3-5, 7-8, 10, 12-13 entry H          line    24 file /root/psi4conda/share/psi4/basis/def2-qzvpp-ri.gbs 

	 --------------------------------------------------------
	                          DF-MP2                         
	      2nd-Order Density-Fitted Moller-Plesset Theory     
	              RMP2 Wavefunction,  40 Threads             
	                                                         
	        Rob Parrish, Justin Turney, Andy Simmonett,      
	           Ed Hohenstein, and C. David Sherrill          
	 --------------------------------------------------------

   => Auxiliary Basis Set <=

  Basis Set: (3-21G AUX)
    Blend: DEF2-QZVPP-RI
    Number of shells: 293
    Number of basis function: 1153
    Number of Cartesian functions: 1523
    Spherical Harmonics?: true
    Max angular momentum: 5

	 --------------------------------------------------------
	                 NBF =    61, NAUX =  1153
	 --------------------------------------------------------
	   CLASS    FOCC     OCC    AOCC    AVIR     VIR    FVIR
	   PAIRS       5      21      16      40      40       0
	 --------------------------------------------------------

	-----------------------------------------------------------
	 ==================> DF-MP2 Energies <==================== 
	-----------------------------------------------------------
	 Reference Energy          =    -266.4825607744499507 [Eh]
	 Singles Energy            =      -0.0000000000000004 [Eh]
	 Same-Spin Energy          =      -0.1145901673219731 [Eh]
	 Opposite-Spin Energy      =      -0.3892460919652589 [Eh]
	 Correlation Energy        =      -0.5038362592872324 [Eh]
	 Total Energy              =    -266.9863970337372052 [Eh]
	-----------------------------------------------------------
	 ================> DF-SCS-MP2 Energies <================== 
	-----------------------------------------------------------
	 SCS Same-Spin Scale       =       0.3333333333333333 [-]
	 SCS Opposite-Spin Scale   =       1.2000000000000000 [-]
	 SCS Same-Spin Energy      =      -0.0381967224406577 [Eh]
	 SCS Opposite-Spin Energy  =      -0.4670953103583106 [Eh]
	 SCS Correlation Energy    =      -0.5052920327989687 [Eh]
	 SCS Total Energy          =    -266.9878528072489416 [Eh]
	-----------------------------------------------------------


*** tstop() called on localhost.localdomain at Thu Feb 28 10:28:29 2019
Module time:
	user time   =      34.72 seconds =       0.58 minutes
	system time =       2.47 seconds =       0.04 minutes
	total time  =          2 seconds =       0.03 minutes
Total time:
	user time   =   18975.95 seconds =     316.27 minutes
	system time =    1265.85 seconds =      21.10 minutes
	total time  =        867 seconds =      14.45 minutes
