  Threads set to 40 by Python driver.

*** tstart() called on localhost.localdomain
*** at Thu Feb 28 10:18:00 2019

   => Loading Basis Set <=

    Name: 3-21G
    Role: ORBITAL
    Keyword: BASIS
    atoms 1, 6, 11            entry C          line    68 file /root/psi4conda/share/psi4/basis/3-21g.gbs 
    atoms 2, 9                entry O          line    90 file /root/psi4conda/share/psi4/basis/3-21g.gbs 
    atoms 3-5, 7-8, 10, 12-13 entry H          line    21 file /root/psi4conda/share/psi4/basis/3-21g.gbs 


         ---------------------------------------------------------
                                   SCF
            by Justin Turney, Rob Parrish, Andy Simmonett
                             and Daniel Smith
                              RHF Reference
                       40 Threads,    500 MiB Core
         ---------------------------------------------------------

  ==> Geometry <==

    Molecular point group: c1
    Full point group: C1

    Geometry (in Angstrom), charge = 0, multiplicity = 1:

       Center              X                  Y                   Z               Mass       
    ------------   -----------------  -----------------  -----------------  -----------------
         C           -0.139796109190    -0.953612720827     0.060643675503    12.000000000000
         O           -1.109521579418    -0.900657433140    -0.660253455099    15.994914619560
         H            0.719314287854    -0.643930790366     2.011299656021     1.007825032070
         H           -1.059356725727    -0.461990449775     1.931622627567     1.007825032070
         H            1.194226580207     2.508090087189    -1.219817714211     1.007825032070
         C            1.249436486276     1.477970632866    -0.859983532396    12.000000000000
         H            1.299685815039     0.798035505653    -1.717964285097     1.007825032070
         H            2.154581185334     1.365835634966    -0.263813674900     1.007825032070
         O            0.161937323141     1.172181476477    -0.017112563813    15.994914619560
         H           -0.655063978015     1.188134149178    -0.529060830227     1.007825032070
         C           -0.199645673872    -1.018745301318     1.561505659392    12.000000000000
         H           -0.319462672766    -2.071959108852     1.834968244652     1.007825032070
         H            0.869774265898    -1.104912688377    -0.371921390189     1.007825032070

  Running in c1 symmetry.

  Rotational constants: A =      0.26295  B =      0.10286  C =      0.08542 [cm^-1]
  Rotational constants: A =   7882.99725  B =   3083.55577  C =   2560.69378 [MHz]
  Nuclear repulsion =  188.570891667805881

  Charge       = 0
  Multiplicity = 1
  Electrons    = 42
  Nalpha       = 21
  Nbeta        = 21

  ==> Algorithm <==

  SCF Algorithm Type is DF.
  DIIS enabled.
  MOM disabled.
  Fractional occupation disabled.
  Guess Type is SAD.
  Energy threshold   = 1.00e-08
  Density threshold  = 1.00e-08
  Integral threshold = 0.00e+00

  ==> Primary Basis <==

  Basis Set: 3-21G
    Blend: 3-21G
    Number of shells: 41
    Number of basis function: 61
    Number of Cartesian functions: 61
    Spherical Harmonics?: false
    Max angular momentum: 1

   => Loading Basis Set <=

    Name: (3-21G AUX)
    Role: JKFIT
    Keyword: DF_BASIS_SCF
    atoms 1, 6, 11            entry C          line   203 file /root/psi4conda/share/psi4/basis/def2-svp-jkfit.gbs 
    atoms 2, 9                entry O          line   323 file /root/psi4conda/share/psi4/basis/def2-svp-jkfit.gbs 
    atoms 3-5, 7-8, 10, 12-13 entry H          line    23 file /root/psi4conda/share/psi4/basis/def2-svp-jkfit.gbs 

  ==> Pre-Iterations <==

   -------------------------------------------------------
    Irrep   Nso     Nmo     Nalpha   Nbeta   Ndocc  Nsocc
   -------------------------------------------------------
     A         61      61       0       0       0       0
   -------------------------------------------------------
    Total      61      61      21      21      21       0
   -------------------------------------------------------

  ==> Integral Setup <==

  ==> DiskDFJK: Density-Fitted J/K Matrices <==

    J tasked:                  Yes
    K tasked:                  Yes
    wK tasked:                  No
    OpenMP threads:             40
    Integrals threads:          40
    Memory (MB):               375
    Algorithm:                Core
    Integral Cache:           NONE
    Schwarz Cutoff:          1E-12
    Fitting Condition:       1E-12

   => Auxiliary Basis Set <=

  Basis Set: (3-21G AUX)
    Blend: DEF2-SVP-JKFIT
    Number of shells: 173
    Number of basis function: 613
    Number of Cartesian functions: 613
    Spherical Harmonics?: false
    Max angular momentum: 4

  Minimum eigenvalue in the overlap matrix is 1.5713381748E-02.
  Using Symmetric Orthogonalization.

  SCF Guess: Superposition of Atomic Densities via on-the-fly atomic UHF.

  ==> Iterations <==

                           Total Energy        Delta E     RMS |[F,P]|

   @DF-RHF iter   0:  -267.70878611160390   -2.67709e+02   4.82938e-01 
   @DF-RHF iter   1:  -266.33143536492355    1.37735e+00   2.61468e-02 
   @DF-RHF iter   2:  -266.42895896267021   -9.75236e-02   1.07233e-02 DIIS
   @DF-RHF iter   3:  -266.44382918773078   -1.48702e-02   3.79946e-03 DIIS
   @DF-RHF iter   4:  -266.44695846233810   -3.12927e-03   9.04710e-04 DIIS
   @DF-RHF iter   5:  -266.44722147231818   -2.63010e-04   4.71713e-04 DIIS
   @DF-RHF iter   6:  -266.44726110973227   -3.96374e-05   1.27161e-04 DIIS
   @DF-RHF iter   7:  -266.44726406648488   -2.95675e-06   3.79518e-05 DIIS
   @DF-RHF iter   8:  -266.44726468727691   -6.20792e-07   1.47404e-05 DIIS
   @DF-RHF iter   9:  -266.44726478223777   -9.49609e-08   8.53089e-06 DIIS
   @DF-RHF iter  10:  -266.44726480717190   -2.49341e-08   1.98153e-06 DIIS
   @DF-RHF iter  11:  -266.44726481308913   -5.91723e-09   7.67681e-07 DIIS
   @DF-RHF iter  12:  -266.44726481338307   -2.93937e-10   1.69256e-07 DIIS
   @DF-RHF iter  13:  -266.44726481339819   -1.51203e-11   6.48289e-08 DIIS
   @DF-RHF iter  14:  -266.44726481339984   -1.64846e-12   1.91180e-08 DIIS
   @DF-RHF iter  15:  -266.44726481339995   -1.13687e-13   7.37692e-09 DIIS

  ==> Post-Iterations <==

    Orbital Energies [Eh]
    ---------------------

    Doubly Occupied:                                                      

       1A    -20.465218     2A    -20.416784     3A    -11.271251  
       4A    -11.228332     5A    -11.160425     6A     -1.395213  
       7A     -1.364363     8A     -1.002309     9A     -0.941237  
      10A     -0.783844    11A     -0.700390    12A     -0.653584  
      13A     -0.644325    14A     -0.613336    15A     -0.590887  
      16A     -0.572065    17A     -0.534828    18A     -0.502076  
      19A     -0.492931    20A     -0.424502    21A     -0.384436  

    Virtual:                                                              

      22A      0.198834    23A      0.251837    24A      0.295629  
      25A      0.313661    26A      0.326301    27A      0.338063  
      28A      0.342455    29A      0.360695    30A      0.366912  
      31A      0.431002    32A      0.480583    33A      0.566530  
      34A      0.928468    35A      0.941361    36A      0.957165  
      37A      0.969679    38A      1.007886    39A      1.019367  
      40A      1.114020    41A      1.128250    42A      1.179465  
      43A      1.235372    44A      1.279725    45A      1.306783  
      46A      1.339647    47A      1.353294    48A      1.365234  
      49A      1.382186    50A      1.423707    51A      1.681783  
      52A      1.842540    53A      1.936856    54A      1.951802  
      55A      2.022386    56A      2.071939    57A      2.089623  
      58A      2.161462    59A      2.374340    60A      3.373205  
      61A      3.653439  

    Final Occupation by Irrep:
              A 
    DOCC [    21 ]

  Energy converged.

  @DF-RHF Final Energy:  -266.44726481339995

   => Energetics <=

    Nuclear Repulsion Energy =            188.5708916678058813
    One-Electron Energy =                -737.7516438738796296
    Two-Electron Energy =                 282.7334873926737941
    Total Energy =                       -266.4472648133999542



Properties will be evaluated at   0.000000,   0.000000,   0.000000 [a0]

Properties computed using the SCF density matrix

  Nuclear Dipole Moment: [e a0]
     X:     3.9363      Y:     1.4800      Z:     1.5673

  Electronic Dipole Moment: [e a0]
     X:    -2.9593      Y:    -1.0699      Z:    -1.5274

  Dipole Moment: [e a0]
     X:     0.9770      Y:     0.4101      Z:     0.0399     Total:     1.0603

  Dipole Moment: [D]
     X:     2.4832      Y:     1.0424      Z:     0.1014     Total:     2.6950


*** tstop() called on localhost.localdomain at Thu Feb 28 10:18:03 2019
Module time:
	user time   =      60.70 seconds =       1.01 minutes
	system time =       3.94 seconds =       0.07 minutes
	total time  =          3 seconds =       0.05 minutes
Total time:
	user time   =    5287.29 seconds =      88.12 minutes
	system time =     346.43 seconds =       5.77 minutes
	total time  =        241 seconds =       4.02 minutes

*** tstart() called on localhost.localdomain
*** at Thu Feb 28 10:18:03 2019


  //>>>>>>>>>>>>>>>>>>>>>>>>>>>>>>>>>>>//
  //               DFMP2               //
  //<<<<<<<<<<<<<<<<<<<<<<<<<<<<<<<<<<<//

   => Loading Basis Set <=

    Name: (3-21G AUX)
    Role: RIFIT
    Keyword: DF_BASIS_MP2
    atoms 1, 6, 11            entry C          line   270 file /root/psi4conda/share/psi4/basis/def2-qzvpp-ri.gbs 
    atoms 2, 9                entry O          line   406 file /root/psi4conda/share/psi4/basis/def2-qzvpp-ri.gbs 
    atoms 3-5, 7-8, 10, 12-13 entry H          line    24 file /root/psi4conda/share/psi4/basis/def2-qzvpp-ri.gbs 

	 --------------------------------------------------------
	                          DF-MP2                         
	      2nd-Order Density-Fitted Moller-Plesset Theory     
	              RMP2 Wavefunction,  40 Threads             
	                                                         
	        Rob Parrish, Justin Turney, Andy Simmonett,      
	           Ed Hohenstein, and C. David Sherrill          
	 --------------------------------------------------------

   => Auxiliary Basis Set <=

  Basis Set: (3-21G AUX)
    Blend: DEF2-QZVPP-RI
    Number of shells: 293
    Number of basis function: 1153
    Number of Cartesian functions: 1523
    Spherical Harmonics?: true
    Max angular momentum: 5

	 --------------------------------------------------------
	                 NBF =    61, NAUX =  1153
	 --------------------------------------------------------
	   CLASS    FOCC     OCC    AOCC    AVIR     VIR    FVIR
	   PAIRS       5      21      16      40      40       0
	 --------------------------------------------------------

	-----------------------------------------------------------
	 ==================> DF-MP2 Energies <==================== 
	-----------------------------------------------------------
	 Reference Energy          =    -266.4472648133999542 [Eh]
	 Singles Energy            =      -0.0000000000000053 [Eh]
	 Same-Spin Energy          =      -0.1191946129968067 [Eh]
	 Opposite-Spin Energy      =      -0.3988429157428788 [Eh]
	 Correlation Energy        =      -0.5180375287396908 [Eh]
	 Total Energy              =    -266.9653023421396369 [Eh]
	-----------------------------------------------------------
	 ================> DF-SCS-MP2 Energies <================== 
	-----------------------------------------------------------
	 SCS Same-Spin Scale       =       0.3333333333333333 [-]
	 SCS Opposite-Spin Scale   =       1.2000000000000000 [-]
	 SCS Same-Spin Energy      =      -0.0397315376656022 [Eh]
	 SCS Opposite-Spin Energy  =      -0.4786114988914545 [Eh]
	 SCS Correlation Energy    =      -0.5183430365570620 [Eh]
	 SCS Total Energy          =    -266.9656078499569958 [Eh]
	-----------------------------------------------------------


*** tstop() called on localhost.localdomain at Thu Feb 28 10:18:04 2019
Module time:
	user time   =      33.29 seconds =       0.55 minutes
	system time =       2.24 seconds =       0.04 minutes
	total time  =          1 seconds =       0.02 minutes
Total time:
	user time   =    5320.62 seconds =      88.68 minutes
	system time =     348.67 seconds =       5.81 minutes
	total time  =        242 seconds =       4.03 minutes
