  Threads set to 40 by Python driver.

*** tstart() called on localhost.localdomain
*** at Thu Feb 28 10:17:30 2019

   => Loading Basis Set <=

    Name: 3-21G
    Role: ORBITAL
    Keyword: BASIS
    atoms 1, 6, 11            entry C          line    68 file /root/psi4conda/share/psi4/basis/3-21g.gbs 
    atoms 2, 9                entry O          line    90 file /root/psi4conda/share/psi4/basis/3-21g.gbs 
    atoms 3-5, 7-8, 10, 12-13 entry H          line    21 file /root/psi4conda/share/psi4/basis/3-21g.gbs 


         ---------------------------------------------------------
                                   SCF
            by Justin Turney, Rob Parrish, Andy Simmonett
                             and Daniel Smith
                              RHF Reference
                       40 Threads,    500 MiB Core
         ---------------------------------------------------------

  ==> Geometry <==

    Molecular point group: c1
    Full point group: C1

    Geometry (in Angstrom), charge = 0, multiplicity = 1:

       Center              X                  Y                   Z               Mass       
    ------------   -----------------  -----------------  -----------------  -----------------
         C           -0.146923258882    -0.980067657518     0.060366780317    12.000000000000
         O           -1.114021740952    -0.914860853530    -0.660232914015    15.994914619560
         H            0.714947181293    -0.633885896862     1.999332966332     1.007825032070
         H           -1.064787580152    -0.465543428748     1.924759665078     1.007825032070
         H            1.214543459987     2.512725867010    -1.237087424947     1.007825032070
         C            1.255666144549     1.485990049630    -0.865031355054    12.000000000000
         H            1.292971271835     0.796297557424    -1.715914978865     1.007825032070
         H            2.162841444673     1.367433065993    -0.272990097026     1.007825032070
         O            0.168857850567     1.203312712102    -0.012037648862    15.994914619560
         H           -0.648989713163     1.215533342395    -0.521746423517     1.007825032070
         C           -0.203353569369    -1.024006029096     1.561473379180    12.000000000000
         H           -0.313581492812    -2.072670020602     1.855852664799     1.007825032070
         H            0.862176776083    -1.129097697111    -0.373977465086     1.007825032070

  Running in c1 symmetry.

  Rotational constants: A =      0.26050  B =      0.10091  C =      0.08414 [cm^-1]
  Rotational constants: A =   7809.65812  B =   3025.12029  C =   2522.59896 [MHz]
  Nuclear repulsion =  187.600685708167163

  Charge       = 0
  Multiplicity = 1
  Electrons    = 42
  Nalpha       = 21
  Nbeta        = 21

  ==> Algorithm <==

  SCF Algorithm Type is DF.
  DIIS enabled.
  MOM disabled.
  Fractional occupation disabled.
  Guess Type is SAD.
  Energy threshold   = 1.00e-08
  Density threshold  = 1.00e-08
  Integral threshold = 0.00e+00

  ==> Primary Basis <==

  Basis Set: 3-21G
    Blend: 3-21G
    Number of shells: 41
    Number of basis function: 61
    Number of Cartesian functions: 61
    Spherical Harmonics?: false
    Max angular momentum: 1

   => Loading Basis Set <=

    Name: (3-21G AUX)
    Role: JKFIT
    Keyword: DF_BASIS_SCF
    atoms 1, 6, 11            entry C          line   203 file /root/psi4conda/share/psi4/basis/def2-svp-jkfit.gbs 
    atoms 2, 9                entry O          line   323 file /root/psi4conda/share/psi4/basis/def2-svp-jkfit.gbs 
    atoms 3-5, 7-8, 10, 12-13 entry H          line    23 file /root/psi4conda/share/psi4/basis/def2-svp-jkfit.gbs 

  ==> Pre-Iterations <==

   -------------------------------------------------------
    Irrep   Nso     Nmo     Nalpha   Nbeta   Ndocc  Nsocc
   -------------------------------------------------------
     A         61      61       0       0       0       0
   -------------------------------------------------------
    Total      61      61      21      21      21       0
   -------------------------------------------------------

  ==> Integral Setup <==

  ==> DiskDFJK: Density-Fitted J/K Matrices <==

    J tasked:                  Yes
    K tasked:                  Yes
    wK tasked:                  No
    OpenMP threads:             40
    Integrals threads:          40
    Memory (MB):               375
    Algorithm:                Core
    Integral Cache:           NONE
    Schwarz Cutoff:          1E-12
    Fitting Condition:       1E-12

   => Auxiliary Basis Set <=

  Basis Set: (3-21G AUX)
    Blend: DEF2-SVP-JKFIT
    Number of shells: 173
    Number of basis function: 613
    Number of Cartesian functions: 613
    Spherical Harmonics?: false
    Max angular momentum: 4

  Minimum eigenvalue in the overlap matrix is 1.5901452628E-02.
  Using Symmetric Orthogonalization.

  SCF Guess: Superposition of Atomic Densities via on-the-fly atomic UHF.

  ==> Iterations <==

                           Total Energy        Delta E     RMS |[F,P]|

   @DF-RHF iter   0:  -267.73623668795801   -2.67736e+02   2.17617e-01 
   @DF-RHF iter   1:  -266.26194620705621    1.47429e+00   2.84528e-02 
   @DF-RHF iter   2:  -266.38429663202896   -1.22350e-01   2.58023e-02 DIIS
   @DF-RHF iter   3:  -266.44319794660436   -5.89013e-02   4.99198e-03 DIIS
   @DF-RHF iter   4:  -266.44887974747536   -5.68180e-03   1.18319e-03 DIIS
   @DF-RHF iter   5:  -266.44961393126891   -7.34184e-04   4.23322e-04 DIIS
   @DF-RHF iter   6:  -266.44979859766568   -1.84666e-04   2.23246e-04 DIIS
   @DF-RHF iter   7:  -266.44982927419915   -3.06765e-05   1.24604e-04 DIIS
   @DF-RHF iter   8:  -266.44983332037634   -4.04618e-06   3.18769e-05 DIIS
   @DF-RHF iter   9:  -266.44983406185827   -7.41482e-07   1.34434e-05 DIIS
   @DF-RHF iter  10:  -266.44983421287878   -1.51021e-07   4.94905e-06 DIIS
   @DF-RHF iter  11:  -266.44983422436235   -1.14836e-08   1.22590e-06 DIIS
   @DF-RHF iter  12:  -266.44983422536239   -1.00005e-09   3.16184e-07 DIIS
   @DF-RHF iter  13:  -266.44983422540213   -3.97335e-11   5.96402e-08 DIIS
   @DF-RHF iter  14:  -266.44983422540429   -2.16005e-12   3.81787e-08 DIIS
   @DF-RHF iter  15:  -266.44983422540417    1.13687e-13   1.06718e-08 DIIS
   @DF-RHF iter  16:  -266.44983422540440   -2.27374e-13   3.22822e-09 DIIS

  ==> Post-Iterations <==

    Orbital Energies [Eh]
    ---------------------

    Doubly Occupied:                                                      

       1A    -20.461924     2A    -20.422533     3A    -11.271386  
       4A    -11.226769     5A    -11.161189     6A     -1.393902  
       7A     -1.365572     8A     -1.003072     9A     -0.939090  
      10A     -0.783538    11A     -0.697547    12A     -0.654411  
      13A     -0.642516    14A     -0.610928    15A     -0.593779  
      16A     -0.572967    17A     -0.536007    18A     -0.500399  
      19A     -0.491058    20A     -0.427639    21A     -0.387478  

    Virtual:                                                              

      22A      0.194792    23A      0.252101    24A      0.295183  
      25A      0.313509    26A      0.326671    27A      0.338943  
      28A      0.342720    29A      0.359577    30A      0.367359  
      31A      0.431850    32A      0.480644    33A      0.564304  
      34A      0.926925    35A      0.942393    36A      0.958628  
      37A      0.969990    38A      1.006653    39A      1.017737  
      40A      1.112040    41A      1.125334    42A      1.176714  
      43A      1.235244    44A      1.280814    45A      1.307783  
      46A      1.339040    47A      1.351112    48A      1.364411  
      49A      1.382586    50A      1.420205    51A      1.668663  
      52A      1.844022    53A      1.933530    54A      1.952851  
      55A      2.015216    56A      2.068951    57A      2.085205  
      58A      2.158574    59A      2.356193    60A      3.366657  
      61A      3.635366  

    Final Occupation by Irrep:
              A 
    DOCC [    21 ]

  Energy converged.

  @DF-RHF Final Energy:  -266.44983422540440

   => Energetics <=

    Nuclear Repulsion Energy =            187.6006857081671626
    One-Electron Energy =                -735.8136274437540578
    Two-Electron Energy =                 281.7631075101825218
    Total Energy =                       -266.4498342254044019



Properties will be evaluated at   0.000000,   0.000000,   0.000000 [a0]

Properties computed using the SCF density matrix

  Nuclear Dipole Moment: [e a0]
     X:     3.9517      Y:     1.4927      Z:     1.5513

  Electronic Dipole Moment: [e a0]
     X:    -3.0019      Y:    -1.1391      Z:    -1.5167

  Dipole Moment: [e a0]
     X:     0.9497      Y:     0.3536      Z:     0.0346     Total:     1.0140

  Dipole Moment: [D]
     X:     2.4140      Y:     0.8987      Z:     0.0879     Total:     2.5774


*** tstop() called on localhost.localdomain at Thu Feb 28 10:17:33 2019
Module time:
	user time   =      60.83 seconds =       1.01 minutes
	system time =       3.97 seconds =       0.07 minutes
	total time  =          3 seconds =       0.05 minutes
Total time:
	user time   =    4620.18 seconds =      77.00 minutes
	system time =     301.88 seconds =       5.03 minutes
	total time  =        211 seconds =       3.52 minutes

*** tstart() called on localhost.localdomain
*** at Thu Feb 28 10:17:33 2019


  //>>>>>>>>>>>>>>>>>>>>>>>>>>>>>>>>>>>//
  //               DFMP2               //
  //<<<<<<<<<<<<<<<<<<<<<<<<<<<<<<<<<<<//

   => Loading Basis Set <=

    Name: (3-21G AUX)
    Role: RIFIT
    Keyword: DF_BASIS_MP2
    atoms 1, 6, 11            entry C          line   270 file /root/psi4conda/share/psi4/basis/def2-qzvpp-ri.gbs 
    atoms 2, 9                entry O          line   406 file /root/psi4conda/share/psi4/basis/def2-qzvpp-ri.gbs 
    atoms 3-5, 7-8, 10, 12-13 entry H          line    24 file /root/psi4conda/share/psi4/basis/def2-qzvpp-ri.gbs 

	 --------------------------------------------------------
	                          DF-MP2                         
	      2nd-Order Density-Fitted Moller-Plesset Theory     
	              RMP2 Wavefunction,  40 Threads             
	                                                         
	        Rob Parrish, Justin Turney, Andy Simmonett,      
	           Ed Hohenstein, and C. David Sherrill          
	 --------------------------------------------------------

   => Auxiliary Basis Set <=

  Basis Set: (3-21G AUX)
    Blend: DEF2-QZVPP-RI
    Number of shells: 293
    Number of basis function: 1153
    Number of Cartesian functions: 1523
    Spherical Harmonics?: true
    Max angular momentum: 5

	 --------------------------------------------------------
	                 NBF =    61, NAUX =  1153
	 --------------------------------------------------------
	   CLASS    FOCC     OCC    AOCC    AVIR     VIR    FVIR
	   PAIRS       5      21      16      40      40       0
	 --------------------------------------------------------

	-----------------------------------------------------------
	 ==================> DF-MP2 Energies <==================== 
	-----------------------------------------------------------
	 Reference Energy          =    -266.4498342254044019 [Eh]
	 Singles Energy            =      -0.0000000000000004 [Eh]
	 Same-Spin Energy          =      -0.1189146441518018 [Eh]
	 Opposite-Spin Energy      =      -0.3987985236498460 [Eh]
	 Correlation Energy        =      -0.5177131678016481 [Eh]
	 Total Energy              =    -266.9675473932060754 [Eh]
	-----------------------------------------------------------
	 ================> DF-SCS-MP2 Energies <================== 
	-----------------------------------------------------------
	 SCS Same-Spin Scale       =       0.3333333333333333 [-]
	 SCS Opposite-Spin Scale   =       1.2000000000000000 [-]
	 SCS Same-Spin Energy      =      -0.0396382147172673 [Eh]
	 SCS Opposite-Spin Energy  =      -0.4785582283798152 [Eh]
	 SCS Correlation Energy    =      -0.5181964430970828 [Eh]
	 SCS Total Energy          =    -266.9680306685015125 [Eh]
	-----------------------------------------------------------


*** tstop() called on localhost.localdomain at Thu Feb 28 10:17:34 2019
Module time:
	user time   =      32.77 seconds =       0.55 minutes
	system time =       2.06 seconds =       0.03 minutes
	total time  =          1 seconds =       0.02 minutes
Total time:
	user time   =    4652.98 seconds =      77.55 minutes
	system time =     303.95 seconds =       5.07 minutes
	total time  =        212 seconds =       3.53 minutes
