  Threads set to 40 by Python driver.

*** tstart() called on localhost.localdomain
*** at Thu Feb 28 10:25:31 2019

   => Loading Basis Set <=

    Name: 3-21G
    Role: ORBITAL
    Keyword: BASIS
    atoms 1, 6, 11            entry C          line    68 file /root/psi4conda/share/psi4/basis/3-21g.gbs 
    atoms 2, 9                entry O          line    90 file /root/psi4conda/share/psi4/basis/3-21g.gbs 
    atoms 3-5, 7-8, 10, 12-13 entry H          line    21 file /root/psi4conda/share/psi4/basis/3-21g.gbs 


         ---------------------------------------------------------
                                   SCF
            by Justin Turney, Rob Parrish, Andy Simmonett
                             and Daniel Smith
                              RHF Reference
                       40 Threads,    500 MiB Core
         ---------------------------------------------------------

  ==> Geometry <==

    Molecular point group: c1
    Full point group: C1

    Geometry (in Angstrom), charge = 0, multiplicity = 1:

       Center              X                  Y                   Z               Mass       
    ------------   -----------------  -----------------  -----------------  -----------------
         C            0.008651864762    -0.585586842727     0.095817084207    12.000000000000
         O           -1.122837172789    -0.782354938625    -0.686987435036    15.994914619560
         H            0.709368933499    -0.725136030061     2.123541063056     1.007825032070
         H           -1.042329110802    -0.455933108055     1.954679931675     1.007825032070
         H            0.965990046309     2.433164805238    -1.055096134014     1.007825032070
         C            1.205804160828     1.397539563008    -0.813012985771    12.000000000000
         H            1.322286526437     0.834706843541    -1.746489856969     1.007825032070
         H            2.150220656376     1.375464254434    -0.260199639036     1.007825032070
         O            0.140729133550     0.887789858820    -0.025402994223    15.994914619560
         H           -1.349383504234     0.124173997771    -0.929319492341     1.007825032070
         C           -0.181287440905    -0.990261760110     1.551476642719    12.000000000000
         H           -0.356046580593    -2.064163115105     1.637502885866     1.007825032070
         H            0.884898974753    -1.072511153501    -0.352103535938     1.007825032070

  Running in c1 symmetry.

  Rotational constants: A =      0.27340  B =      0.12314  C =      0.09567 [cm^-1]
  Rotational constants: A =   8196.46995  B =   3691.51556  C =   2868.03955 [MHz]
  Nuclear repulsion =  196.294077633015860

  Charge       = 0
  Multiplicity = 1
  Electrons    = 42
  Nalpha       = 21
  Nbeta        = 21

  ==> Algorithm <==

  SCF Algorithm Type is DF.
  DIIS enabled.
  MOM disabled.
  Fractional occupation disabled.
  Guess Type is SAD.
  Energy threshold   = 1.00e-08
  Density threshold  = 1.00e-08
  Integral threshold = 0.00e+00

  ==> Primary Basis <==

  Basis Set: 3-21G
    Blend: 3-21G
    Number of shells: 41
    Number of basis function: 61
    Number of Cartesian functions: 61
    Spherical Harmonics?: false
    Max angular momentum: 1

   => Loading Basis Set <=

    Name: (3-21G AUX)
    Role: JKFIT
    Keyword: DF_BASIS_SCF
    atoms 1, 6, 11            entry C          line   203 file /root/psi4conda/share/psi4/basis/def2-svp-jkfit.gbs 
    atoms 2, 9                entry O          line   323 file /root/psi4conda/share/psi4/basis/def2-svp-jkfit.gbs 
    atoms 3-5, 7-8, 10, 12-13 entry H          line    23 file /root/psi4conda/share/psi4/basis/def2-svp-jkfit.gbs 

  ==> Pre-Iterations <==

   -------------------------------------------------------
    Irrep   Nso     Nmo     Nalpha   Nbeta   Ndocc  Nsocc
   -------------------------------------------------------
     A         61      61       0       0       0       0
   -------------------------------------------------------
    Total      61      61      21      21      21       0
   -------------------------------------------------------

  ==> Integral Setup <==

  ==> DiskDFJK: Density-Fitted J/K Matrices <==

    J tasked:                  Yes
    K tasked:                  Yes
    wK tasked:                  No
    OpenMP threads:             40
    Integrals threads:          40
    Memory (MB):               375
    Algorithm:                Core
    Integral Cache:           NONE
    Schwarz Cutoff:          1E-12
    Fitting Condition:       1E-12

   => Auxiliary Basis Set <=

  Basis Set: (3-21G AUX)
    Blend: DEF2-SVP-JKFIT
    Number of shells: 173
    Number of basis function: 613
    Number of Cartesian functions: 613
    Spherical Harmonics?: false
    Max angular momentum: 4

  Minimum eigenvalue in the overlap matrix is 1.3371346293E-02.
  Using Symmetric Orthogonalization.

  SCF Guess: Superposition of Atomic Densities via on-the-fly atomic UHF.

  ==> Iterations <==

                           Total Energy        Delta E     RMS |[F,P]|

   @DF-RHF iter   0:  -268.12616186977954   -2.68126e+02   2.42840e-01 
   @DF-RHF iter   1:  -266.32086556285162    1.80530e+00   2.71672e-02 
   @DF-RHF iter   2:  -266.44767759053263   -1.26812e-01   1.11042e-02 DIIS
   @DF-RHF iter   3:  -266.46930822609590   -2.16306e-02   2.70431e-03 DIIS
   @DF-RHF iter   4:  -266.47222942693634   -2.92120e-03   6.03297e-04 DIIS
   @DF-RHF iter   5:  -266.47238923530347   -1.59808e-04   3.00659e-04 DIIS
   @DF-RHF iter   6:  -266.47240897991549   -1.97446e-05   6.12851e-05 DIIS
   @DF-RHF iter   7:  -266.47241070117178   -1.72126e-06   2.63628e-05 DIIS
   @DF-RHF iter   8:  -266.47241079830042   -9.71286e-08   7.88913e-06 DIIS
   @DF-RHF iter   9:  -266.47241080495195   -6.65153e-09   1.38686e-06 DIIS
   @DF-RHF iter  10:  -266.47241080537736   -4.25416e-10   4.36501e-07 DIIS
   @DF-RHF iter  11:  -266.47241080542625   -4.88853e-11   8.02369e-08 DIIS
   @DF-RHF iter  12:  -266.47241080542943   -3.18323e-12   2.18345e-08 DIIS
   @DF-RHF iter  13:  -266.47241080542972   -2.84217e-13   6.68489e-09 DIIS

  ==> Post-Iterations <==

    Orbital Energies [Eh]
    ---------------------

    Doubly Occupied:                                                      

       1A    -20.457759     2A    -20.432980     3A    -11.285480  
       4A    -11.226006     5A    -11.160336     6A     -1.411994  
       7A     -1.315592     8A     -1.017243     9A     -0.929979  
      10A     -0.827669    11A     -0.688299    12A     -0.672483  
      13A     -0.647759    14A     -0.607345    15A     -0.571740  
      16A     -0.556753    17A     -0.534577    18A     -0.518517  
      19A     -0.468024    20A     -0.433582    21A     -0.419041  

    Virtual:                                                              

      22A      0.263495    23A      0.289658    24A      0.303245  
      25A      0.319288    26A      0.328259    27A      0.340851  
      28A      0.344660    29A      0.366642    30A      0.372384  
      31A      0.441912    32A      0.454892    33A      0.539792  
      34A      0.907518    35A      0.926408    36A      0.945326  
      37A      0.973339    38A      0.989034    39A      1.015136  
      40A      1.060642    41A      1.140192    42A      1.184435  
      43A      1.243452    44A      1.300616    45A      1.307928  
      46A      1.318039    47A      1.349424    48A      1.365930  
      49A      1.375420    50A      1.423824    51A      1.773311  
      52A      1.898790    53A      1.933361    54A      1.954181  
      55A      2.083978    56A      2.113165    57A      2.150937  
      58A      2.327551    59A      2.452923    60A      3.355823  
      61A      3.656112  

    Final Occupation by Irrep:
              A 
    DOCC [    21 ]

  Energy converged.

  @DF-RHF Final Energy:  -266.47241080542972

   => Energetics <=

    Nuclear Repulsion Energy =            196.2940776330158599
    One-Electron Energy =                -753.1666604746668554
    Two-Electron Energy =                 290.4001720362213064
    Total Energy =                       -266.4724108054297176



Properties will be evaluated at   0.000000,   0.000000,   0.000000 [a0]

Properties computed using the SCF density matrix

  Nuclear Dipole Moment: [e a0]
     X:     3.0749      Y:     0.4221      Z:     1.2833

  Electronic Dipole Moment: [e a0]
     X:    -2.2454      Y:    -0.0768      Z:    -1.3754

  Dipole Moment: [e a0]
     X:     0.8295      Y:     0.3453      Z:    -0.0921     Total:     0.9032

  Dipole Moment: [D]
     X:     2.1084      Y:     0.8777      Z:    -0.2342     Total:     2.2958


*** tstop() called on localhost.localdomain at Thu Feb 28 10:25:34 2019
Module time:
	user time   =      58.87 seconds =       0.98 minutes
	system time =       4.33 seconds =       0.07 minutes
	total time  =          3 seconds =       0.05 minutes
Total time:
	user time   =   15176.88 seconds =     252.95 minutes
	system time =    1004.60 seconds =      16.74 minutes
	total time  =        692 seconds =      11.53 minutes

*** tstart() called on localhost.localdomain
*** at Thu Feb 28 10:25:34 2019


  //>>>>>>>>>>>>>>>>>>>>>>>>>>>>>>>>>>>//
  //               DFMP2               //
  //<<<<<<<<<<<<<<<<<<<<<<<<<<<<<<<<<<<//

   => Loading Basis Set <=

    Name: (3-21G AUX)
    Role: RIFIT
    Keyword: DF_BASIS_MP2
    atoms 1, 6, 11            entry C          line   270 file /root/psi4conda/share/psi4/basis/def2-qzvpp-ri.gbs 
    atoms 2, 9                entry O          line   406 file /root/psi4conda/share/psi4/basis/def2-qzvpp-ri.gbs 
    atoms 3-5, 7-8, 10, 12-13 entry H          line    24 file /root/psi4conda/share/psi4/basis/def2-qzvpp-ri.gbs 

	 --------------------------------------------------------
	                          DF-MP2                         
	      2nd-Order Density-Fitted Moller-Plesset Theory     
	              RMP2 Wavefunction,  40 Threads             
	                                                         
	        Rob Parrish, Justin Turney, Andy Simmonett,      
	           Ed Hohenstein, and C. David Sherrill          
	 --------------------------------------------------------

   => Auxiliary Basis Set <=

  Basis Set: (3-21G AUX)
    Blend: DEF2-QZVPP-RI
    Number of shells: 293
    Number of basis function: 1153
    Number of Cartesian functions: 1523
    Spherical Harmonics?: true
    Max angular momentum: 5

	 --------------------------------------------------------
	                 NBF =    61, NAUX =  1153
	 --------------------------------------------------------
	   CLASS    FOCC     OCC    AOCC    AVIR     VIR    FVIR
	   PAIRS       5      21      16      40      40       0
	 --------------------------------------------------------

	-----------------------------------------------------------
	 ==================> DF-MP2 Energies <==================== 
	-----------------------------------------------------------
	 Reference Energy          =    -266.4724108054297176 [Eh]
	 Singles Energy            =      -0.0000000000000017 [Eh]
	 Same-Spin Energy          =      -0.1151254070611969 [Eh]
	 Opposite-Spin Energy      =      -0.3911760397872101 [Eh]
	 Correlation Energy        =      -0.5063014468484086 [Eh]
	 Total Energy              =    -266.9787122522781146 [Eh]
	-----------------------------------------------------------
	 ================> DF-SCS-MP2 Energies <================== 
	-----------------------------------------------------------
	 SCS Same-Spin Scale       =       0.3333333333333333 [-]
	 SCS Opposite-Spin Scale   =       1.2000000000000000 [-]
	 SCS Same-Spin Energy      =      -0.0383751356870656 [Eh]
	 SCS Opposite-Spin Energy  =      -0.4694112477446520 [Eh]
	 SCS Correlation Energy    =      -0.5077863834317193 [Eh]
	 SCS Total Energy          =    -266.9801971888614389 [Eh]
	-----------------------------------------------------------


*** tstop() called on localhost.localdomain at Thu Feb 28 10:25:35 2019
Module time:
	user time   =      33.27 seconds =       0.55 minutes
	system time =       2.32 seconds =       0.04 minutes
	total time  =          1 seconds =       0.02 minutes
Total time:
	user time   =   15210.18 seconds =     253.50 minutes
	system time =    1006.92 seconds =      16.78 minutes
	total time  =        693 seconds =      11.55 minutes
