  Threads set to 40 by Python driver.

*** tstart() called on localhost.localdomain
*** at Thu Feb 28 10:22:12 2019

   => Loading Basis Set <=

    Name: 3-21G
    Role: ORBITAL
    Keyword: BASIS
    atoms 1, 6, 11            entry C          line    68 file /root/psi4conda/share/psi4/basis/3-21g.gbs 
    atoms 2, 9                entry O          line    90 file /root/psi4conda/share/psi4/basis/3-21g.gbs 
    atoms 3-5, 7-8, 10, 12-13 entry H          line    21 file /root/psi4conda/share/psi4/basis/3-21g.gbs 


         ---------------------------------------------------------
                                   SCF
            by Justin Turney, Rob Parrish, Andy Simmonett
                             and Daniel Smith
                              RHF Reference
                       40 Threads,    500 MiB Core
         ---------------------------------------------------------

  ==> Geometry <==

    Molecular point group: c1
    Full point group: C1

    Geometry (in Angstrom), charge = 0, multiplicity = 1:

       Center              X                  Y                   Z               Mass       
    ------------   -----------------  -----------------  -----------------  -----------------
         C           -0.049712469794    -0.739738320098     0.086325375954    12.000000000000
         O           -1.091787505292    -0.775136734506    -0.667640650426    15.994914619560
         H            0.716433513261    -0.714761094563     2.115801624803     1.007825032070
         H           -1.048516859067    -0.463409313396     1.948828326569     1.007825032070
         H            1.017431633604     2.457636896931    -1.097397499441     1.007825032070
         C            1.205715757800     1.421726900966    -0.830106292160    12.000000000000
         H            1.326210903353     0.819148301642    -1.734714648933     1.007825032070
         H            2.106919729721     1.363551579859    -0.219256853772     1.007825032070
         O            0.109876998557     0.948763449357    -0.056802732273    15.994914619560
         H           -0.714107441441     0.670069422189    -0.627645832185     1.007825032070
         C           -0.181073426871    -0.997802297222     1.563709981481    12.000000000000
         H           -0.351220416021    -2.070260633910     1.687056097197     1.007825032070
         H            0.922158398233    -1.057217304649    -0.337983928198     1.007825032070

  Running in c1 symmetry.

  Rotational constants: A =      0.28098  B =      0.11798  C =      0.09466 [cm^-1]
  Rotational constants: A =   8423.43745  B =   3537.08939  C =   2837.91242 [MHz]
  Nuclear repulsion =  195.843300549889989

  Charge       = 0
  Multiplicity = 1
  Electrons    = 42
  Nalpha       = 21
  Nbeta        = 21

  ==> Algorithm <==

  SCF Algorithm Type is DF.
  DIIS enabled.
  MOM disabled.
  Fractional occupation disabled.
  Guess Type is SAD.
  Energy threshold   = 1.00e-08
  Density threshold  = 1.00e-08
  Integral threshold = 0.00e+00

  ==> Primary Basis <==

  Basis Set: 3-21G
    Blend: 3-21G
    Number of shells: 41
    Number of basis function: 61
    Number of Cartesian functions: 61
    Spherical Harmonics?: false
    Max angular momentum: 1

   => Loading Basis Set <=

    Name: (3-21G AUX)
    Role: JKFIT
    Keyword: DF_BASIS_SCF
    atoms 1, 6, 11            entry C          line   203 file /root/psi4conda/share/psi4/basis/def2-svp-jkfit.gbs 
    atoms 2, 9                entry O          line   323 file /root/psi4conda/share/psi4/basis/def2-svp-jkfit.gbs 
    atoms 3-5, 7-8, 10, 12-13 entry H          line    23 file /root/psi4conda/share/psi4/basis/def2-svp-jkfit.gbs 

  ==> Pre-Iterations <==

   -------------------------------------------------------
    Irrep   Nso     Nmo     Nalpha   Nbeta   Ndocc  Nsocc
   -------------------------------------------------------
     A         61      61       0       0       0       0
   -------------------------------------------------------
    Total      61      61      21      21      21       0
   -------------------------------------------------------

  ==> Integral Setup <==

  ==> DiskDFJK: Density-Fitted J/K Matrices <==

    J tasked:                  Yes
    K tasked:                  Yes
    wK tasked:                  No
    OpenMP threads:             40
    Integrals threads:          40
    Memory (MB):               375
    Algorithm:                Core
    Integral Cache:           NONE
    Schwarz Cutoff:          1E-12
    Fitting Condition:       1E-12

   => Auxiliary Basis Set <=

  Basis Set: (3-21G AUX)
    Blend: DEF2-SVP-JKFIT
    Number of shells: 173
    Number of basis function: 613
    Number of Cartesian functions: 613
    Spherical Harmonics?: false
    Max angular momentum: 4

  Minimum eigenvalue in the overlap matrix is 1.3549631956E-02.
  Using Symmetric Orthogonalization.

  SCF Guess: Superposition of Atomic Densities via on-the-fly atomic UHF.

  ==> Iterations <==

                           Total Energy        Delta E     RMS |[F,P]|

   @DF-RHF iter   0:  -268.22794875053813   -2.68228e+02   2.45874e-01 
   @DF-RHF iter   1:  -266.25284072083048    1.97511e+00   3.44559e-02 
   @DF-RHF iter   2:  -266.36552623711054   -1.12686e-01   1.85023e-02 DIIS
   @DF-RHF iter   3:  -266.39799653102693   -3.24703e-02   3.34121e-03 DIIS
   @DF-RHF iter   4:  -266.40221245926932   -4.21593e-03   1.22280e-03 DIIS
   @DF-RHF iter   5:  -266.40278878291878   -5.76324e-04   4.96894e-04 DIIS
   @DF-RHF iter   6:  -266.40288614068663   -9.73578e-05   1.63037e-04 DIIS
   @DF-RHF iter   7:  -266.40289730310451   -1.11624e-05   4.57971e-05 DIIS
   @DF-RHF iter   8:  -266.40289850664624   -1.20354e-06   8.56376e-06 DIIS
   @DF-RHF iter   9:  -266.40289855295634   -4.63101e-08   2.06643e-06 DIIS
   @DF-RHF iter  10:  -266.40289855551106   -2.55471e-09   1.04921e-06 DIIS
   @DF-RHF iter  11:  -266.40289855592090   -4.09841e-10   3.05322e-07 DIIS
   @DF-RHF iter  12:  -266.40289855595393   -3.30260e-11   9.80372e-08 DIIS
   @DF-RHF iter  13:  -266.40289855595614   -2.21689e-12   1.65493e-08 DIIS
   @DF-RHF iter  14:  -266.40289855595677   -6.25278e-13   4.49338e-09 DIIS

  ==> Post-Iterations <==

    Orbital Energies [Eh]
    ---------------------

    Doubly Occupied:                                                      

       1A    -20.514526     2A    -20.362027     3A    -11.289570  
       4A    -11.249604     5A    -11.160275     6A     -1.443565  
       7A     -1.303474     8A     -1.008073     9A     -0.967894  
      10A     -0.808291    11A     -0.736305    12A     -0.673061  
      13A     -0.658602    14A     -0.615414    15A     -0.572085  
      16A     -0.563618    17A     -0.530200    18A     -0.516075  
      19A     -0.500818    20A     -0.392184    21A     -0.366202  

    Virtual:                                                              

      22A      0.227376    23A      0.249172    24A      0.297346  
      25A      0.310534    26A      0.320936    27A      0.323586  
      28A      0.341106    29A      0.355230    30A      0.360246  
      31A      0.437937    32A      0.458986    33A      0.561450  
      34A      0.901152    35A      0.917590    36A      0.923370  
      37A      0.957894    38A      1.000089    39A      1.014946  
      40A      1.061235    41A      1.125296    42A      1.173117  
      43A      1.208267    44A      1.266253    45A      1.290643  
      46A      1.313511    47A      1.339437    48A      1.363834  
      49A      1.375487    50A      1.432479    51A      1.773217  
      52A      1.903596    53A      1.958895    54A      2.008300  
      55A      2.047562    56A      2.100453    57A      2.139719  
      58A      2.248325    59A      2.426460    60A      3.332226  
      61A      3.752632  

    Final Occupation by Irrep:
              A 
    DOCC [    21 ]

  Energy converged.

  @DF-RHF Final Energy:  -266.40289855595677

   => Energetics <=

    Nuclear Repulsion Energy =            195.8433005498899888
    One-Electron Energy =                -752.0286723237572915
    Two-Electron Energy =                 289.7824732179104785
    Total Energy =                       -266.4028985559567673



Properties will be evaluated at   0.000000,   0.000000,   0.000000 [a0]

Properties computed using the SCF density matrix

  Nuclear Dipole Moment: [e a0]
     X:     3.7220      Y:     0.9428      Z:     1.6227

  Electronic Dipole Moment: [e a0]
     X:    -2.2792      Y:    -0.1963      Z:    -1.4977

  Dipole Moment: [e a0]
     X:     1.4428      Y:     0.7465      Z:     0.1250     Total:     1.6293

  Dipole Moment: [D]
     X:     3.6673      Y:     1.8973      Z:     0.3177     Total:     4.1412


*** tstop() called on localhost.localdomain at Thu Feb 28 10:22:15 2019
Module time:
	user time   =      61.13 seconds =       1.02 minutes
	system time =       4.34 seconds =       0.07 minutes
	total time  =          3 seconds =       0.05 minutes
Total time:
	user time   =   10804.21 seconds =     180.07 minutes
	system time =     712.48 seconds =      11.87 minutes
	total time  =        493 seconds =       8.22 minutes

*** tstart() called on localhost.localdomain
*** at Thu Feb 28 10:22:15 2019


  //>>>>>>>>>>>>>>>>>>>>>>>>>>>>>>>>>>>//
  //               DFMP2               //
  //<<<<<<<<<<<<<<<<<<<<<<<<<<<<<<<<<<<//

   => Loading Basis Set <=

    Name: (3-21G AUX)
    Role: RIFIT
    Keyword: DF_BASIS_MP2
    atoms 1, 6, 11            entry C          line   270 file /root/psi4conda/share/psi4/basis/def2-qzvpp-ri.gbs 
    atoms 2, 9                entry O          line   406 file /root/psi4conda/share/psi4/basis/def2-qzvpp-ri.gbs 
    atoms 3-5, 7-8, 10, 12-13 entry H          line    24 file /root/psi4conda/share/psi4/basis/def2-qzvpp-ri.gbs 

	 --------------------------------------------------------
	                          DF-MP2                         
	      2nd-Order Density-Fitted Moller-Plesset Theory     
	              RMP2 Wavefunction,  40 Threads             
	                                                         
	        Rob Parrish, Justin Turney, Andy Simmonett,      
	           Ed Hohenstein, and C. David Sherrill          
	 --------------------------------------------------------

   => Auxiliary Basis Set <=

  Basis Set: (3-21G AUX)
    Blend: DEF2-QZVPP-RI
    Number of shells: 293
    Number of basis function: 1153
    Number of Cartesian functions: 1523
    Spherical Harmonics?: true
    Max angular momentum: 5

	 --------------------------------------------------------
	                 NBF =    61, NAUX =  1153
	 --------------------------------------------------------
	   CLASS    FOCC     OCC    AOCC    AVIR     VIR    FVIR
	   PAIRS       5      21      16      40      40       0
	 --------------------------------------------------------

	-----------------------------------------------------------
	 ==================> DF-MP2 Energies <==================== 
	-----------------------------------------------------------
	 Reference Energy          =    -266.4028985559567673 [Eh]
	 Singles Energy            =      -0.0000000000000019 [Eh]
	 Same-Spin Energy          =      -0.1228607342465425 [Eh]
	 Opposite-Spin Energy      =      -0.4003897265192922 [Eh]
	 Correlation Energy        =      -0.5232504607658365 [Eh]
	 Total Energy              =    -266.9261490167226043 [Eh]
	-----------------------------------------------------------
	 ================> DF-SCS-MP2 Energies <================== 
	-----------------------------------------------------------
	 SCS Same-Spin Scale       =       0.3333333333333333 [-]
	 SCS Opposite-Spin Scale   =       1.2000000000000000 [-]
	 SCS Same-Spin Energy      =      -0.0409535780821808 [Eh]
	 SCS Opposite-Spin Energy  =      -0.4804676718231506 [Eh]
	 SCS Correlation Energy    =      -0.5214212499053333 [Eh]
	 SCS Total Energy          =    -266.9243198058621260 [Eh]
	-----------------------------------------------------------


*** tstop() called on localhost.localdomain at Thu Feb 28 10:22:16 2019
Module time:
	user time   =      34.31 seconds =       0.57 minutes
	system time =       1.91 seconds =       0.03 minutes
	total time  =          1 seconds =       0.02 minutes
Total time:
	user time   =   10838.56 seconds =     180.64 minutes
	system time =     714.39 seconds =      11.91 minutes
	total time  =        494 seconds =       8.23 minutes
