  Threads set to 40 by Python driver.

*** tstart() called on localhost.localdomain
*** at Thu Feb 28 10:23:43 2019

   => Loading Basis Set <=

    Name: 3-21G
    Role: ORBITAL
    Keyword: BASIS
    atoms 1, 6, 11            entry C          line    68 file /root/psi4conda/share/psi4/basis/3-21g.gbs 
    atoms 2, 9                entry O          line    90 file /root/psi4conda/share/psi4/basis/3-21g.gbs 
    atoms 3-5, 7-8, 10, 12-13 entry H          line    21 file /root/psi4conda/share/psi4/basis/3-21g.gbs 


         ---------------------------------------------------------
                                   SCF
            by Justin Turney, Rob Parrish, Andy Simmonett
                             and Daniel Smith
                              RHF Reference
                       40 Threads,    500 MiB Core
         ---------------------------------------------------------

  ==> Geometry <==

    Molecular point group: c1
    Full point group: C1

    Geometry (in Angstrom), charge = 0, multiplicity = 1:

       Center              X                  Y                   Z               Mass       
    ------------   -----------------  -----------------  -----------------  -----------------
         C           -0.016543502920    -0.696721784734     0.100450476393    12.000000000000
         O           -1.102988869198    -0.754885189918    -0.677905768485    15.994914619560
         H            0.713626759417    -0.717418289262     2.116311769896     1.007825032070
         H           -1.047367338797    -0.458994547192     1.947405188657     1.007825032070
         H            0.998849901214     2.457984571316    -1.088042411952     1.007825032070
         C            1.205196789707     1.414173196040    -0.823695732769    12.000000000000
         H            1.329980687037     0.827460849512    -1.740889690511     1.007825032070
         H            2.120873277363     1.372136570433    -0.237085107993     1.007825032070
         O            0.115417773730     0.927231528343    -0.051663912962    15.994914619560
         H           -0.995328499433     0.289834833476    -0.754588707586     1.007825032070
         C           -0.181225251924    -0.998982340919     1.562318640357    12.000000000000
         H           -0.353799798581    -2.071109696486     1.684104815691     1.007825032070
         H            0.911361937274    -1.083015203194    -0.339118612079     1.007825032070

  Running in c1 symmetry.

  Rotational constants: A =      0.27791  B =      0.11992  C =      0.09515 [cm^-1]
  Rotational constants: A =   8331.62727  B =   3595.02432  C =   2852.62413 [MHz]
  Nuclear repulsion =  195.868966253592959

  Charge       = 0
  Multiplicity = 1
  Electrons    = 42
  Nalpha       = 21
  Nbeta        = 21

  ==> Algorithm <==

  SCF Algorithm Type is DF.
  DIIS enabled.
  MOM disabled.
  Fractional occupation disabled.
  Guess Type is SAD.
  Energy threshold   = 1.00e-08
  Density threshold  = 1.00e-08
  Integral threshold = 0.00e+00

  ==> Primary Basis <==

  Basis Set: 3-21G
    Blend: 3-21G
    Number of shells: 41
    Number of basis function: 61
    Number of Cartesian functions: 61
    Spherical Harmonics?: false
    Max angular momentum: 1

   => Loading Basis Set <=

    Name: (3-21G AUX)
    Role: JKFIT
    Keyword: DF_BASIS_SCF
    atoms 1, 6, 11            entry C          line   203 file /root/psi4conda/share/psi4/basis/def2-svp-jkfit.gbs 
    atoms 2, 9                entry O          line   323 file /root/psi4conda/share/psi4/basis/def2-svp-jkfit.gbs 
    atoms 3-5, 7-8, 10, 12-13 entry H          line    23 file /root/psi4conda/share/psi4/basis/def2-svp-jkfit.gbs 

  ==> Pre-Iterations <==

   -------------------------------------------------------
    Irrep   Nso     Nmo     Nalpha   Nbeta   Ndocc  Nsocc
   -------------------------------------------------------
     A         61      61       0       0       0       0
   -------------------------------------------------------
    Total      61      61      21      21      21       0
   -------------------------------------------------------

  ==> Integral Setup <==

  ==> DiskDFJK: Density-Fitted J/K Matrices <==

    J tasked:                  Yes
    K tasked:                  Yes
    wK tasked:                  No
    OpenMP threads:             40
    Integrals threads:          40
    Memory (MB):               375
    Algorithm:                Core
    Integral Cache:           NONE
    Schwarz Cutoff:          1E-12
    Fitting Condition:       1E-12

   => Auxiliary Basis Set <=

  Basis Set: (3-21G AUX)
    Blend: DEF2-SVP-JKFIT
    Number of shells: 173
    Number of basis function: 613
    Number of Cartesian functions: 613
    Spherical Harmonics?: false
    Max angular momentum: 4

  Minimum eigenvalue in the overlap matrix is 1.3337128126E-02.
  Using Symmetric Orthogonalization.

  SCF Guess: Superposition of Atomic Densities via on-the-fly atomic UHF.

  ==> Iterations <==

                           Total Energy        Delta E     RMS |[F,P]|

   @DF-RHF iter   0:  -268.07506271933966   -2.68075e+02   2.77555e-01 
   @DF-RHF iter   1:  -266.25591083213180    1.81915e+00   3.30476e-02 
   @DF-RHF iter   2:  -266.39247803330795   -1.36567e-01   1.33524e-02 DIIS
   @DF-RHF iter   3:  -266.42286803616565   -3.03900e-02   3.39925e-03 DIIS
   @DF-RHF iter   4:  -266.42665982392259   -3.79179e-03   9.65034e-04 DIIS
   @DF-RHF iter   5:  -266.42695476765505   -2.94944e-04   3.23989e-04 DIIS
   @DF-RHF iter   6:  -266.42700508145157   -5.03138e-05   1.16071e-04 DIIS
   @DF-RHF iter   7:  -266.42701100089437   -5.91944e-06   2.95012e-05 DIIS
   @DF-RHF iter   8:  -266.42701131980897   -3.18915e-07   1.25284e-05 DIIS
   @DF-RHF iter   9:  -266.42701136702760   -4.72186e-08   5.42660e-06 DIIS
   @DF-RHF iter  10:  -266.42701137124072   -4.21312e-09   1.49292e-06 DIIS
   @DF-RHF iter  11:  -266.42701137179910   -5.58373e-10   2.43321e-07 DIIS
   @DF-RHF iter  12:  -266.42701137182854   -2.94449e-11   9.50048e-08 DIIS
   @DF-RHF iter  13:  -266.42701137183047   -1.93268e-12   2.06722e-08 DIIS
   @DF-RHF iter  14:  -266.42701137183064   -1.70530e-13   5.57316e-09 DIIS

  ==> Post-Iterations <==

    Orbital Energies [Eh]
    ---------------------

    Doubly Occupied:                                                      

       1A    -20.462930     2A    -20.431933     3A    -11.301239  
       4A    -11.226206     5A    -11.168262     6A     -1.426146  
       7A     -1.309001     8A     -1.023751     9A     -0.928069  
      10A     -0.824261    11A     -0.701725    12A     -0.671485  
      13A     -0.636336    14A     -0.610817    15A     -0.584173  
      16A     -0.563864    17A     -0.535023    18A     -0.524184  
      19A     -0.453556    20A     -0.429637    21A     -0.422340  

    Virtual:                                                              

      22A      0.235752    23A      0.261176    24A      0.298947  
      25A      0.318049    26A      0.332536    27A      0.337135  
      28A      0.344734    29A      0.358044    30A      0.367212  
      31A      0.444463    32A      0.454131    33A      0.525545  
      34A      0.905608    35A      0.925475    36A      0.942940  
      37A      0.965391    38A      0.967711    39A      1.006198  
      40A      1.032386    41A      1.125411    42A      1.171910  
      43A      1.214689    44A      1.268039    45A      1.301267  
      46A      1.312050    47A      1.338282    48A      1.360092  
      49A      1.368447    50A      1.425743    51A      1.767583  
      52A      1.920535    53A      1.951908    54A      1.986523  
      55A      2.046565    56A      2.090435    57A      2.154810  
      58A      2.304111    59A      2.444378    60A      3.311788  
      61A      3.739937  

    Final Occupation by Irrep:
              A 
    DOCC [    21 ]

  Energy converged.

  @DF-RHF Final Energy:  -266.42701137183064

   => Energetics <=

    Nuclear Repulsion Energy =            195.8689662535929585
    One-Electron Energy =                -752.1220782736938872
    Two-Electron Energy =                 289.8261006482703124
    Total Energy =                       -266.4270113718306447



Properties will be evaluated at   0.000000,   0.000000,   0.000000 [a0]

Properties computed using the SCF density matrix

  Nuclear Dipole Moment: [e a0]
     X:     3.4435      Y:     0.5791      Z:     1.4853

  Electronic Dipole Moment: [e a0]
     X:    -2.3781      Y:    -0.3770      Z:    -1.3745

  Dipole Moment: [e a0]
     X:     1.0654      Y:     0.2021      Z:     0.1108     Total:     1.0900

  Dipole Moment: [D]
     X:     2.7079      Y:     0.5137      Z:     0.2817     Total:     2.7706


*** tstop() called on localhost.localdomain at Thu Feb 28 10:23:46 2019
Module time:
	user time   =      60.74 seconds =       1.01 minutes
	system time =       3.88 seconds =       0.06 minutes
	total time  =          3 seconds =       0.05 minutes
Total time:
	user time   =   12810.14 seconds =     213.50 minutes
	system time =     844.65 seconds =      14.08 minutes
	total time  =        584 seconds =       9.73 minutes

*** tstart() called on localhost.localdomain
*** at Thu Feb 28 10:23:46 2019


  //>>>>>>>>>>>>>>>>>>>>>>>>>>>>>>>>>>>//
  //               DFMP2               //
  //<<<<<<<<<<<<<<<<<<<<<<<<<<<<<<<<<<<//

   => Loading Basis Set <=

    Name: (3-21G AUX)
    Role: RIFIT
    Keyword: DF_BASIS_MP2
    atoms 1, 6, 11            entry C          line   270 file /root/psi4conda/share/psi4/basis/def2-qzvpp-ri.gbs 
    atoms 2, 9                entry O          line   406 file /root/psi4conda/share/psi4/basis/def2-qzvpp-ri.gbs 
    atoms 3-5, 7-8, 10, 12-13 entry H          line    24 file /root/psi4conda/share/psi4/basis/def2-qzvpp-ri.gbs 

	 --------------------------------------------------------
	                          DF-MP2                         
	      2nd-Order Density-Fitted Moller-Plesset Theory     
	              RMP2 Wavefunction,  40 Threads             
	                                                         
	        Rob Parrish, Justin Turney, Andy Simmonett,      
	           Ed Hohenstein, and C. David Sherrill          
	 --------------------------------------------------------

   => Auxiliary Basis Set <=

  Basis Set: (3-21G AUX)
    Blend: DEF2-QZVPP-RI
    Number of shells: 293
    Number of basis function: 1153
    Number of Cartesian functions: 1523
    Spherical Harmonics?: true
    Max angular momentum: 5

	 --------------------------------------------------------
	                 NBF =    61, NAUX =  1153
	 --------------------------------------------------------
	   CLASS    FOCC     OCC    AOCC    AVIR     VIR    FVIR
	   PAIRS       5      21      16      40      40       0
	 --------------------------------------------------------

	-----------------------------------------------------------
	 ==================> DF-MP2 Energies <==================== 
	-----------------------------------------------------------
	 Reference Energy          =    -266.4270113718306447 [Eh]
	 Singles Energy            =      -0.0000000000000041 [Eh]
	 Same-Spin Energy          =      -0.1195467779898227 [Eh]
	 Opposite-Spin Energy      =      -0.3987515217659803 [Eh]
	 Correlation Energy        =      -0.5182982997558071 [Eh]
	 Total Energy              =    -266.9453096715864717 [Eh]
	-----------------------------------------------------------
	 ================> DF-SCS-MP2 Energies <================== 
	-----------------------------------------------------------
	 SCS Same-Spin Scale       =       0.3333333333333333 [-]
	 SCS Opposite-Spin Scale   =       1.2000000000000000 [-]
	 SCS Same-Spin Energy      =      -0.0398489259966076 [Eh]
	 SCS Opposite-Spin Energy  =      -0.4785018261191763 [Eh]
	 SCS Correlation Energy    =      -0.5183507521157880 [Eh]
	 SCS Total Energy          =    -266.9453621239464383 [Eh]
	-----------------------------------------------------------


*** tstop() called on localhost.localdomain at Thu Feb 28 10:23:47 2019
Module time:
	user time   =      34.48 seconds =       0.57 minutes
	system time =       2.12 seconds =       0.04 minutes
	total time  =          1 seconds =       0.02 minutes
Total time:
	user time   =   12844.65 seconds =     214.08 minutes
	system time =     846.78 seconds =      14.11 minutes
	total time  =        585 seconds =       9.75 minutes
